10-01 00:00:11.538  2305  2305 E ActivityThread: --> reReadBuildProperty, currentPackageName:com.android.bluetooth values:[PRODUCTIONDATE, BluetoothVersion, BluetoothProductClass, BluetoothManufacturer, WiFiVersion, WiFiProductClass, WiFiManufacturer]
10-01 00:00:11.539  2305  2305 E ActivityThread: --> reReadBuildProperty, android.os.Build.PRODUCTIONDATE=2023-12 ,old value:unknown
10-01 00:00:11.539  2305  2305 E ActivityThread: --> reReadBuildProperty, android.os.Build.BluetoothVersion=BT5.1 ,old value:unknown
10-01 00:00:11.539  2305  2305 E ActivityThread: --> reReadBuildProperty, android.os.Build.BluetoothProductClass=rtl8761bt ,old value:unknown
10-01 00:00:11.540  2305  2305 E ActivityThread: --> reReadBuildProperty, android.os.Build.BluetoothManufacturer=Realtek ,old value:unknown
10-01 00:00:11.540  2305  2305 E ActivityThread: --> reReadBuildProperty, android.os.Build.WiFiVersion=unknown ,old value:unknown
10-01 00:00:11.540  2305  2305 E ActivityThread: --> reReadBuildProperty, android.os.Build.WiFiProductClass=unknown ,old value:unknown
10-01 00:00:11.540  2305  2305 E ActivityThread: --> reReadBuildProperty, android.os.Build.WiFiManufacturer=unknown ,old value:unknown
10-01 00:00:11.541  2091  2152 E BatteryExternalStatsWorker: no controller energy info supplied for wifi
10-01 00:00:11.541  2091  2152 E BatteryExternalStatsWorker: no controller energy info supplied for telephony
10-01 00:00:11.602  2091  2091 D SystemServerTiming: MakeNetworkManagementServiceReady took to complete: 103ms
10-01 00:00:11.602  2091  2091 I SystemServer: MakeIpSecServiceReady
10-01 00:00:11.605  2091  2091 D IpSecService: IpSecService is ready
10-01 00:00:11.605  2091  2091 D SystemServerTiming: MakeIpSecServiceReady took to complete: 3ms
10-01 00:00:11.605  2091  2091 I SystemServer: MakeNetworkStatsServiceReady
10-01 00:00:11.606  2091  2241 W NetworkPolicy: setRestrictBackgroundUL: already false
10-01 00:00:11.608  2091  2144 W ActivityManager: Slow operation: 95ms so far, now at startProcess: returned from zygote!
10-01 00:00:11.608  2091  2144 W ActivityManager: Slow operation: 96ms so far, now at startProcess: done updating battery stats
10-01 00:00:11.608  2091  2144 W ActivityManager: Slow operation: 96ms so far, now at startProcess: building log message
10-01 00:00:11.608  2091  2144 I ActivityManager: Start proc 2355:WebViewLoader-armeabi-v7a/1037 [android.webkit.WebViewLibraryLoader$RelroFileCreator] for
10-01 00:00:11.608  2091  2144 W ActivityManager: Slow operation: 96ms so far, now at startProcess: starting to update pids map
10-01 00:00:11.608  2091  2144 W ActivityManager: Slow operation: 96ms so far, now at startProcess: done updating pids map
10-01 00:00:11.659  2091  2138 W BroadcastQueue: Permission Denial: broadcasting Intent { act=android.net.conn.CONNECTIVITY_CHANGE flg=0x45200010 (has extras) } from null (pid=-1, uid=-1) requires android.permission.CONNECTIVITY_INTERNAL due to registered receiver BroadcastFilter{1c65249 u0 ReceiverList{2002050 2091 system/1000/u0 local:dfdd613}}
10-01 00:00:11.668  2321  2321 E ActivityThread: --> reReadBuildProperty, currentPackageName:net.sunniwell.inputmethod.swpinyin2 values:[PRODUCTIONDATE, BluetoothVersion, BluetoothProductClass, BluetoothManufacturer, WiFiVersion, WiFiProductClass, WiFiManufacturer]
10-01 00:00:11.669  2321  2321 E ActivityThread: --> reReadBuildProperty, android.os.Build.PRODUCTIONDATE=2023-12 ,old value:unknown
10-01 00:00:11.669  2321  2321 E ActivityThread: --> reReadBuildProperty, android.os.Build.BluetoothVersion=BT5.1 ,old value:unknown
10-01 00:00:11.670  2321  2321 E ActivityThread: --> reReadBuildProperty, android.os.Build.BluetoothProductClass=rtl8761bt ,old value:unknown
10-01 00:00:11.670  2321  2321 E ActivityThread: --> reReadBuildProperty, android.os.Build.BluetoothManufacturer=Realtek ,old value:unknown
10-01 00:00:11.678  2321  2321 E ActivityThread: --> reReadBuildProperty, android.os.Build.WiFiVersion=unknown ,old value:unknown
10-01 00:00:11.678  2321  2321 E ActivityThread: --> reReadBuildProperty, android.os.Build.WiFiProductClass=unknown ,old value:unknown
10-01 00:00:11.679  2321  2321 E ActivityThread: --> reReadBuildProperty, android.os.Build.WiFiManufacturer=unknown ,old value:unknown
10-01 00:00:11.704  2334  2334 E ActivityThread: --> reReadBuildProperty, currentPackageName:com.android.systemui values:[PRODUCTIONDATE, BluetoothVersion, BluetoothProductClass, BluetoothManufacturer, WiFiVersion, WiFiProductClass, WiFiManufacturer]
10-01 00:00:11.707  2091  2091 D SystemServerTiming: MakeNetworkStatsServiceReady took to complete: 102ms
10-01 00:00:11.707  2091  2091 I SystemServer: MakeConnectivityServiceReady
10-01 00:00:11.715  2334  2334 E ActivityThread: --> reReadBuildProperty, android.os.Build.PRODUCTIONDATE=2023-12 ,old value:unknown
10-01 00:00:11.717  2334  2334 E ActivityThread: --> reReadBuildProperty, android.os.Build.BluetoothVersion=BT5.1 ,old value:unknown
10-01 00:00:11.717  2334  2334 E ActivityThread: --> reReadBuildProperty, android.os.Build.BluetoothProductClass=rtl8761bt ,old value:unknown
10-01 00:00:11.717  2334  2334 E ActivityThread: --> reReadBuildProperty, android.os.Build.BluetoothManufacturer=Realtek ,old value:unknown
10-01 00:00:11.717  2334  2334 E ActivityThread: --> reReadBuildProperty, android.os.Build.WiFiVersion=unknown ,old value:unknown
10-01 00:00:11.717  2334  2334 E ActivityThread: --> reReadBuildProperty, android.os.Build.WiFiProductClass=unknown ,old value:unknown
10-01 00:00:11.718  2334  2334 E ActivityThread: --> reReadBuildProperty, android.os.Build.WiFiManufacturer=unknown ,old value:unknown
10-01 00:00:11.763  2091  2091 D SystemServerTiming: MakeConnectivityServiceReady took to complete: 55ms
10-01 00:00:11.763  2091  2091 I SystemServer: MakeNetworkPolicyServiceReady
10-01 00:00:11.763  2091  2091 D SystemServerTiming: MakeNetworkPolicyServiceReady took to complete: 0ms
10-01 00:00:11.763  2091  2091 I SystemServer: StartWatchdog
10-01 00:00:11.764  2091  2091 D SystemServerTiming: StartWatchdog took to complete: 0ms
10-01 00:00:11.764  2091  2091 I SystemServer: PhaseThirdPartyAppsCanStart
10-01 00:00:11.764  2091  2091 I SystemServiceManager: Starting phase 600
10-01 00:00:11.765  2091  2091 D DisplayManagerService: PHASE_WAIT_FOR_DEFAULT_DISPLAY return
10-01 00:00:11.781  2091  2240 E ActivityManager: Failure starting process com.ain.ipc.hall
10-01 00:00:11.781  2091  2240 E ActivityManager: java.lang.SecurityException: Package com.ain.ipc.hall is not encryption aware!
10-01 00:00:11.781  2091  2240 E ActivityManager: 	at com.android.server.pm.PackageManagerService.checkPackageStartable(PackageManagerService.java:4168)
10-01 00:00:11.781  2091  2240 E ActivityManager: 	at com.android.server.am.ActivityManagerService.startProcessLocked(ActivityManagerService.java:4495)
10-01 00:00:11.781  2091  2240 E ActivityManager: 	at com.android.server.am.ActivityManagerService.startProcessLocked(ActivityManagerService.java:4458)
10-01 00:00:11.781  2091  2240 E ActivityManager: 	at com.android.server.am.ActivityManagerService.startProcessLocked(ActivityManagerService.java:4333)
10-01 00:00:11.781  2091  2240 E ActivityManager: 	at com.android.server.am.ActivityManagerService.startProcessLocked(ActivityManagerService.java:4208)
10-01 00:00:11.781  2091  2240 E ActivityManager: 	at com.android.server.am.BroadcastQueue.processNextBroadcastLocked(BroadcastQueue.java:1455)
10-01 00:00:11.781  2091  2240 E ActivityManager: 	at com.android.server.am.ActivityManagerService.finishReceiver(ActivityManagerService.java:23445)
10-01 00:00:11.781  2091  2240 E ActivityManager: 	at android.content.BroadcastReceiver$PendingResult.sendFinished(BroadcastReceiver.java:257)
10-01 00:00:11.781  2091  2240 E ActivityManager: 	at android.content.BroadcastReceiver$PendingResult.finish(BroadcastReceiver.java:233)
10-01 00:00:11.781  2091  2240 E ActivityManager: 	at android.app.LoadedApk$ReceiverDispatcher$Args.lambda$getRunnable$0(LoadedApk.java:1408)
10-01 00:00:11.781  2091  2240 E ActivityManager: 	at android.app.-$$Lambda$LoadedApk$ReceiverDispatcher$Args$_BumDX2UKsnxLVrE6UJsJZkotuA.run(Unknown Source:2)
10-01 00:00:11.781  2091  2240 E ActivityManager: 	at android.os.Handler.handleCallback(Handler.java:891)
10-01 00:00:11.781  2091  2240 E ActivityManager: 	at android.os.Handler.dispatchMessage(Handler.java:99)
10-01 00:00:11.781  2091  2240 E ActivityManager: 	at android.os.Looper.loop(Looper.java:193)
10-01 00:00:11.781  2091  2240 E ActivityManager: 	at android.os.HandlerThread.run(HandlerThread.java:65)
10-01 00:00:11.781  2091  2240 I ActivityManager: Force stopping com.ain.ipc.hall appid=10017 user=0: start failure
10-01 00:00:11.785  2091  2240 W BroadcastQueue: Unable to launch app com.ain.ipc.hall/10017 for broadcast Intent { act=android.net.conn.CONNECTIVITY_CHANGE flg=0x1000010 (has extras) }: process is bad
10-01 00:00:11.785  2091  2240 I ActivityManager: Exiting empty application process 0:com.ain.ipc.hall/u0a17 (null)
10-01 00:00:11.789  2091  2138 W ActivityManager: startProcessLocked processName:com.android.chinamobile.migu.ott.ad with  pid:0
10-01 00:00:11.811  2091  2091 V WallpaperManagerService: bindWallpaperComponentLocked: componentName=ComponentInfo{com.android.systemui/com.android.systemui.ImageWallpaper}
10-01 00:00:11.831  2091  2107 W UserManagerService: isUserUnlocked: state = 0
10-01 00:00:11.858  2091  2144 W ActivityManager: Slow operation: 70ms so far, now at startProcess: returned from zygote!
10-01 00:00:11.858  2091  2144 W ActivityManager: Slow operation: 70ms so far, now at startProcess: done updating battery stats
10-01 00:00:11.858  2091  2144 W ActivityManager: Slow operation: 70ms so far, now at startProcess: building log message
10-01 00:00:11.858  2091  2144 I ActivityManager: Start proc 2413:com.android.chinamobile.migu.ott.ad/u0a15 for broadcast com.android.chinamobile.migu.ott.ad/.NetChangedReceiver
10-01 00:00:11.858  2091  2144 W ActivityManager: Slow operation: 71ms so far, now at startProcess: starting to update pids map
10-01 00:00:11.858  2091  2144 W ActivityManager: Slow operation: 71ms so far, now at startProcess: done updating pids map
10-01 00:00:11.913  2091  2091 I StatsCompanionService: Told statsd that StatsCompanionService is alive.
10-01 00:00:11.913  2091  2091 D SystemServerTiming: PhaseThirdPartyAppsCanStart took to complete: 150ms
10-01 00:00:11.913  2091  2091 I SystemServer: MakeLocationServiceReady
10-01 00:00:11.915  1794  1794 E android.hardware.wifi@1.0-service: Failed to load WiFi driver
10-01 00:00:11.915  1794  1794 E android.hardware.wifi@1.0-service: Failed to initialize firmware mode controller
10-01 00:00:11.915  1794  1794 E android.hardware.wifi@1.0-service: Wifi HAL start failed
10-01 00:00:11.924  2091  2152 E BatteryExternalStatsWorker: no controller energy info supplied for wifi
10-01 00:00:11.941  2091  2152 E BatteryExternalStatsWorker: no controller energy info supplied for wifi
10-01 00:00:11.951  2091  2091 W SystemServer: ***********************************************
10-01 00:00:11.952  2091  2091 E SystemServer: BOOT FAILURE Notifying Location Service running
10-01 00:00:11.952  2091  2091 E SystemServer: java.lang.IllegalStateException: Unable to find a fused location provider that is in the system partition with version 0 and signed with the platform certificate. Such a package is needed to provide a default fused location provider in the event that no other fused location provider has been installed or is currently available. For example, coreOnly boot mode when decrypting the data partition. The fallback must also be marked coreApp="true" in the manifest
10-01 00:00:11.952  2091  2091 E SystemServer: 	at com.android.server.LocationManagerService.ensureFallbackFusedProviderPresentLocked(LocationManagerService.java:582)
10-01 00:00:11.952  2091  2091 E SystemServer: 	at com.android.server.LocationManagerService.loadProvidersLocked(LocationManagerService.java:634)
10-01 00:00:11.952  2091  2091 E SystemServer: 	at com.android.server.LocationManagerService.systemRunning(LocationManagerService.java:346)
10-01 00:00:11.952  2091  2091 E SystemServer: 	at com.android.server.SystemServer.lambda$startOtherServices$7(SystemServer.java:2068)
10-01 00:00:11.952  2091  2091 E SystemServer: 	at com.android.server.-$$Lambda$SystemServer$9FgEbz6GjOK6vJh0tvZERV5FWwY.run(Unknown Source:53)
10-01 00:00:11.952  2091  2091 E SystemServer: 	at com.android.server.am.ActivityManagerService.systemReady(ActivityManagerService.java:16398)
10-01 00:00:11.952  2091  2091 E SystemServer: 	at com.android.server.SystemServer.startOtherServices(SystemServer.java:1948)
10-01 00:00:11.952  2091  2091 E SystemServer: 	at com.android.server.SystemServer.run(SystemServer.java:469)
10-01 00:00:11.952  2091  2091 E SystemServer: 	at com.android.server.SystemServer.main(SystemServer.java:312)
10-01 00:00:11.952  2091  2091 E SystemServer: 	at java.lang.reflect.Method.invoke(Native Method)
10-01 00:00:11.952  2091  2091 E SystemServer: 	at com.android.internal.os.RuntimeInit$MethodAndArgsCaller.run(RuntimeInit.java:493)
10-01 00:00:11.952  2091  2091 E SystemServer: 	at com.android.internal.os.ZygoteInit.main(ZygoteInit.java:1174)
10-01 00:00:11.953  2091  2091 D SystemServerTiming: MakeLocationServiceReady took to complete: 40ms
10-01 00:00:11.953  2091  2091 I SystemServer: MakeCountryDetectionServiceReady
10-01 00:00:11.953  2091  2091 D SystemServerTiming: MakeCountryDetectionServiceReady took to complete: 0ms
10-01 00:00:11.954  2091  2091 I SystemServer: MakeNetworkTimeUpdateReady
10-01 00:00:11.960  2091  2091 D SystemServerTiming: MakeNetworkTimeUpdateReady took to complete: 6ms
10-01 00:00:11.960  2091  2091 I SystemServer: MakeCommonTimeManagementServiceReady
10-01 00:00:11.960  2091  2091 D SystemServerTiming: MakeCommonTimeManagementServiceReady took to complete: 1ms
10-01 00:00:11.960  2091  2091 I SystemServer: MakeInputManagerServiceReady
10-01 00:00:11.962  2091  2091 D SystemServerTiming: MakeInputManagerServiceReady took to complete: 2ms
10-01 00:00:11.962  2091  2091 I SystemServer: MakeTelephonyRegistryReady
10-01 00:00:11.963  2091  2091 D SystemServerTiming: MakeTelephonyRegistryReady took to complete: 0ms
10-01 00:00:11.963  2091  2091 I SystemServer: MakeMediaRouterServiceReady
10-01 00:00:11.964  2091  2091 D SystemServerTiming: MakeMediaRouterServiceReady took to complete: 0ms
10-01 00:00:11.964  2091  2091 I SystemServer: MakeMmsServiceReady
10-01 00:00:11.964  2091  2091 I MmsServiceBroker: Delay connecting to MmsService until an API is called
10-01 00:00:11.964  2091  2091 D SystemServerTiming: MakeMmsServiceReady took to complete: 0ms
10-01 00:00:11.964  2091  2091 I SystemServer: IncidentDaemonReady
10-01 00:00:11.966  2091  2091 D SystemServerTiming: IncidentDaemonReady took to complete: 1ms
10-01 00:00:11.966  2091  2091 D SystemServerTiming: PhaseActivityManagerReady took to complete: 600ms
10-01 00:00:11.966  2091  2091 D SystemServer: Making services ok
10-01 00:00:11.966  2091  2091 I SystemServiceManager: Calling onStartUser u0
10-01 00:00:11.972  2091  2091 W VoiceInteractionManagerService: no available voice interaction services found for user 0
10-01 00:00:11.972  2091  2091 W VoiceInteractionManagerService: no available voice recognition services found for user 0
10-01 00:00:11.974  2413  2413 E ActivityThread: --> reReadBuildProperty, currentPackageName:com.android.chinamobile.migu.ott.ad values:[PRODUCTIONDATE, BluetoothVersion, BluetoothProductClass, BluetoothManufacturer, WiFiVersion, WiFiProductClass, WiFiManufacturer]
10-01 00:00:11.974  2413  2413 E ActivityThread: --> reReadBuildProperty, android.os.Build.PRODUCTIONDATE=2023-12 ,old value:unknown
10-01 00:00:11.974  2091  2091 I ActivityManager: before startAdComponents===========
10-01 00:00:11.974  2413  2413 E ActivityThread: --> reReadBuildProperty, android.os.Build.BluetoothVersion=BT5.1 ,old value:unknown
10-01 00:00:11.974  2413  2413 E ActivityThread: --> reReadBuildProperty, android.os.Build.BluetoothProductClass=rtl8761bt ,old value:unknown
10-01 00:00:11.975  2413  2413 E ActivityThread: --> reReadBuildProperty, android.os.Build.BluetoothManufacturer=Realtek ,old value:unknown
10-01 00:00:11.975  2413  2413 E ActivityThread: --> reReadBuildProperty, android.os.Build.WiFiVersion=unknown ,old value:unknown
10-01 00:00:11.975  2413  2413 E ActivityThread: --> reReadBuildProperty, android.os.Build.WiFiProductClass=unknown ,old value:unknown
10-01 00:00:11.975  2413  2413 E ActivityThread: --> reReadBuildProperty, android.os.Build.WiFiManufacturer=unknown ,old value:unknown
10-01 00:00:11.976  2091  2091 I ActivityManager: enableRealAd ======== 0
10-01 00:00:11.976  2091  2091 I ActivityManager: startHomeActivityLocked,reason: systemReady
10-01 00:00:11.976  2091  2091 I ActivityManager: startHomeActivityLocked,startNativeLauncher postDelayed 600ms reason: systemReady
10-01 00:00:11.977  2091  2091 D ActivityManager: Finishing user boot 0
10-01 00:00:11.977  2091  2091 I ActivityManager: User 0 state changed from BOOTING to RUNNING_LOCKED
10-01 00:00:11.981  2091  2091 D ActivityManager: Started unlocking user 0
10-01 00:00:11.981  2091  2091 D ActivityManager: Unlocking user 0 progress 0
10-01 00:00:11.981  2091  2091 D ActivityManager: Unlocking user 0 progress 5
10-01 00:00:11.982  2091  2163 D ActivityManager: userManager disable onBeforeUnlockUser.
10-01 00:00:11.982  2091  2163 I ActivityManager: User 0 state changed from RUNNING_LOCKED to RUNNING_UNLOCKING
10-01 00:00:11.982  2091  2163 D ActivityManager: Unlocking user 0 progress 20
10-01 00:00:11.983  2091  2091 I ActivityManager: startHomeActivityLocked,reason: noMoreActivities resumeHomeStackTask
10-01 00:00:11.983  2091  2091 I ActivityManager: startHomeActivityLocked,startNativeLauncher postDelayed 600ms reason: noMoreActivities resumeHomeStackTask
10-01 00:00:11.985  2091  2091 D SystemServerTiming: ActivityManagerStartApps took to complete: 18ms
10-01 00:00:11.985  2091  2091 D SystemServerTiming: startOtherServices took to complete: 1932ms
10-01 00:00:11.988  2091  2091 D SystemServerTiming: StartServices took to complete: 3702ms
10-01 00:00:11.990  2091  2136 W UserManagerService: isUserUnlocked: state = 2
10-01 00:00:11.992  2091  2138 D ActivityManager: handleMessage receive SYSTEM_USER_UNLOCK_MSG.
10-01 00:00:11.993  2091  2138 I ActivityManager: disable unlockUser & loadUserRecents
10-01 00:00:11.994  2091  2091 D SystemServerInitThreadPool: Shutdown successful
10-01 00:00:11.994  2091  2091 W SystemServerTiming: traceEnd called more times than traceBegin
10-01 00:00:11.996  2091  2367 I ActivityManager: Process WebViewLoader-armeabi-v7a (pid 2355) has died: psvc PER
10-01 00:00:11.996  2091  2138 I ActivityManager: User 0 state changed from RUNNING_UNLOCKING to RUNNING_UNLOCKED
10-01 00:00:11.996  2091  2138 D SystemServerTiming: SystemUserUnlock took to complete: 15ms
10-01 00:00:12.142  2091  2163 D NetworkManagementService: NetdResponseCode.InterfaceAddressChange
10-01 00:00:12.143  2091  2163 D NetworkManagementService: InterfaceAddressChange iface =eth0 flags=128 scope=253 address=fe80::26d9:4ff:fe8a:ad26/64
10-01 00:00:12.143  2091  2163 D NetworkManagementService: InterfaceAddressChange before notifyAddressUpdated iface=eth0 address=fe80::26d9:4ff:fe8a:ad26/64
10-01 00:00:12.158  2091  2138 W ActivityManager: startProcessLocked processName:net.sunniwell.service.platform with  pid:0
10-01 00:00:12.159  2091  2138 W ActivityManager: startProcessLocked processName:net.sunniwell.app.api with  pid:0
10-01 00:00:12.160  2091  2138 W ActivityManager: startProcessLocked processName:net.sunniwell.service.mediamonitor with  pid:0
07-13 09:30:44.270  2091  2138 W ActivityManager: startProcessLocked processName:net.sunniwell.service.stb.producttest with  pid:0
07-13 09:30:44.271  2091  2138 W ActivityManager: startProcessLocked processName:net.sunniwell.service.status with  pid:0
07-13 09:30:44.273  2091  2138 W ActivityManager: startProcessLocked processName:com.iflytek.xiri2.system with  pid:0
07-13 09:30:44.274  2091  2138 W ActivityManager: startProcessLocked processName:com.goke.android.gkRMService with  pid:0
07-13 09:30:44.277  2091  2138 W ActivityManager: startProcessLocked processName:com.goke.dlna.dmr with  pid:0
07-13 09:30:44.278  2091  2138 W ActivityManager: startProcessLocked processName:net.sunniwell.app.power with  pid:0
07-13 09:30:44.279  2091  2138 W ActivityManager: startProcessLocked processName:com.cmdc.service.burntest with  pid:0
07-13 09:30:44.280  2091  2138 W ActivityManager: startProcessLocked processName:com.cmcc.mid.softdetector with  pid:0
07-13 09:30:44.281  2091  2138 W ActivityManager: startProcessLocked processName:com.huawei.stb.tm1 with  pid:0
07-13 09:30:44.285  2091  2367 W ActivityManager: startProcessLocked processName:com.android.chinamobile.migu.ott.ad.update with  pid:0
07-13 09:30:44.286  2091  2463 D AppOps  : checkOperation =:70,uid==:10015pkg==:com.android.chinamobile.migu.ott.ad
07-13 09:30:44.286  2091  2463 D AppOps  : checkOperation =:76,uid==:10015pkg==:com.android.chinamobile.migu.ott.ad
07-13 09:30:44.291  2091  2091 W Looper  : Slow delivery took 1925ms main h=android.os.Handler c=com.android.server.-$$Lambda$BatteryService$2x73lvpB0jctMSVP4qb9sHAqRPw@5be3513 m=0
07-13 09:30:44.292  2091  2091 W Looper  : Slow dispatch took 185ms main h=android.os.Handler c=com.android.server.-$$Lambda$BatteryService$2x73lvpB0jctMSVP4qb9sHAqRPw@5be3513 m=0
07-13 09:30:44.292  2091  2138 I ActivityManager: Sending BOOT_COMPLETE user #0
07-13 09:30:44.297  2091  2141 W Looper  : Slow dispatch took 192ms android.ui h=com.android.server.am.ActivityManagerService$UiHandler c=null m=53
07-13 09:30:44.297  2091  2091 D ConditionProviders.SCP: onConnected
07-13 09:30:44.298  2091  2091 D ZenLog  : set_zen_mode: off,readXml
07-13 09:30:44.299  2091  2091 D ConditionProviders: Subscribing to condition://android/event?userId=-10000&calendar=&reply=1 with ComponentInfo{android/com.android.server.notification.EventConditionProvider}
07-13 09:30:44.300  2091  2091 D ZenLog  : subscribe: condition://android/event?userId=-10000&calendar=&reply=1,ok
07-13 09:30:44.300  2091  2091 D ConditionProviders: Subscribing to condition://android/schedule?days=1.2.3.4.5.6.7&start=22.0&end=7.0&exitAtAlarm=true with ComponentInfo{android/com.android.server.notification.ScheduleConditionProvider}
07-13 09:30:44.300  2091  2091 D ZenLog  : subscribe: condition://android/schedule?days=1.2.3.4.5.6.7&start=22.0&end=7.0&exitAtAlarm=true,ok
07-13 09:30:44.301  2091  2138 I SystemServiceManager: Calling onUnlockUser u0
07-13 09:30:44.302  2091  2138 D BluetoothManagerService: User 0 unlocked
07-13 09:30:44.302  2091  2138 D StorageManagerService: onUnlockUser 0
07-13 09:30:44.302  2091  2164 D BluetoothManagerService: MESSAGE_USER_UNLOCKED
07-13 09:30:44.303  1810  1810 D vold    : Linking /storage/emulated/0 to /mnt/user/0/primary
07-13 09:30:44.305  2091  2236 D StorageManagerService: Volume emulated broadcasting mounted to UserHandle{0}
07-13 09:30:44.306  2091  2138 W TextServicesManagerService: no available spell checker services found
07-13 09:30:44.307  2091  2236 D ActivityManager: collectReceiverComponents; currently uptime 12891
07-13 09:30:44.309  2091  2138 W VoiceInteractionManagerService: no available voice interaction services found for user 0
07-13 09:30:44.309  2091  2138 W VoiceInteractionManagerService: no available voice recognition services found for user 0
07-13 09:30:44.315  2091  2476 V BackupManagerService: Starting with transport android/com.android.internal.backup.LocalTransport
07-13 09:30:44.316  2091  2138 D AppOps  : checkOperation =:28,uid==:1000pkg==:null
07-13 09:30:44.317  2091  2138 I chatty  : uid=1000(system) ActivityManager identical 2 lines
07-13 09:30:44.318  2091  2138 D AppOps  : checkOperation =:28,uid==:1000pkg==:null
07-13 09:30:44.318  2091  2163 I AppWidgetServiceImpl: Async processing of onUserUnlocked u0 took 8 ms
07-13 09:30:44.318  2091  2138 D AppOps  : checkOperation =:28,uid==:1000pkg==:null
07-13 09:30:44.322  2091  2138 I chatty  : uid=1000(system) ActivityManager identical 10 lines
07-13 09:30:44.322  2091  2138 D AppOps  : checkOperation =:28,uid==:1000pkg==:null
07-13 09:30:44.324  2091  2463 D AppOps  : checkOperation =:76,uid==:10015pkg==:com.android.chinamobile.migu.ott.ad
07-13 09:30:44.324  2091  2463 D AppOps  : checkOperation =:70,uid==:10015pkg==:com.android.chinamobile.migu.ott.ad
07-13 09:30:44.332  2091  2091 V SettingsProvider: Notifying for 0: content://settings/global/hidden_api_policy_pre_p_apps
07-13 09:30:44.333  2091  2091 V SettingsProvider: Notifying for 0: content://settings/global/hidden_api_policy_p_apps
07-13 09:30:44.334  2091  2091 D ZenLog  : set_zen_mode: off,cleanUpZenRules
07-13 09:30:44.345  2091  2138 D AppOps  : checkOperation =:28,uid==:1000pkg==:null
07-13 09:30:44.347  2091  2091 D ConnectivityService: networkId null, isConnected true, isAvailable true
07-13 09:30:44.347  2091  2138 D AppOps  : checkOperation =:28,uid==:1000pkg==:null
07-13 09:30:44.351  2091  2138 I chatty  : uid=1000(system) ActivityManager identical 6 lines
07-13 09:30:44.352  2091  2138 D AppOps  : checkOperation =:28,uid==:1000pkg==:null
07-13 09:30:44.352  2091  2091 V SettingsProvider: Notifying for 0: content://settings/secure/location_providers_allowed
07-13 09:30:44.353  2091  2091 V SettingsProvider: Notifying for 0: content://settings/global/location_global_kill_switch
07-13 09:30:44.354  2091  2091 D ConnectivityService: networkId null, isConnected true, isAvailable true
07-13 09:30:44.356  2091  2091 I SyncManager: Loaded persisted syncs: 0 periodic syncs, 0 oneshot syncs, 7 total system server jobs, JobStats: FirstLoad: 0/0/0 LastSave: -1/-1/-1
07-13 09:30:44.358  2091  2091 W ContextImpl: Calling a method in the system process without a qualified user: android.app.ContextImpl.startService:1534 com.android.server.content.SyncManager$14.run:756 android.os.Handler.handleCallback:891 android.os.Handler.dispatchMessage:99 android.os.Looper.loop:193
07-13 09:30:44.364  2091  2144 W ActivityManager: Slow operation: 98ms so far, now at startProcess: returned from zygote!
07-13 09:30:44.368  2091  2138 D AppOps  : checkOperation =:28,uid==:1000pkg==:null
07-13 09:30:44.369  2091  2138 I chatty  : uid=1000(system) ActivityManager identical 3 lines
07-13 09:30:44.369  2091  2138 D AppOps  : checkOperation =:28,uid==:1000pkg==:null
07-13 09:30:44.369  2091  2144 W ActivityManager: Slow operation: 104ms so far, now at startProcess: done updating battery stats
07-13 09:30:44.370  2091  2138 D AppOps  : checkOperation =:28,uid==:1000pkg==:null
07-13 09:30:44.370  2091  2144 W ActivityManager: Slow operation: 104ms so far, now at startProcess: building log message
07-13 09:30:44.370  2091  2144 I ActivityManager: Start proc 2487:net.sunniwell.service.platform/1000 for added application net.sunniwell.service.platform
07-13 09:30:44.370  2091  2144 W ActivityManager: Slow operation: 104ms so far, now at startProcess: starting to update pids map
07-13 09:30:44.370  2091  2144 W ActivityManager: Slow operation: 104ms so far, now at startProcess: done updating pids map
07-13 09:30:44.370  2091  2144 W ActivityManager: Slow operation: 104ms so far, now at startProcess: asking zygote to start proc
07-13 09:30:44.375  2091  2138 D AppOps  : checkOperation =:28,uid==:1000pkg==:null
07-13 09:30:44.378  2091  2091 D ConnectivityService: networkId null, isConnected true, isAvailable true
07-13 09:30:44.378  2091  2091 D ConnectivityService: networkId null, isConnected true, isAvailable true
07-13 09:30:44.389  2091  2136 W UserManagerService: isUserUnlocked: state = 3
07-13 09:30:44.395  2091  2091 V SettingsProvider: Notifying for 0: content://settings/global/boot_count
07-13 09:30:44.398  2091  2263 E WifiP2pService: Unexpected disable request when WifiChannel is null
07-13 09:30:44.400  2091  2263 E WifiP2pService: Unexpected disable request when WifiChannel is null
07-13 09:30:44.401  2091  2091 V WiredAccessoryManager: init()
07-13 09:30:44.405  2091  2091 V WiredAccessoryManager: newName=hdmi newState=16 headsetState=16 prev headsetState=0
07-13 09:30:44.406  2091  2091 V DisplayService: handleMessage com.android.server.hdmi.HdmiControlService$LocalHdmiService@e21af62
07-13 09:30:44.409  2091  2144 W ActivityManager: Slow operation: 142ms so far, now at startProcess: returned from zygote!
07-13 09:30:44.410  2091  2144 W ActivityManager: Slow operation: 144ms so far, now at startProcess: done updating battery stats
07-13 09:30:44.410  2091  2144 W ActivityManager: Slow operation: 144ms so far, now at startProcess: building log message
07-13 09:30:44.410  2091  2144 I ActivityManager: Start proc 2508:net.sunniwell.app.api/1000 for added application net.sunniwell.app.api
07-13 09:30:44.410  2091  2144 W ActivityManager: Slow operation: 144ms so far, now at startProcess: starting to update pids map
07-13 09:30:44.410  2091  2144 W ActivityManager: Slow operation: 144ms so far, now at startProcess: done updating pids map
07-13 09:30:44.411  2091  2144 W ActivityManager: Slow operation: 143ms so far, now at startProcess: asking zygote to start proc
07-13 09:30:44.427  2091  2476 E BackupPasswordManager: Unable to read backup pw version
07-13 09:30:44.430  2091  2476 E BackupPasswordManager: Unable to read saved backup pw hash
07-13 09:30:44.458  2091  2136 I UsageStatsService: Time changed in UsageStats by 182424632 seconds
07-13 09:30:44.458  2091  2136 I UsageStatsService: User[0] Flushing usage stats to disk
07-13 09:30:44.461  2091  2476 V BackupManagerService: No ancestral data
07-13 09:30:44.464  2091  2091 V NotificationAssistants: enabling notification assistant for 0: ComponentInfo{android.ext.services/android.ext.services.notification.Assistant}
07-13 09:30:44.465  2091  2091 V NotificationAssistants: binding: Intent { act=android.service.notification.NotificationAssistantService cmp=android.ext.services/.notification.Assistant (has extras) }
07-13 09:30:44.467  2091  2091 W ActivityManager: startProcessLocked processName:android.ext.services with  pid:0
07-13 09:30:44.482  2091  2144 W ActivityManager: Slow operation: 214ms so far, now at startProcess: returned from zygote!
07-13 09:30:44.482  2091  2144 W ActivityManager: Slow operation: 215ms so far, now at startProcess: done updating battery stats
07-13 09:30:44.482  2091  2144 W ActivityManager: Slow operation: 215ms so far, now at startProcess: building log message
07-13 09:30:44.482  2091  2144 I ActivityManager: Start proc 2527:net.sunniwell.service.mediamonitor/1000 for added application net.sunniwell.service.mediamonitor
07-13 09:30:44.482  2091  2144 W ActivityManager: Slow operation: 215ms so far, now at startProcess: starting to update pids map
07-13 09:30:44.482  2091  2144 W ActivityManager: Slow operation: 215ms so far, now at startProcess: done updating pids map
07-13 09:30:44.483  2091  2144 W ActivityManager: Slow operation: 214ms so far, now at startProcess: asking zygote to start proc
07-13 09:30:44.485  2487  2487 E ActivityThread: --> reReadBuildProperty, currentPackageName:net.sunniwell.service.platform values:[PRODUCTIONDATE, BluetoothVersion, BluetoothProductClass, BluetoothManufacturer, WiFiVersion, WiFiProductClass, WiFiManufacturer]
07-13 09:30:44.485  2487  2487 E ActivityThread: --> reReadBuildProperty, android.os.Build.PRODUCTIONDATE=2023-12 ,old value:unknown
07-13 09:30:44.485  2487  2487 E ActivityThread: --> reReadBuildProperty, android.os.Build.BluetoothVersion=BT5.1 ,old value:unknown
07-13 09:30:44.485  2487  2487 E ActivityThread: --> reReadBuildProperty, android.os.Build.BluetoothProductClass=rtl8761bt ,old value:unknown
07-13 09:30:44.485  2487  2487 E ActivityThread: --> reReadBuildProperty, android.os.Build.BluetoothManufacturer=Realtek ,old value:unknown
07-13 09:30:44.486  2487  2487 E ActivityThread: --> reReadBuildProperty, android.os.Build.WiFiVersion=unknown ,old value:unknown
07-13 09:30:44.486  2487  2487 E ActivityThread: --> reReadBuildProperty, android.os.Build.WiFiProductClass=unknown ,old value:unknown
07-13 09:30:44.486  2487  2487 E ActivityThread: --> reReadBuildProperty, android.os.Build.WiFiManufacturer=unknown ,old value:unknown
07-13 09:30:44.524  2091  2144 W ActivityManager: Slow operation: 255ms so far, now at startProcess: returned from zygote!
07-13 09:30:44.524  2091  2144 W ActivityManager: Slow operation: 256ms so far, now at startProcess: done updating battery stats
07-13 09:30:44.544  2091  2144 W ActivityManager: Slow operation: 275ms so far, now at startProcess: building log message
07-13 09:30:44.544  2091  2144 I ActivityManager: Start proc 2543:net.sunniwell.service.stb.producttest/1000 for added application net.sunniwell.service.stb.producttest
07-13 09:30:44.544  2091  2144 W ActivityManager: Slow operation: 275ms so far, now at startProcess: starting to update pids map
07-13 09:30:44.544  2091  2144 W ActivityManager: Slow operation: 275ms so far, now at startProcess: done updating pids map
07-13 09:30:44.544  2091  2144 W ActivityManager: Slow operation: 273ms so far, now at startProcess: asking zygote to start proc
07-13 09:30:44.551  2334  2334 D SystemUIBootTiming: StartServicescom.android.systemui.Dependency took to complete: 72ms
07-13 09:30:44.554  2091  2091 D ConditionProviders.SCP: onSubscribe condition://android/schedule?days=1.2.3.4.5.6.7&start=22.0&end=7.0&exitAtAlarm=true
07-13 09:30:44.555  2091  2091 D ConditionProviders.SCP: setRegistered true
07-13 09:30:44.558  2091  2136 I UsageStatsDatabase: Time changed by +2111d9h30m32s108ms. files deleted: 0 files moved: 4
07-13 09:30:44.576  2091  2091 D ConditionProviders.SCP: evaluateSubscriptionLocked cal=ScheduleCalendar[mDays={1, 2, 3, 4, 5, 6, 7}, mSchedule=ScheduleInfo{days=[1, 2, 3, 4, 5, 6, 7], startHour=22, startMinute=0, endHour=7, endMinute=0, exitAtAlarm=true, nextAlarm=Thu Jan 01 08:00:00 GMT+08:00 1970 (0)}], now=Mon Jul 13 09:30:44 GMT+08:00 2026 (1783906244555), nextUserAlarmTime=Thu Jan 01 08:00:00 GMT+08:00 1970 (0)
07-13 09:30:44.577  2091  2091 D ConditionProviders.SCP: notifyCondition condition://android/schedule?days=1.2.3.4.5.6.7&start=22.0&end=7.0&exitAtAlarm=true STATE_FALSE reason=!meetsSchedule
07-13 09:30:44.580  2091  2091 D ConditionProviders.SCP: Scheduling evaluate for Mon Jul 13 22:00:00 GMT+08:00 2026 (1783951200000), in +12h29m15s445ms, now=Mon Jul 13 09:30:44 GMT+08:00 2026 (1783906244555)
07-13 09:30:44.591  2091  2144 W ActivityManager: Slow operation: 321ms so far, now at startProcess: returned from zygote!
07-13 09:30:44.610  2091  2144 W ActivityManager: Slow operation: 339ms so far, now at startProcess: done updating battery stats
07-13 09:30:44.610  2091  2144 W ActivityManager: Slow operation: 339ms so far, now at startProcess: building log message
07-13 09:30:44.610  2091  2144 I ActivityManager: Start proc 2570:net.sunniwell.service.status/1000 for added application net.sunniwell.service.status
07-13 09:30:44.610  2091  2144 W ActivityManager: Slow operation: 340ms so far, now at startProcess: starting to update pids map
07-13 09:30:44.610  2091  2144 W ActivityManager: Slow operation: 340ms so far, now at startProcess: done updating pids map
07-13 09:30:44.610  2091  2144 W ActivityManager: Slow operation: 339ms so far, now at startProcess: asking zygote to start proc
07-13 09:30:44.619  2091  2476 I BackupManagerService: Unlocking system user; mService=com.android.server.backup.BackupManagerService@b57432f
07-13 09:30:44.626  2334  2334 D SystemUIBootTiming: StartServicescom.android.systemui.util.NotificationChannels took to complete: 74ms
07-13 09:30:44.628  2508  2508 E ActivityThread: --> reReadBuildProperty, currentPackageName:net.sunniwell.app.api values:[PRODUCTIONDATE, BluetoothVersion, BluetoothProductClass, BluetoothManufacturer, WiFiVersion, WiFiProductClass, WiFiManufacturer]
07-13 09:30:44.628  2508  2508 E ActivityThread: --> reReadBuildProperty, android.os.Build.PRODUCTIONDATE=2023-12 ,old value:unknown
07-13 09:30:44.629  2508  2508 E ActivityThread: --> reReadBuildProperty, android.os.Build.BluetoothVersion=BT5.1 ,old value:unknown
07-13 09:30:44.629  2508  2508 E ActivityThread: --> reReadBuildProperty, android.os.Build.BluetoothProductClass=rtl8761bt ,old value:unknown
07-13 09:30:44.629  2508  2508 E ActivityThread: --> reReadBuildProperty, android.os.Build.BluetoothManufacturer=Realtek ,old value:unknown
07-13 09:30:44.629  2508  2508 E ActivityThread: --> reReadBuildProperty, android.os.Build.WiFiVersion=unknown ,old value:unknown
07-13 09:30:44.629  2508  2508 E ActivityThread: --> reReadBuildProperty, android.os.Build.WiFiProductClass=unknown ,old value:unknown
07-13 09:30:44.629  2508  2508 E ActivityThread: --> reReadBuildProperty, android.os.Build.WiFiManufacturer=unknown ,old value:unknown
07-13 09:30:44.630  2334  2334 D SystemUIBootTiming: StartServicescom.android.systemui.statusbar.CommandQueue$CommandQueueStart took to complete: 4ms
07-13 09:30:44.642  2527  2527 E ActivityThread: --> reReadBuildProperty, currentPackageName:net.sunniwell.service.mediamonitor values:[PRODUCTIONDATE, BluetoothVersion, BluetoothProductClass, BluetoothManufacturer, WiFiVersion, WiFiProductClass, WiFiManufacturer]
07-13 09:30:44.643  2527  2527 E ActivityThread: --> reReadBuildProperty, android.os.Build.PRODUCTIONDATE=2023-12 ,old value:unknown
07-13 09:30:44.643  2527  2527 E ActivityThread: --> reReadBuildProperty, android.os.Build.BluetoothVersion=BT5.1 ,old value:unknown
07-13 09:30:44.643  2527  2527 E ActivityThread: --> reReadBuildProperty, android.os.Build.BluetoothProductClass=rtl8761bt ,old value:unknown
07-13 09:30:44.643  2527  2527 E ActivityThread: --> reReadBuildProperty, android.os.Build.BluetoothManufacturer=Realtek ,old value:unknown
07-13 09:30:44.644  2091  2476 I BackupManagerService: Backup enabled => false
07-13 09:30:44.645  2527  2527 E ActivityThread: --> reReadBuildProperty, android.os.Build.WiFiVersion=unknown ,old value:unknown
07-13 09:30:44.646  2527  2527 E ActivityThread: --> reReadBuildProperty, android.os.Build.WiFiProductClass=unknown ,old value:unknown
07-13 09:30:44.646  2527  2527 E ActivityThread: --> reReadBuildProperty, android.os.Build.WiFiManufacturer=unknown ,old value:unknown
07-13 09:30:44.655  2091  2247 E ActivityThread: Failed to find provider info for com.android.calendar
07-13 09:30:44.665  2543  2543 E ActivityThread: --> reReadBuildProperty, currentPackageName:net.sunniwell.service.stb.producttest values:[PRODUCTIONDATE, BluetoothVersion, BluetoothProductClass, BluetoothManufacturer, WiFiVersion, WiFiProductClass, WiFiManufacturer]
07-13 09:30:44.665  2543  2543 E ActivityThread: --> reReadBuildProperty, android.os.Build.PRODUCTIONDATE=2023-12 ,old value:unknown
07-13 09:30:44.666  2543  2543 E ActivityThread: --> reReadBuildProperty, android.os.Build.BluetoothVersion=BT5.1 ,old value:unknown
07-13 09:30:44.666  2543  2543 E ActivityThread: --> reReadBuildProperty, android.os.Build.BluetoothProductClass=rtl8761bt ,old value:unknown
07-13 09:30:44.666  2543  2543 E ActivityThread: --> reReadBuildProperty, android.os.Build.BluetoothManufacturer=Realtek ,old value:unknown
07-13 09:30:44.666  2543  2543 E ActivityThread: --> reReadBuildProperty, android.os.Build.WiFiVersion=unknown ,old value:unknown
07-13 09:30:44.666  2543  2543 E ActivityThread: --> reReadBuildProperty, android.os.Build.WiFiProductClass=unknown ,old value:unknown
07-13 09:30:44.666  2543  2543 E ActivityThread: --> reReadBuildProperty, android.os.Build.WiFiManufacturer=unknown ,old value:unknown
07-13 09:30:44.669  2091  2247 E ActivityThread: Failed to find provider info for com.android.calendar
07-13 09:30:44.672  2091  2144 W ActivityManager: Slow operation: 400ms so far, now at startProcess: returned from zygote!
07-13 09:30:44.672  2091  2144 W ActivityManager: Slow operation: 401ms so far, now at startProcess: done updating battery stats
07-13 09:30:44.672  2091  2144 W ActivityManager: Slow operation: 401ms so far, now at startProcess: building log message
07-13 09:30:44.672  2091  2144 I ActivityManager: Start proc 2596:com.iflytek.xiri2.system/1000 for added application com.iflytek.xiri2.system
07-13 09:30:44.672  2091  2144 W ActivityManager: Slow operation: 401ms so far, now at startProcess: starting to update pids map
07-13 09:30:44.672  2091  2144 W ActivityManager: Slow operation: 401ms so far, now at startProcess: done updating pids map
07-13 09:30:44.672  2091  2144 W ActivityManager: Slow operation: 399ms so far, now at startProcess: asking zygote to start proc
07-13 09:30:44.675  2091  2091 W SyncManager: Clock is valid now.
07-13 09:30:44.685  2091  2145 I ActivityManager: startHomeActivityLocked startNativeLauncher second start
07-13 09:30:44.685  2091  2145 E ActivityManager: startNativeLauncher systemReady
07-13 09:30:44.688  2091  2145 I ActivityManager: launchPackageName = net.sunniwell.app.guide
07-13 09:30:44.688  2091  2145 D ActivityManager: launcher classname:net.sunniwell.app.guide.common.page.InitiaActivity
07-13 09:30:44.689  2091  2145 D ActivityManager: skip error login=0 packageName=net.sunniwell.app.guide
07-13 09:30:44.692  2091  2145 I ActivityManager: START u0 {act=android.intent.action.MAIN cat=[android.intent.category.HOME] flg=0x10000000 cmp=net.sunniwell.app.guide/.common.page.InitiaActivity} from uid 0
07-13 09:30:44.693  2091  2136 I UsageStatsService: User[0] Rollover scheduled @ 2026-07-14 09:30:42(1783992642246)
07-13 09:30:44.704  2091  2091 V NotificationAssistants: enabling notification assistant for 0: ComponentInfo{android.ext.services/android.ext.services.notification.Assistant}
07-13 09:30:44.704  2091  2091 V NotificationAssistants: Not registering ComponentInfo{android.ext.services/android.ext.services.notification.Assistant} as bind is already in progress
07-13 09:30:44.718  2091  2476 V BackupManagerConstants: getKeyValueBackupIntervalMilliseconds(...) returns 14400000
07-13 09:30:44.718  2091  2476 V BackupManagerConstants: getKeyValueBackupFuzzMilliseconds(...) returns 600000
07-13 09:30:44.718  2091  2476 V BackupManagerConstants: getKeyValueBackupRequiredNetworkType(...) returns 1
07-13 09:30:44.718  2091  2476 V BackupManagerConstants: getKeyValueBackupRequireCharging(...) returns true
07-13 09:30:44.718  2091  2476 V KeyValueBackupJob: Scheduling k/v pass in 249 minutes
07-13 09:30:44.737  2570  2570 E ActivityThread: --> reReadBuildProperty, currentPackageName:net.sunniwell.service.status values:[PRODUCTIONDATE, BluetoothVersion, BluetoothProductClass, BluetoothManufacturer, WiFiVersion, WiFiProductClass, WiFiManufacturer]
07-13 09:30:44.737  2570  2570 E ActivityThread: --> reReadBuildProperty, android.os.Build.PRODUCTIONDATE=2023-12 ,old value:unknown
07-13 09:30:44.737  2570  2570 E ActivityThread: --> reReadBuildProperty, android.os.Build.BluetoothVersion=BT5.1 ,old value:unknown
07-13 09:30:44.737  2570  2570 E ActivityThread: --> reReadBuildProperty, android.os.Build.BluetoothProductClass=rtl8761bt ,old value:unknown
07-13 09:30:44.737  2570  2570 E ActivityThread: --> reReadBuildProperty, android.os.Build.BluetoothManufacturer=Realtek ,old value:unknown
07-13 09:30:44.738  2570  2570 E ActivityThread: --> reReadBuildProperty, android.os.Build.WiFiVersion=unknown ,old value:unknown
07-13 09:30:44.738  2570  2570 E ActivityThread: --> reReadBuildProperty, android.os.Build.WiFiProductClass=unknown ,old value:unknown
07-13 09:30:44.738  2570  2570 E ActivityThread: --> reReadBuildProperty, android.os.Build.WiFiManufacturer=unknown ,old value:unknown
07-13 09:30:44.756  2091  2144 W ActivityManager: Slow operation: 483ms so far, now at startProcess: returned from zygote!
07-13 09:30:44.756  2091  2144 W ActivityManager: Slow operation: 483ms so far, now at startProcess: done updating battery stats
07-13 09:30:44.757  2091  2144 W ActivityManager: Slow operation: 483ms so far, now at startProcess: building log message
07-13 09:30:44.757  2091  2144 I ActivityManager: Start proc 2618:com.goke.android.gkRMService/1000 for added application com.goke.android.gkRMService
07-13 09:30:44.757  2091  2144 W ActivityManager: Slow operation: 483ms so far, now at startProcess: starting to update pids map
07-13 09:30:44.757  2091  2144 W ActivityManager: Slow operation: 483ms so far, now at startProcess: done updating pids map
07-13 09:30:44.757  2091  2144 W ActivityManager: Slow operation: 481ms so far, now at startProcess: asking zygote to start proc
07-13 09:30:44.798  2091  2145 I ActivityManager: Loaded persisted task ids for user 0
07-13 09:30:44.805  2091  2145 D ActivityManager: startActivityLocked packageName : net.sunniwell.app.guide,classnamenet.sunniwell.app.guide.common.page.InitiaActivity
07-13 09:30:44.812  2091  2091 W Looper  : Slow dispatch took 107ms main h=android.app.ActivityThread$H c=android.app.-$$Lambda$LoadedApk$ReceiverDispatcher$Args$_BumDX2UKsnxLVrE6UJsJZkotuA@ad869b1 m=0
07-13 09:30:44.838  2091  2145 W ActivityManager: startProcessLocked processName:net.sunniwell.app.guide with  pid:0
07-13 09:30:44.839  2091  2145 I ActivityManager: startHomeActivityLocked startNativeLauncher second start
07-13 09:30:44.839  2091  2145 E ActivityManager: startNativeLauncher noMoreActivities resumeHomeStackTask
07-13 09:30:44.840  2091  2145 I ActivityManager: launchPackageName = net.sunniwell.app.guide
07-13 09:30:44.840  2091  2145 D ActivityManager: launcher classname:net.sunniwell.app.guide.common.page.InitiaActivity
07-13 09:30:44.840  2091  2145 D ActivityManager: skip error login=0 packageName=net.sunniwell.app.guide
07-13 09:30:44.841  2091  2145 I ActivityManager: START u0 {act=android.intent.action.MAIN cat=[android.intent.category.HOME] flg=0x10000000 cmp=net.sunniwell.app.guide/.common.page.InitiaActivity} from uid 0
07-13 09:30:44.841  2091  2144 W ActivityManager: Slow operation: 565ms so far, now at startProcess: returned from zygote!
07-13 09:30:44.842  2091  2144 W ActivityManager: Slow operation: 566ms so far, now at startProcess: done updating battery stats
07-13 09:30:44.842  2091  2144 W ActivityManager: Slow operation: 566ms so far, now at startProcess: building log message
07-13 09:30:44.842  2091  2144 I ActivityManager: Start proc 2639:com.goke.dlna.dmr/1000 for added application com.goke.dlna.dmr
07-13 09:30:44.842  2091  2144 W ActivityManager: Slow operation: 566ms so far, now at startProcess: starting to update pids map
07-13 09:30:44.842  2091  2144 W ActivityManager: Slow operation: 566ms so far, now at startProcess: done updating pids map
07-13 09:30:44.842  2091  2144 W ActivityManager: Slow operation: 565ms so far, now at startProcess: asking zygote to start proc
07-13 09:30:44.853  2596  2596 E ActivityThread: --> reReadBuildProperty, currentPackageName:com.iflytek.xiri2.system values:[PRODUCTIONDATE, BluetoothVersion, BluetoothProductClass, BluetoothManufacturer, WiFiVersion, WiFiProductClass, WiFiManufacturer]
07-13 09:30:44.853  2596  2596 E ActivityThread: --> reReadBuildProperty, android.os.Build.PRODUCTIONDATE=2023-12 ,old value:unknown
07-13 09:30:44.853  2596  2596 E ActivityThread: --> reReadBuildProperty, android.os.Build.BluetoothVersion=BT5.1 ,old value:unknown
07-13 09:30:44.854  2596  2596 E ActivityThread: --> reReadBuildProperty, android.os.Build.BluetoothProductClass=rtl8761bt ,old value:unknown
07-13 09:30:44.854  2596  2596 E ActivityThread: --> reReadBuildProperty, android.os.Build.BluetoothManufacturer=Realtek ,old value:unknown
07-13 09:30:44.854  2596  2596 E ActivityThread: --> reReadBuildProperty, android.os.Build.WiFiVersion=unknown ,old value:unknown
07-13 09:30:44.854  2596  2596 E ActivityThread: --> reReadBuildProperty, android.os.Build.WiFiProductClass=unknown ,old value:unknown
07-13 09:30:44.854  2596  2596 E ActivityThread: --> reReadBuildProperty, android.os.Build.WiFiManufacturer=unknown ,old value:unknown
07-13 09:30:44.884  2091  2304 I SyncManager: Got SyncJobService instance.
07-13 09:30:44.893  2091  2091 V WiredAccessoryManager: headsetName:  connected
07-13 09:30:44.894  2091  2144 W ActivityManager: Slow operation: 617ms so far, now at startProcess: returned from zygote!
07-13 09:30:44.895  2091  2144 W ActivityManager: Slow operation: 617ms so far, now at startProcess: done updating battery stats
07-13 09:30:44.896  2091  2144 W ActivityManager: Slow operation: 618ms so far, now at startProcess: building log message
07-13 09:30:44.896  2091  2144 I ActivityManager: Start proc 2657:net.sunniwell.app.power/1000 for added application net.sunniwell.app.power
07-13 09:30:44.896  2091  2144 W ActivityManager: Slow operation: 618ms so far, now at startProcess: starting to update pids map
07-13 09:30:44.896  2091  2144 W ActivityManager: Slow operation: 618ms so far, now at startProcess: done updating pids map
07-13 09:30:44.896  2091  2144 W ActivityManager: Slow operation: 617ms so far, now at startProcess: asking zygote to start proc
07-13 09:30:44.898  2091  2091 D BluetoothManagerService: BluetoothServiceConnection: com.android.bluetooth.btservice.AdapterService
07-13 09:30:44.898  2091  2164 D BluetoothManagerService: MESSAGE_BLUETOOTH_SERVICE_CONNECTED: 1
07-13 09:30:44.901  2091  2164 D BluetoothManagerService: Broadcasting onBluetoothServiceUp() to 2 receivers.
07-13 09:30:44.906  2091  2164 D BluetoothManagerService: MESSAGE_BLUETOOTH_STATE_CHANGE: OFF > BLE_TURNING_ON
07-13 09:30:44.906  2091  2164 D BluetoothManagerService: Sending BLE State Change: OFF > BLE_TURNING_ON
07-13 09:30:44.907  2091  2164 D BluetoothManagerService: MESSAGE_BLUETOOTH_STATE_CHANGE hasDevice:true
