07-13 09:30:44.928  2570  2570 W ContextImpl: Calling a method in the system process without a qualified user: android.app.ContextImpl.bindService:1614 android.content.ContextWrapper.bindService:698 net.sunniwell.app.api.ApiManagerUtil.bindApiManager:95 net.sunniwell.service.status.BaseApplication.onCreate:22 android.app.Instrumentation.callApplicationOnCreate:1154
07-13 09:30:44.954  2618  2618 E ActivityThread: --> reReadBuildProperty, currentPackageName:com.goke.android.gkRMService values:[PRODUCTIONDATE, BluetoothVersion, BluetoothProductClass, BluetoothManufacturer, WiFiVersion, WiFiProductClass, WiFiManufacturer]
07-13 09:30:44.954  2618  2618 E ActivityThread: --> reReadBuildProperty, android.os.Build.PRODUCTIONDATE=2023-12 ,old value:unknown
07-13 09:30:44.955  2618  2618 E ActivityThread: --> reReadBuildProperty, android.os.Build.BluetoothVersion=BT5.1 ,old value:unknown
07-13 09:30:44.955  2618  2618 E ActivityThread: --> reReadBuildProperty, android.os.Build.BluetoothProductClass=rtl8761bt ,old value:unknown
07-13 09:30:44.955  2618  2618 E ActivityThread: --> reReadBuildProperty, android.os.Build.BluetoothManufacturer=Realtek ,old value:unknown
07-13 09:30:44.955  2618  2618 E ActivityThread: --> reReadBuildProperty, android.os.Build.WiFiVersion=unknown ,old value:unknown
07-13 09:30:44.956  2091  2091 W Looper  : Drained
07-13 09:30:44.956  2618  2618 E ActivityThread: --> reReadBuildProperty, android.os.Build.WiFiProductClass=unknown ,old value:unknown
07-13 09:30:44.956  2618  2618 E ActivityThread: --> reReadBuildProperty, android.os.Build.WiFiManufacturer=unknown ,old value:unknown
07-13 09:30:44.961  2091  2144 W ActivityManager: Slow operation: 682ms so far, now at startProcess: returned from zygote!
07-13 09:30:44.962  2091  2144 W ActivityManager: Slow operation: 683ms so far, now at startProcess: done updating battery stats
07-13 09:30:44.962  2091  2144 W ActivityManager: Slow operation: 683ms so far, now at startProcess: building log message
07-13 09:30:44.962  2091  2144 I ActivityManager: Start proc 2671:com.cmdc.service.burntest/1000 for added application com.cmdc.service.burntest
07-13 09:30:44.962  2091  2144 W ActivityManager: Slow operation: 684ms so far, now at startProcess: starting to update pids map
07-13 09:30:44.962  2091  2144 W ActivityManager: Slow operation: 684ms so far, now at startProcess: done updating pids map
07-13 09:30:44.962  2091  2144 W ActivityManager: Slow operation: 683ms so far, now at startProcess: asking zygote to start proc
07-13 09:30:44.966  2091  2580 W UserManagerService: isUserUnlocked: state = 3
07-13 09:30:44.973  2596  2596 W ContextImpl: Calling a method in the system process without a qualified user: android.app.ContextImpl.startService:1534 android.content.ContextWrapper.startService:664 com.iflytek.xirihelpersupervisor.DaemonApplication.b:7 com.iflytek.xirihelpersupervisor.DaemonApplication.onCreate:13 android.app.Instrumentation.callApplicationOnCreate:1154
07-13 09:30:44.992  2091  2106 D AppOps  : checkOperation =:76,uid==:1000pkg==:com.iflytek.xiri2.system
07-13 09:30:44.992  2091  2106 D AppOps  : checkOperation =:70,uid==:1000pkg==:com.iflytek.xiri2.system
07-13 09:30:45.014  2639  2639 E ActivityThread: --> reReadBuildProperty, currentPackageName:com.goke.dlna.dmr values:[PRODUCTIONDATE, BluetoothVersion, BluetoothProductClass, BluetoothManufacturer, WiFiVersion, WiFiProductClass, WiFiManufacturer]
07-13 09:30:45.014  2639  2639 E ActivityThread: --> reReadBuildProperty, android.os.Build.PRODUCTIONDATE=2023-12 ,old value:unknown
07-13 09:30:45.014  2639  2639 E ActivityThread: --> reReadBuildProperty, android.os.Build.BluetoothVersion=BT5.1 ,old value:unknown
07-13 09:30:45.015  2639  2639 E ActivityThread: --> reReadBuildProperty, android.os.Build.BluetoothProductClass=rtl8761bt ,old value:unknown
07-13 09:30:45.015  2639  2639 E ActivityThread: --> reReadBuildProperty, android.os.Build.BluetoothManufacturer=Realtek ,old value:unknown
07-13 09:30:45.015  2639  2639 E ActivityThread: --> reReadBuildProperty, android.os.Build.WiFiVersion=unknown ,old value:unknown
07-13 09:30:45.015  2639  2639 E ActivityThread: --> reReadBuildProperty, android.os.Build.WiFiProductClass=unknown ,old value:unknown
07-13 09:30:45.015  2639  2639 E ActivityThread: --> reReadBuildProperty, android.os.Build.WiFiManufacturer=unknown ,old value:unknown
07-13 09:30:45.038  2091  2144 W ActivityManager: Slow operation: 759ms so far, now at startProcess: returned from zygote!
07-13 09:30:45.039  2091  2144 W ActivityManager: Slow operation: 759ms so far, now at startProcess: done updating battery stats
07-13 09:30:45.039  2091  2144 W ActivityManager: Slow operation: 759ms so far, now at startProcess: building log message
07-13 09:30:45.039  2091  2144 I ActivityManager: Start proc 2699:com.cmcc.mid.softdetector/u0a24 for added application com.cmcc.mid.softdetector
07-13 09:30:45.050  2091  2144 W ActivityManager: Slow operation: 759ms so far, now at startProcess: starting to update pids map
07-13 09:30:45.050  2091  2144 W ActivityManager: Slow operation: 771ms so far, now at startProcess: done updating pids map
07-13 09:30:45.051  2091  2144 W ActivityManager: Slow operation: 770ms so far, now at startProcess: asking zygote to start proc
07-13 09:30:45.108  2091  2144 W ActivityManager: Slow operation: 827ms so far, now at startProcess: returned from zygote!
07-13 09:30:45.108  2091  2144 W ActivityManager: Slow operation: 828ms so far, now at startProcess: done updating battery stats
07-13 09:30:45.108  2091  2144 W ActivityManager: Slow operation: 828ms so far, now at startProcess: building log message
07-13 09:30:45.108  2091  2144 I ActivityManager: Start proc 2725:com.huawei.stb.tm1/1000 for added application com.huawei.stb.tm1
07-13 09:30:45.108  2091  2144 W ActivityManager: Slow operation: 828ms so far, now at startProcess: starting to update pids map
07-13 09:30:45.113  2091  2144 W ActivityManager: Slow operation: 828ms so far, now at startProcess: done updating pids map
07-13 09:30:45.113  2091  2144 W ActivityManager: Slow operation: 828ms so far, now at startProcess: asking zygote to start proc
07-13 09:30:45.114  2657  2657 E ActivityThread: --> reReadBuildProperty, currentPackageName:net.sunniwell.app.power values:[PRODUCTIONDATE, BluetoothVersion, BluetoothProductClass, BluetoothManufacturer, WiFiVersion, WiFiProductClass, WiFiManufacturer]
07-13 09:30:45.114  2657  2657 E ActivityThread: --> reReadBuildProperty, android.os.Build.PRODUCTIONDATE=2023-12 ,old value:unknown
07-13 09:30:45.114  2657  2657 E ActivityThread: --> reReadBuildProperty, android.os.Build.BluetoothVersion=BT5.1 ,old value:unknown
07-13 09:30:45.114  2657  2657 E ActivityThread: --> reReadBuildProperty, android.os.Build.BluetoothProductClass=rtl8761bt ,old value:unknown
07-13 09:30:45.115  2657  2657 E ActivityThread: --> reReadBuildProperty, android.os.Build.BluetoothManufacturer=Realtek ,old value:unknown
07-13 09:30:45.115  2657  2657 E ActivityThread: --> reReadBuildProperty, android.os.Build.WiFiVersion=unknown ,old value:unknown
07-13 09:30:45.115  2657  2657 E ActivityThread: --> reReadBuildProperty, android.os.Build.WiFiProductClass=unknown ,old value:unknown
07-13 09:30:45.115  2657  2657 E ActivityThread: --> reReadBuildProperty, android.os.Build.WiFiManufacturer=unknown ,old value:unknown
07-13 09:30:45.142  2671  2671 E ActivityThread: --> reReadBuildProperty, currentPackageName:com.cmdc.service.burntest values:[PRODUCTIONDATE, BluetoothVersion, BluetoothProductClass, BluetoothManufacturer, WiFiVersion, WiFiProductClass, WiFiManufacturer]
07-13 09:30:45.142  2671  2671 E ActivityThread: --> reReadBuildProperty, android.os.Build.PRODUCTIONDATE=2023-12 ,old value:unknown
07-13 09:30:45.143  2671  2671 E ActivityThread: --> reReadBuildProperty, android.os.Build.BluetoothVersion=BT5.1 ,old value:unknown
07-13 09:30:45.143  2671  2671 E ActivityThread: --> reReadBuildProperty, android.os.Build.BluetoothProductClass=rtl8761bt ,old value:unknown
07-13 09:30:45.144  2671  2671 E ActivityThread: --> reReadBuildProperty, android.os.Build.BluetoothManufacturer=Realtek ,old value:unknown
07-13 09:30:45.144  2671  2671 E ActivityThread: --> reReadBuildProperty, android.os.Build.WiFiVersion=unknown ,old value:unknown
07-13 09:30:45.145  2671  2671 E ActivityThread: --> reReadBuildProperty, android.os.Build.WiFiProductClass=unknown ,old value:unknown
07-13 09:30:45.145  2671  2671 E ActivityThread: --> reReadBuildProperty, android.os.Build.WiFiManufacturer=unknown ,old value:unknown
07-13 09:30:45.163  2091  2144 W ActivityManager: Slow operation: 879ms so far, now at startProcess: returned from zygote!
07-13 09:30:45.164  2091  2144 W ActivityManager: Slow operation: 879ms so far, now at startProcess: done updating battery stats
07-13 09:30:45.164  2091  2144 W ActivityManager: Slow operation: 879ms so far, now at startProcess: building log message
07-13 09:30:45.164  2091  2144 I ActivityManager: Start proc 2747:com.android.chinamobile.migu.ott.ad.update/1000 for broadcast com.android.chinamobile.migu.ott.ad.update/.NetChangedReceiver
07-13 09:30:45.164  2091  2144 W ActivityManager: Slow operation: 879ms so far, now at startProcess: starting to update pids map
07-13 09:30:45.164  2091  2144 W ActivityManager: Slow operation: 879ms so far, now at startProcess: done updating pids map
07-13 09:30:45.164  2091  2144 W ActivityManager: Slow operation: 698ms so far, now at startProcess: asking zygote to start proc
07-13 09:30:45.230  2699  2699 E ActivityThread: --> reReadBuildProperty, currentPackageName:com.cmcc.mid.softdetector values:[PRODUCTIONDATE, BluetoothVersion, BluetoothProductClass, BluetoothManufacturer, WiFiVersion, WiFiProductClass, WiFiManufacturer]
07-13 09:30:45.230  2699  2699 E ActivityThread: --> reReadBuildProperty, android.os.Build.PRODUCTIONDATE=2023-12 ,old value:unknown
07-13 09:30:45.231  2699  2699 E ActivityThread: --> reReadBuildProperty, android.os.Build.BluetoothVersion=BT5.1 ,old value:unknown
07-13 09:30:45.231  2699  2699 E ActivityThread: --> reReadBuildProperty, android.os.Build.BluetoothProductClass=rtl8761bt ,old value:unknown
07-13 09:30:45.231  2699  2699 E ActivityThread: --> reReadBuildProperty, android.os.Build.BluetoothManufacturer=Realtek ,old value:unknown
07-13 09:30:45.231  2699  2699 E ActivityThread: --> reReadBuildProperty, android.os.Build.WiFiVersion=unknown ,old value:unknown
07-13 09:30:45.231  2699  2699 E ActivityThread: --> reReadBuildProperty, android.os.Build.WiFiProductClass=unknown ,old value:unknown
07-13 09:30:45.231  2699  2699 E ActivityThread: --> reReadBuildProperty, android.os.Build.WiFiManufacturer=unknown ,old value:unknown
07-13 09:30:45.271  2334  2334 D SystemUIBootTiming: StartServicescom.android.systemui.volume.VolumeUI took to complete: 640ms
07-13 09:30:45.283  2091  2106 I StatusBarManagerService: registerStatusBar bar=com.android.internal.statusbar.IStatusBar$Stub$Proxy@dc5d0f4
07-13 09:30:45.284  2334  2334 D SystemUIBootTiming: StartServicescom.android.systemui.SystemBars took to complete: 13ms
07-13 09:30:45.291  2091  2144 W ActivityManager: Slow operation: 824ms so far, now at startProcess: returned from zygote!
07-13 09:30:45.293  2091  2144 W ActivityManager: Slow operation: 826ms so far, now at startProcess: done updating battery stats
07-13 09:30:45.293  2091  2144 W ActivityManager: Slow operation: 826ms so far, now at startProcess: building log message
07-13 09:30:45.293  2091  2144 I ActivityManager: Start proc 2778:android.ext.services/u0a0 for service android.ext.services/.notification.Assistant
07-13 09:30:45.293  2091  2144 W ActivityManager: Slow operation: 827ms so far, now at startProcess: starting to update pids map
07-13 09:30:45.293  2091  2144 W ActivityManager: Slow operation: 827ms so far, now at startProcess: done updating pids map
07-13 09:30:45.293  2091  2144 W ActivityManager: Slow operation: 456ms so far, now at startProcess: asking zygote to start proc
07-13 09:30:45.299  2091  2091 V SettingsProvider: Notifying for 0: content://settings/global/hidden_api_policy_pre_p_apps
07-13 09:30:45.305  2657  2657 W ContextImpl: Calling a method in the system process without a qualified user: android.app.ContextImpl.bindService:1614 android.content.ContextWrapper.bindService:698 net.sunniwell.app.power.base.BaseApplication.bindApiService:109 net.sunniwell.app.power.base.BaseApplication.onCreate:43 net.sunniwell.app.power.PowerApplication.onCreate:66
07-13 09:30:45.317  2091  2091 V SettingsProvider: Notifying for 0: content://settings/global/hidden_api_policy_p_apps
07-13 09:30:45.331  2725  2725 E ActivityThread: --> reReadBuildProperty, currentPackageName:com.huawei.stb.tm1 values:[PRODUCTIONDATE, BluetoothVersion, BluetoothProductClass, BluetoothManufacturer, WiFiVersion, WiFiProductClass, WiFiManufacturer]
07-13 09:30:45.331  2725  2725 E ActivityThread: --> reReadBuildProperty, android.os.Build.PRODUCTIONDATE=2023-12 ,old value:unknown
07-13 09:30:45.339  2334  2334 D SystemUIBootTiming: StartServicescom.android.systemui.usb.StorageNotification took to complete: 55ms
07-13 09:30:45.342  2725  2725 E ActivityThread: --> reReadBuildProperty, android.os.Build.BluetoothVersion=BT5.1 ,old value:unknown
07-13 09:30:45.343  2725  2725 E ActivityThread: --> reReadBuildProperty, android.os.Build.BluetoothProductClass=rtl8761bt ,old value:unknown
07-13 09:30:45.343  2725  2725 E ActivityThread: --> reReadBuildProperty, android.os.Build.BluetoothManufacturer=Realtek ,old value:unknown
07-13 09:30:45.343  2725  2725 E ActivityThread: --> reReadBuildProperty, android.os.Build.WiFiVersion=unknown ,old value:unknown
07-13 09:30:45.344  2725  2725 E ActivityThread: --> reReadBuildProperty, android.os.Build.WiFiProductClass=unknown ,old value:unknown
07-13 09:30:45.344  2725  2725 E ActivityThread: --> reReadBuildProperty, android.os.Build.WiFiManufacturer=unknown ,old value:unknown
07-13 09:30:45.353  2091  2106 W ActivityManager: startProcessLocked processName:com.goke.dlna.dmr:remote with  pid:0
07-13 09:30:45.381  2334  2334 D SystemUIBootTiming: StartServicescom.android.systemui.power.PowerUI took to complete: 41ms
07-13 09:30:45.392  2091  2144 W ActivityManager: Slow operation: 555ms so far, now at startProcess: returned from zygote!
07-13 09:30:45.400  2091  2144 W ActivityManager: Slow operation: 563ms so far, now at startProcess: done updating battery stats
07-13 09:30:45.400  2091  2144 W ActivityManager: Slow operation: 563ms so far, now at startProcess: building log message
07-13 09:30:45.400  2091  2144 I ActivityManager: Start proc 2802:net.sunniwell.app.guide/1000 for activity net.sunniwell.app.guide/.common.page.InitiaActivity
07-13 09:30:45.400  2091  2144 W ActivityManager: Slow operation: 563ms so far, now at startProcess: starting to update pids map
07-13 09:30:45.401  2091  2144 W ActivityManager: Slow operation: 563ms so far, now at startProcess: done updating pids map
07-13 09:30:45.401  2334  2334 D SystemUIBootTiming: StartServicescom.android.systemui.keyboard.KeyboardUI took to complete: 20ms
07-13 09:30:45.451  2747  2747 E ActivityThread: --> reReadBuildProperty, currentPackageName:com.android.chinamobile.migu.ott.ad.update values:[PRODUCTIONDATE, BluetoothVersion, BluetoothProductClass, BluetoothManufacturer, WiFiVersion, WiFiProductClass, WiFiManufacturer]
07-13 09:30:45.451  2747  2747 E ActivityThread: --> reReadBuildProperty, android.os.Build.PRODUCTIONDATE=2023-12 ,old value:unknown
07-13 09:30:45.452  2747  2747 E ActivityThread: --> reReadBuildProperty, android.os.Build.BluetoothVersion=BT5.1 ,old value:unknown
07-13 09:30:45.452  2747  2747 E ActivityThread: --> reReadBuildProperty, android.os.Build.BluetoothProductClass=rtl8761bt ,old value:unknown
07-13 09:30:45.452  2747  2747 E ActivityThread: --> reReadBuildProperty, android.os.Build.BluetoothManufacturer=Realtek ,old value:unknown
07-13 09:30:45.453  2747  2747 E ActivityThread: --> reReadBuildProperty, android.os.Build.WiFiVersion=unknown ,old value:unknown
07-13 09:30:45.453  2747  2747 E ActivityThread: --> reReadBuildProperty, android.os.Build.WiFiProductClass=unknown ,old value:unknown
07-13 09:30:45.454  2747  2747 E ActivityThread: --> reReadBuildProperty, android.os.Build.WiFiManufacturer=unknown ,old value:unknown
07-13 09:30:45.456  2091  2144 W ActivityManager: Slow operation: 104ms so far, now at startProcess: returned from zygote!
07-13 09:30:45.457  2091  2144 W ActivityManager: Slow operation: 104ms so far, now at startProcess: done updating battery stats
07-13 09:30:45.457  2091  2144 W ActivityManager: Slow operation: 104ms so far, now at startProcess: building log message
07-13 09:30:45.457  2091  2144 I ActivityManager: Start proc 2827:com.goke.dlna.dmr:remote/1000 for service com.goke.dlna.dmr/.UpnpWifiDMRService
07-13 09:30:45.457  2091  2144 W ActivityManager: Slow operation: 104ms so far, now at startProcess: starting to update pids map
07-13 09:30:45.457  2091  2144 W ActivityManager: Slow operation: 104ms so far, now at startProcess: done updating pids map
07-13 09:30:45.497  2091  2106 D AppOps  : checkOperation =:76,uid==:1000pkg==:com.goke.dlna.dmr
07-13 09:30:45.497  2091  2106 D AppOps  : checkOperation =:70,uid==:1000pkg==:com.goke.dlna.dmr
07-13 09:30:45.531  2091  2580 W ActivityManager: realStartActivityLocked  processName=net.sunniwell.app.guide has been set ActivityRecord=ActivityRecord{5d3353b u0 net.sunniwell.app.guide/.common.page.InitiaActivity t1}
07-13 09:30:45.559  2778  2778 E ActivityThread: --> reReadBuildProperty, currentPackageName:android.ext.services values:[PRODUCTIONDATE, BluetoothVersion, BluetoothProductClass, BluetoothManufacturer, WiFiVersion, WiFiProductClass, WiFiManufacturer]
07-13 09:30:45.563  2334  2334 D SystemUIBootTiming: StartServicescom.android.systemui.pip.PipUI took to complete: 162ms
07-13 09:30:45.564  2778  2778 E ActivityThread: --> reReadBuildProperty, android.os.Build.PRODUCTIONDATE=2023-12 ,old value:unknown
07-13 09:30:45.564  2778  2778 E ActivityThread: --> reReadBuildProperty, android.os.Build.BluetoothVersion=BT5.1 ,old value:unknown
07-13 09:30:45.564  2778  2778 E ActivityThread: --> reReadBuildProperty, android.os.Build.BluetoothProductClass=rtl8761bt ,old value:unknown
07-13 09:30:45.564  2778  2778 E ActivityThread: --> reReadBuildProperty, android.os.Build.BluetoothManufacturer=Realtek ,old value:unknown
07-13 09:30:45.565  2778  2778 E ActivityThread: --> reReadBuildProperty, android.os.Build.WiFiVersion=unknown ,old value:unknown
07-13 09:30:45.565  2778  2778 E ActivityThread: --> reReadBuildProperty, android.os.Build.WiFiProductClass=unknown ,old value:unknown
07-13 09:30:45.565  2778  2778 E ActivityThread: --> reReadBuildProperty, android.os.Build.WiFiManufacturer=unknown ,old value:unknown
07-13 09:30:45.571  2091  2091 V SettingsProvider: Notifying for 0: content://settings/global/hidden_api_policy_pre_p_apps
07-13 09:30:45.571  2334  2334 D SystemUIBootTiming: StartServicescom.android.systemui.shortcut.ShortcutKeyDispatcher took to complete: 7ms
07-13 09:30:45.571  2334  2334 D SystemUIBootTiming: StartServicescom.android.systemui.VendorServices took to complete: 0ms
07-13 09:30:45.580  2334  2334 D SystemUIBootTiming: StartServicescom.android.systemui.util.leak.GarbageMonitor$Service took to complete: 9ms
07-13 09:30:45.584  2091  2580 D ConnectivityService: networkId null, isConnected true, isAvailable true
07-13 09:30:45.585  2802  2802 E ActivityThread: --> reReadBuildProperty, currentPackageName:net.sunniwell.app.guide values:[PRODUCTIONDATE, BluetoothVersion, BluetoothProductClass, BluetoothManufacturer, WiFiVersion, WiFiProductClass, WiFiManufacturer]
07-13 09:30:45.585  2334  2334 D SystemUIBootTiming: StartServicescom.android.systemui.LatencyTester took to complete: 4ms
07-13 09:30:45.585  2802  2802 E ActivityThread: --> reReadBuildProperty, android.os.Build.PRODUCTIONDATE=2023-12 ,old value:unknown
07-13 09:30:45.586  2091  2091 V SettingsProvider: Notifying for 0: content://settings/global/hidden_api_policy_p_apps
07-13 09:30:45.587  2334  2334 D SystemUIBootTiming: StartServicescom.android.systemui.ScreenDecorations took to complete: 2ms
07-13 09:30:45.587  2802  2802 E ActivityThread: --> reReadBuildProperty, android.os.Build.BluetoothVersion=BT5.1 ,old value:unknown
07-13 09:30:45.588  2802  2802 E ActivityThread: --> reReadBuildProperty, android.os.Build.BluetoothProductClass=rtl8761bt ,old value:unknown
07-13 09:30:45.588  2802  2802 E ActivityThread: --> reReadBuildProperty, android.os.Build.BluetoothManufacturer=Realtek ,old value:unknown
07-13 09:30:45.588  2802  2802 E ActivityThread: --> reReadBuildProperty, android.os.Build.WiFiVersion=unknown ,old value:unknown
07-13 09:30:45.588  2802  2802 E ActivityThread: --> reReadBuildProperty, android.os.Build.WiFiProductClass=unknown ,old value:unknown
07-13 09:30:45.588  2802  2802 E ActivityThread: --> reReadBuildProperty, android.os.Build.WiFiManufacturer=unknown ,old value:unknown
07-13 09:30:45.590  2091  2106 D ConnectivityService: networkId null, isConnected true, isAvailable true
07-13 09:30:45.590  2334  2334 D SystemUIBootTiming: StartServicescom.android.systemui.SliceBroadcastRelayHandler took to complete: 4ms
07-13 09:30:45.590  2334  2334 D SystemUIBootTiming: not StartServicescom.android.systemui.media.RingtonePlayer took to complete: 209ms
07-13 09:30:45.617  2091  2138 W BroadcastQueue: Permission Denial: broadcasting Intent { act=android.net.conn.CONNECTIVITY_CHANGE flg=0x1000010 (has extras) } from null (pid=-1, uid=-1) requires com.goke.dlna.DMP_NETWORK_BROADCAST due to registered receiver BroadcastFilter{392b531 u0 ReceiverList{161dd8 2639 com.goke.dlna.dmr/1000/u0 remote:3aeb4bb}}
07-13 09:30:45.622  2747  2747 W ContextImpl: Calling a method in the system process without a qualified user: android.app.ContextImpl.startForegroundService:1540 android.content.ContextWrapper.startForegroundService:669 android.content.ContextWrapper.startForegroundService:669 com.android.chinamobile.migu.ott.ad.update.NetChangedReceiver.onReceive:28 android.app.ActivityThread.handleReceiver:3383
07-13 09:30:45.625  2091  2580 D AppOps  : checkOperation =:76,uid==:1000pkg==:com.android.chinamobile.migu.ott.ad.update
07-13 09:30:45.654  2091  2580 W ActivityManager: startProcessLocked processName:net.sunniwell.app.itms with  pid:0
07-13 09:30:45.661  2091  2106 D AppOps  : checkOperation =:76,uid==:1000pkg==:com.android.chinamobile.migu.ott.ad.update
07-13 09:30:45.661  2091  2106 D AppOps  : checkOperation =:70,uid==:1000pkg==:com.android.chinamobile.migu.ott.ad.update
07-13 09:30:45.804  2091  2144 W ActivityManager: Slow operation: 151ms so far, now at startProcess: returned from zygote!
07-13 09:30:45.804  2091  2144 W ActivityManager: Slow operation: 151ms so far, now at startProcess: done updating battery stats
07-13 09:30:45.805  2091  2144 W ActivityManager: Slow operation: 152ms so far, now at startProcess: building log message
07-13 09:30:45.805  2091  2144 I ActivityManager: Start proc 2867:net.sunniwell.app.itms/1000 for broadcast net.sunniwell.app.itms/net.sunniwell.cwmp.protocol.receiver.MainReceiver
07-13 09:30:45.805  2091  2144 W ActivityManager: Slow operation: 152ms so far, now at startProcess: starting to update pids map
07-13 09:30:45.805  2091  2144 W ActivityManager: Slow operation: 152ms so far, now at startProcess: done updating pids map
07-13 09:30:45.851  2827  2827 E ActivityThread: --> reReadBuildProperty, currentPackageName:com.goke.dlna.dmr values:[PRODUCTIONDATE, BluetoothVersion, BluetoothProductClass, BluetoothManufacturer, WiFiVersion, WiFiProductClass, WiFiManufacturer]
07-13 09:30:45.852  2827  2827 E ActivityThread: --> reReadBuildProperty, android.os.Build.PRODUCTIONDATE=2023-12 ,old value:unknown
07-13 09:30:45.852  2091  2878 E WindowManager: App trying to use insecure INPUT_FEATURE_NO_INPUT_CHANNEL flag. Ignoring
07-13 09:30:45.853  2827  2827 E ActivityThread: --> reReadBuildProperty, android.os.Build.BluetoothVersion=BT5.1 ,old value:unknown
07-13 09:30:45.853  2827  2827 E ActivityThread: --> reReadBuildProperty, android.os.Build.BluetoothProductClass=rtl8761bt ,old value:unknown
07-13 09:30:45.853  2827  2827 E ActivityThread: --> reReadBuildProperty, android.os.Build.BluetoothManufacturer=Realtek ,old value:unknown
07-13 09:30:45.853  2827  2827 E ActivityThread: --> reReadBuildProperty, android.os.Build.WiFiVersion=unknown ,old value:unknown
07-13 09:30:45.854  2827  2827 E ActivityThread: --> reReadBuildProperty, android.os.Build.WiFiProductClass=unknown ,old value:unknown
07-13 09:30:45.859  2827  2827 E ActivityThread: --> reReadBuildProperty, android.os.Build.WiFiManufacturer=unknown ,old value:unknown
07-13 09:30:45.866  2091  2367 D AppOps  : checkOperation =:48,uid==:10011pkg==:com.android.systemui
07-13 09:30:45.882  2802  2802 W ContextImpl: Calling a method in the system process without a qualified user: android.app.ContextImpl.bindService:1614 android.content.ContextWrapper.bindService:698 net.sunniwell.app.api.ApiManagerUtil.bindApiManager:95 net.sunniwell.app.guide.SWGuideApplication.onCreate:48 android.app.Instrumentation.callApplicationOnCreate:1154
07-13 09:30:45.896  2091  2878 D AppOps  : checkOperation =:48,uid==:10011pkg==:com.android.systemui
07-13 09:30:45.963  2867  2867 E ActivityThread: --> reReadBuildProperty, currentPackageName:net.sunniwell.app.itms values:[PRODUCTIONDATE, BluetoothVersion, BluetoothProductClass, BluetoothManufacturer, WiFiVersion, WiFiProductClass, WiFiManufacturer]
07-13 09:30:45.963  2867  2867 E ActivityThread: --> reReadBuildProperty, android.os.Build.PRODUCTIONDATE=2023-12 ,old value:unknown
07-13 09:30:45.964  2867  2867 E ActivityThread: --> reReadBuildProperty, android.os.Build.BluetoothVersion=BT5.1 ,old value:unknown
07-13 09:30:45.965  2867  2867 E ActivityThread: --> reReadBuildProperty, android.os.Build.BluetoothProductClass=rtl8761bt ,old value:unknown
07-13 09:30:45.966  2867  2867 E ActivityThread: --> reReadBuildProperty, android.os.Build.BluetoothManufacturer=Realtek ,old value:unknown
07-13 09:30:45.966  2867  2867 E ActivityThread: --> reReadBuildProperty, android.os.Build.WiFiVersion=unknown ,old value:unknown
07-13 09:30:45.966  2867  2867 E ActivityThread: --> reReadBuildProperty, android.os.Build.WiFiProductClass=unknown ,old value:unknown
07-13 09:30:45.966  2867  2867 E ActivityThread: --> reReadBuildProperty, android.os.Build.WiFiManufacturer=unknown ,old value:unknown
07-13 09:30:46.092  2091  2319 W ActivityManager: startProcessLocked processName:net.sunniwell.app.service with  pid:0
07-13 09:30:46.149  2091  2144 W ActivityManager: Slow operation: 58ms so far, now at startProcess: returned from zygote!
07-13 09:30:46.149  2091  2144 W ActivityManager: Slow operation: 59ms so far, now at startProcess: done updating battery stats
07-13 09:30:46.149  2091  2144 W ActivityManager: Slow operation: 59ms so far, now at startProcess: building log message
07-13 09:30:46.149  2091  2144 I ActivityManager: Start proc 2897:net.sunniwell.app.service/1000 for content provider net.sunniwell.app.service/net.sunniwell.app.provider.AuthenticationProvider
07-13 09:30:46.149  2091  2144 W ActivityManager: Slow operation: 59ms so far, now at startProcess: starting to update pids map
07-13 09:30:46.149  2091  2144 W ActivityManager: Slow operation: 59ms so far, now at startProcess: done updating pids map
07-13 09:30:46.161  2091  2091 D BluetoothManagerService: Bluetooth Adapter address changed to 8C:EA:12:32:94:A1
07-13 09:30:46.162  2091  2091 D BluetoothManagerService: Stored Bluetoothaddress: 8C:EA:12:32:94:A1
07-13 09:30:46.165  2091  2091 D BluetoothManagerService: Bluetooth Adapter name changed to CMCC_STB
07-13 09:30:46.165  2091  2091 D BluetoothManagerService: Stored Bluetooth name: CMCC_STB
07-13 09:30:46.195  2091  2164 D BluetoothManagerService: MESSAGE_BLUETOOTH_STATE_CHANGE: BLE_TURNING_ON > BLE_ON
07-13 09:30:46.195  2091  2164 D BluetoothManagerService: Bluetooth is in LE only mode
07-13 09:30:46.196  2091  2164 D BluetoothManagerService: Binding Bluetooth GATT service
07-13 09:30:46.197  2091  2164 D BluetoothManagerService: Sending BLE State Change: BLE_TURNING_ON > BLE_ON
07-13 09:30:46.198  2091  2164 D BluetoothManagerService: MESSAGE_BLUETOOTH_STATE_CHANGE hasDevice:true
07-13 09:30:46.202  2091  2091 D BluetoothManagerService: BluetoothServiceConnection: com.android.bluetooth.gatt.GattService
07-13 09:30:46.202  2091  2164 D BluetoothManagerService: MESSAGE_BLUETOOTH_SERVICE_CONNECTED: 2
07-13 09:30:46.202  2091  2164 D BluetoothManagerService: continueFromBleOnState()
07-13 09:30:46.204  2091  2164 D BluetoothManagerService: Persisting Bluetooth Setting: 1
07-13 09:30:46.206  2091  2164 D BluetoothManagerService: MESSAGE_BLUETOOTH_STATE_CHANGE: BLE_ON > TURNING_ON
07-13 09:30:46.206  2091  2164 D BluetoothManagerService: Sending BLE State Change: BLE_ON > TURNING_ON
07-13 09:30:46.213  2091  2164 D BluetoothManagerService: MESSAGE_BLUETOOTH_STATE_CHANGE hasDevice:true
07-13 09:30:46.222  2091  2367 W UserManagerService: isUserUnlocked: state = 3
07-13 09:30:46.249  2091  2367 W UserManagerService: isUserUnlocked: state = 3
07-13 09:30:46.274  2091  2878 D AppOps  : checkOperation =:76,uid==:1000pkg==:com.goke.dlna.dmr
07-13 09:30:46.274  2091  2878 D AppOps  : checkOperation =:70,uid==:1000pkg==:com.goke.dlna.dmr
07-13 09:30:46.300  2897  2897 E ActivityThread: --> reReadBuildProperty, currentPackageName:net.sunniwell.app.service values:[PRODUCTIONDATE, BluetoothVersion, BluetoothProductClass, BluetoothManufacturer, WiFiVersion, WiFiProductClass, WiFiManufacturer]
07-13 09:30:46.301  2897  2897 E ActivityThread: --> reReadBuildProperty, android.os.Build.PRODUCTIONDATE=2023-12 ,old value:unknown
07-13 09:30:46.301  2897  2897 E ActivityThread: --> reReadBuildProperty, android.os.Build.BluetoothVersion=BT5.1 ,old value:unknown
07-13 09:30:46.301  2897  2897 E ActivityThread: --> reReadBuildProperty, android.os.Build.BluetoothProductClass=rtl8761bt ,old value:unknown
07-13 09:30:46.301  2897  2897 E ActivityThread: --> reReadBuildProperty, android.os.Build.BluetoothManufacturer=Realtek ,old value:unknown
07-13 09:30:46.301  2897  2897 E ActivityThread: --> reReadBuildProperty, android.os.Build.WiFiVersion=unknown ,old value:unknown
07-13 09:30:46.301  2897  2897 E ActivityThread: --> reReadBuildProperty, android.os.Build.WiFiProductClass=unknown ,old value:unknown
07-13 09:30:46.301  2897  2897 E ActivityThread: --> reReadBuildProperty, android.os.Build.WiFiManufacturer=unknown ,old value:unknown
07-13 09:30:46.322  2091  2107 I LocalDisplayAdapter: hdmi enable : 1
07-13 09:30:46.325  2091  2107 I chatty  : uid=1000(system) Binder:2091_2 identical 1 line
07-13 09:30:46.333  2091  2107 I LocalDisplayAdapter: hdmi enable : 1
07-13 09:30:46.471  2091  2367 W UserManagerService: isUserUnlocked: state = 3
07-13 09:30:46.479  2091  2106 W UserManagerService: isUserUnlocked: state = 3
07-13 09:30:46.506  2091  2878 W UserManagerService: isUserUnlocked: state = 3
07-13 09:30:46.514  2802  2802 W ContextImpl: Calling a method in the system process without a qualified user: android.app.ContextImpl.sendBroadcast:1008 android.content.ContextWrapper.sendBroadcast:444 android.content.ContextWrapper.sendBroadcast:444 android.app.ActivityThread.sendActivityStateBroadcast:3808 android.app.ActivityThread.performResumeActivity:3793
07-13 09:30:46.528  2091  2106 W UserManagerService: isUserUnlocked: state = 3
07-13 09:30:46.545  2091  2106 W UserManagerService: isUserUnlocked: state = 3
07-13 09:30:46.587  2091  2164 D BluetoothManagerService: MESSAGE_BLUETOOTH_STATE_CHANGE: TURNING_ON > ON
07-13 09:30:46.588  2091  2164 D BluetoothManagerService: Broadcasting onBluetoothStateChange(true) to 3 receivers.
07-13 09:30:46.593  2091  2164 D BluetoothManagerService: Creating new ProfileServiceConnections object for profile: 1
07-13 09:30:46.607  2091  2164 E BluetoothManagerService: Fail to bind to: Intent { act=android.bluetooth.IBluetoothHeadset }
07-13 09:30:46.607  2091  2164 W BluetoothManagerService: Unable to bind with intent: Intent { act=android.bluetooth.IBluetoothHeadset }
07-13 09:30:46.607  2091  2164 D BluetoothManagerService: Sending BLE State Change: TURNING_ON > ON
07-13 09:30:46.615  2091  2164 D BluetoothManagerService: MESSAGE_BLUETOOTH_STATE_CHANGE hasDevice:true
07-13 09:30:46.632  2091  2091 V SettingsProvider: Notifying for 0: content://settings/global/hidden_api_policy_pre_p_apps
07-13 09:30:46.633  2091  2091 V SettingsProvider: Notifying for 0: content://settings/global/hidden_api_policy_p_apps
07-13 09:30:46.669  2802  2802 W ContextImpl: Calling a method in the system process without a qualified user: android.app.ContextImpl.startActivity:902 android.content.ContextWrapper.startActivity:401 androidx.core.content.ContextCompat.startActivity:251 com.alibaba.android.arouter.launcher._ARouter.startActivity:449 com.alibaba.android.arouter.launcher._ARouter.access$200:45
07-13 09:30:46.671  2091  2878 I ActivityManager: START u0 {flg=0x10000000 cmp=net.sunniwell.app.guide/.ha.page.HaMainActivity (has extras)} from uid 1000
07-13 09:30:46.675  2091  2878 D ActivityManager: startActivityLocked packageName : net.sunniwell.app.guide,classnamenet.sunniwell.app.guide.ha.page.HaMainActivity
07-13 09:30:46.782  2802  2802 W ContextImpl: Calling a method in the system process without a qualified user: android.app.ContextImpl.sendBroadcast:1008 android.content.ContextWrapper.sendBroadcast:444 android.content.ContextWrapper.sendBroadcast:444 android.app.ActivityThread.sendActivityStateBroadcast:3808 android.app.ActivityThread.performPauseActivityIfNeeded:4059
07-13 09:30:46.791  2091  2319 W ActivityManager: realStartActivityLocked  processName=net.sunniwell.app.guide has been set ActivityRecord=ActivityRecord{88e7b5e u0 net.sunniwell.app.guide/.ha.page.HaMainActivity t1}
07-13 09:30:46.822  2867  2867 W ContextImpl: Calling a method in the system process without a qualified user: android.app.ContextImpl.bindService:1614 android.content.ContextWrapper.bindService:698 net.sunniwell.cwmp.protocol.manager.CWMPStbManager.bindApiService:117 net.sunniwell.cwmp.protocol.manager.CWMPStbManager.init:76 net.sunniwell.cwmp.protocol.manager.CWMPStbManager.<init>:58
07-13 09:30:46.846  2091  2925 D PackageManager: Instant App installer not found with android.intent.action.INSTALL_INSTANT_APP_PACKAGE_TEST
07-13 09:30:46.846  2091  2925 D PackageManager: Instant App installer not found with android.intent.action.INSTALL_INSTANT_APP_PACKAGE
07-13 09:30:46.846  2091  2925 D PackageManager: Clear ephemeral installer activity
07-13 09:30:46.888  2091  2925 I DisplayService: hdmi_state:1
07-13 09:30:46.977  2802  2802 W ContextImpl: Calling a method in the system process without a qualified user: android.app.ContextImpl.sendBroadcast:1008 android.content.ContextWrapper.sendBroadcast:444 android.content.ContextWrapper.sendBroadcast:444 android.app.ActivityThread.sendActivityStateBroadcast:3808 android.app.ActivityThread.performResumeActivity:3793
07-13 09:30:47.125  2091  2925 I ActivityManager: START u0 {act=android.intent.action.VIEW flg=0x10200000 cmp=com.huawei.stb.tm1/com.huawei.stb.tm.ui.activity.LoadingActivity} from uid 1000
07-13 09:30:47.140  2091  2925 D ActivityManager: startActivityLocked packageName : com.huawei.stb.tm1,classnamecom.huawei.stb.tm.ui.activity.LoadingActivity
07-13 09:30:47.164  2802  2802 W ContextImpl: Calling a method in the system process without a qualified user: android.app.ContextImpl.sendBroadcast:1008 android.content.ContextWrapper.sendBroadcast:444 android.content.ContextWrapper.sendBroadcast:444 android.app.ActivityThread.sendActivityStateBroadcast:3808 android.app.ActivityThread.performPauseActivityIfNeeded:4059
07-13 09:30:47.169  2091  2936 W ActivityManager: realStartActivityLocked  processName=com.huawei.stb.tm1 has been set ActivityRecord=ActivityRecord{36f51c5 u0 com.huawei.stb.tm1/com.huawei.stb.tm.ui.activity.LoadingActivity t7}
07-13 09:30:47.212  2657  2958 W ActivityThread: ClassLoader.loadClass: The class loader returned by Thread.getContextClassLoader() may fail for processes that host multiple applications. You should explicitly specify a context class loader. For example: Thread.setContextClassLoader(getClass().getClassLoader());
07-13 09:30:47.275  2657  2958 W ContextImpl: Calling a method in the system process without a qualified user: android.app.ContextImpl.startService:1534 android.content.ContextWrapper.startService:664 net.sunniwell.app.power.auto.provider.KeyTimeoutServiceProvider.startService:25 net.sunniwell.app.power.PowerApplication.loopNode:225 net.sunniwell.app.power.PowerApplication.loopNode:228
07-13 09:30:47.288  2657  2958 W ContextImpl: Calling a method in the system process without a qualified user: android.app.ContextImpl.startService:1534 android.content.ContextWrapper.startService:664 net.sunniwell.app.power.key.provider.PowerKeyShutdownServiceProvider.startService:25 net.sunniwell.app.power.PowerApplication.loopNode:225 net.sunniwell.app.power.PowerApplication.loopNode:228
07-13 09:30:47.316  2091  2936 D ConnectivityService: networkId null, isConnected true, isAvailable true
07-13 09:30:47.317  2725  2961 W ContextImpl: Calling a method in the system process without a qualified user: android.app.ContextImpl.startService:1534 android.content.ContextWrapper.startService:664 com.huawei.stb.tm.ui.activity.LoadingActivity$b.run:90 java.util.TimerThread.mainLoop:562 java.util.TimerThread.run:512
07-13 09:30:47.326  2725  2725 W ContextImpl: Calling a method in the system process without a qualified user: android.app.ContextImpl.sendBroadcast:1008 android.content.ContextWrapper.sendBroadcast:444 android.app.ActivityThread.sendActivityStateBroadcast:3808 android.app.ActivityThread.performResumeActivity:3793 android.app.ActivityThread.handleResumeActivity:3838
07-13 09:30:47.354  2725  2725 W ContextImpl: Calling a method in the system process without a qualified user: android.app.ContextImpl.stopService:1546 android.content.ContextWrapper.stopService:674 com.huawei.stb.tm.ui.service.AuthService.k:14 com.huawei.stb.tm.ui.service.AuthService.onStartCommand:137 android.app.ActivityThread.handleServiceArgs:3671
07-13 09:30:47.532  2091  2165 W WindowManager: App freeze timeout expired.
07-13 09:30:47.553  2091  2165 W WindowManager: ***** BOOT TIMEOUT: forcing display enabled
07-13 09:30:47.555  2091  2165 I WindowManager: ******* TELLING SURFACE FLINGER WE ARE BOOTED!
07-13 09:30:47.580  2091  2165 I SystemServiceManager: Starting phase 1000
07-13 09:30:47.582  2091  2165 D DisplayManagerService: PHASE_WAIT_FOR_DEFAULT_DISPLAY return
07-13 09:30:47.583  2091  2165 D AppOps  : checkOperation =:1,uid==:1000pkg==:android
07-13 09:30:47.583  2091  2163 D ActivityManager: collectReceiverComponents; currently uptime 16167
07-13 09:30:47.583  2091  2163 I UsbDeviceManager: Setting USB config to mtp
07-13 09:30:47.588  2091  2165 D AppOps  : checkOperation =:1,uid==:1000pkg==:android
07-13 09:30:47.589  2091  2165 V ActivityManager: sendEmptyMessageDelayed IPTV_START_HOLDDELAY_MSG
07-13 09:30:47.676  2091  2091 I TransportClient: LocalTransportService#0: Notifying [TransportManager.registerTransport()] transport = IBackupTransport
07-13 09:30:47.688  2091  2476 D BackupTransportManager: Transport android/com.android.internal.backup.LocalTransportService registered
07-13 09:30:47.688  2091  2476 D BackupManagerService: Transport android/com.android.internal.backup.LocalTransport registered 3082ms after first request (delay = 3000ms)
07-13 09:30:47.717  2091  2476 I BackupManagerService: Found stale backup journal, scheduling
07-13 09:30:48.082  2091  2476 I chatty  : uid=1000(system) backup identical 232 lines
07-13 09:30:48.082  2091  2476 I BackupManagerService: Found stale backup journal, scheduling
07-13 09:30:48.728  2091  2163 D NetworkManagementService: NetdResponseCode.InterfaceAddressChange
07-13 09:30:48.729  2091  2163 D NetworkManagementService: InterfaceAddressChange iface =eth0 flags=0 scope=0 address=3001::6/64
07-13 09:30:48.729  2091  2163 D NetworkManagementService: InterfaceAddressChange before notifyAddressUpdated iface=eth0 address=3001::6/64
07-13 09:30:49.396  2091  2091 V SettingsProvider: Notifying for 0: content://settings/global/hidden_api_policy_pre_p_apps
07-13 09:30:49.398  2091  2091 V SettingsProvider: Notifying for 0: content://settings/global/hidden_api_policy_p_apps
07-13 09:30:49.615  2091  2091 W ActivityManager: startProcessLocked processName:com.iflytek.bt.auto with  pid:0
07-13 09:30:49.630  2091  3039 I BootReceiver: Copying audit failures to DropBox
07-13 09:30:49.631  2091  3039 I BootReceiver: Checking for fsck errors
07-13 09:30:49.632  2091  3039 I BootReceiver: fs_stat, partition:cache stat:0xb
07-13 09:30:49.633  2091  3039 I BootReceiver: fs_stat, partition:private stat:0xb
07-13 09:30:49.639  2091  2144 I ActivityManager: Start proc 3040:com.iflytek.bt.auto/u0a25 for broadcast com.iflytek.bt.auto/.BootStartReceiver
07-13 09:30:49.646  2091  3039 E ActivityThread: Failed to find provider info for downloads
07-13 09:30:49.646  2091  3039 E BootReceiver: Can't remove old update packages
07-13 09:30:49.646  2091  3039 E BootReceiver: java.lang.IllegalArgumentException: Unknown URL content://downloads/my_downloads
07-13 09:30:49.646  2091  3039 E BootReceiver: 	at android.content.ContentResolver.delete(ContentResolver.java:1680)
07-13 09:30:49.646  2091  3039 E BootReceiver: 	at android.provider.Downloads.removeAllDownloadsByPackage(Downloads.java:812)
07-13 09:30:49.646  2091  3039 E BootReceiver: 	at com.android.server.BootReceiver.removeOldUpdatePackages(BootReceiver.java:150)
07-13 09:30:49.646  2091  3039 E BootReceiver: 	at com.android.server.BootReceiver.access$100(BootReceiver.java:66)
07-13 09:30:49.646  2091  3039 E BootReceiver: 	at com.android.server.BootReceiver$1.run(BootReceiver.java:139)
07-13 09:30:49.676  2091  2243 D ConnectivityService: updateNetworkInfo change CONNECTED!!!
07-13 09:30:49.677  2091  2243 D ConnectivityService: mIface eth0,mode gateway,address ::/::
07-13 09:30:49.681  2091  2243 D ConnectivityService: mIface eth0,mode dns1,address /192.168.100.1
07-13 09:30:49.682  2091  2243 D ConnectivityService: mIface eth0,mode dns2,address /2620:119:35::35
07-13 09:30:49.684  2091  2243 D DnsManager: setDnsConfigurationForNetwork(100, [211.138.24.66, 211.138.30.66, 2409:8088::a, 2409:8088::b], [], [1800, 25, 8, 64], , [211.138.24.66, 211.138.30.66, 2409:8088::a, 2409:8088::b])
07-13 09:30:49.708  3040  3040 E ActivityThread: --> reReadBuildProperty, currentPackageName:com.iflytek.bt.auto values:[PRODUCTIONDATE, BluetoothVersion, BluetoothProductClass, BluetoothManufacturer, WiFiVersion, WiFiProductClass, WiFiManufacturer]
07-13 09:30:49.709  3040  3040 E ActivityThread: --> reReadBuildProperty, android.os.Build.PRODUCTIONDATE=2023-12 ,old value:unknown
07-13 09:30:49.709  3040  3040 E ActivityThread: --> reReadBuildProperty, android.os.Build.BluetoothVersion=BT5.1 ,old value:unknown
07-13 09:30:49.709  3040  3040 E ActivityThread: --> reReadBuildProperty, android.os.Build.BluetoothProductClass=rtl8761bt ,old value:unknown
07-13 09:30:49.710  3040  3040 E ActivityThread: --> reReadBuildProperty, android.os.Build.BluetoothManufacturer=Realtek ,old value:unknown
07-13 09:30:49.712  3040  3040 E ActivityThread: --> reReadBuildProperty, android.os.Build.WiFiVersion=unknown ,old value:unknown
07-13 09:30:49.712  3040  3040 E ActivityThread: --> reReadBuildProperty, android.os.Build.WiFiProductClass=unknown ,old value:unknown
07-13 09:30:49.712  3040  3040 E ActivityThread: --> reReadBuildProperty, android.os.Build.WiFiManufacturer=unknown ,old value:unknown
07-13 09:30:49.773  2091  2925 D AppOps  : checkOperation =:70,uid==:10025pkg==:com.iflytek.bt.auto
07-13 09:30:49.773  2091  2925 D AppOps  : checkOperation =:76,uid==:10025pkg==:com.iflytek.bt.auto
07-13 09:30:49.790  2091  2925 D AppOps  : checkOperation =:76,uid==:10025pkg==:com.iflytek.bt.auto
07-13 09:30:49.790  2091  2925 D AppOps  : checkOperation =:70,uid==:10025pkg==:com.iflytek.bt.auto
07-13 09:30:49.812  2091  2925 W ActivityManager: Unable to start service Intent { cmp=com.iflytek.xiri/.guide.bluetoothmatch.BtMatchServer } U=0: not found
07-13 09:30:49.818  2671  2671 W ContextImpl: Calling a method in the system process without a qualified user: android.app.ContextImpl.startService:1534 android.content.ContextWrapper.startService:664 android.content.ContextWrapper.startService:664 com.cmdc.service.burntest.BootReciver.onReceive:38 android.app.ActivityThread.handleReceiver:3383
07-13 09:30:49.834  2570  2570 W ContextImpl: Calling a method in the system process without a qualified user: android.app.ContextImpl.startService:1534 android.content.ContextWrapper.startService:664 android.content.ContextWrapper.startService:664 net.sunniwell.service.status.receiver.BootReceiver.onReceive:33 android.app.ActivityThread.handleReceiver:3383
07-13 09:30:49.885  2543  2543 W ContextImpl: Calling a method in the system process without a qualified user: android.app.ContextImpl.stopService:1546 android.content.ContextWrapper.stopService:674 android.content.ContextWrapper.stopService:674 net.sunniwell.service.stb.producttest.BootReciver.onReceive:47 android.app.ActivityThread.handleReceiver:3383
07-13 09:30:49.887  2543  2543 W ContextImpl: Calling a method in the system process without a qualified user: android.app.ContextImpl.startService:1534 android.content.ContextWrapper.startService:664 android.content.ContextWrapper.startService:664 net.sunniwell.service.stb.producttest.BootReciver.onReceive:60 android.app.ActivityThread.handleReceiver:3383
07-13 09:30:49.894  2091  2319 W ActivityManager: startProcessLocked processName:net.sunniwell.app.init with  pid:0
07-13 09:30:49.938  2091  2144 I ActivityManager: Start proc 3066:net.sunniwell.app.init/1000 for broadcast net.sunniwell.app.init/.reciver.InitAppReciver
07-13 09:30:49.973  2091  2925 D ConnectivityService: networkId null, isConnected true, isAvailable true
07-13 09:30:49.978  2091  2319 D ConnectivityService: networkId null, isConnected true, isAvailable true
07-13 09:30:49.991  3066  3066 E ActivityThread: --> reReadBuildProperty, currentPackageName:net.sunniwell.app.init values:[PRODUCTIONDATE, BluetoothVersion, BluetoothProductClass, BluetoothManufacturer, WiFiVersion, WiFiProductClass, WiFiManufacturer]
07-13 09:30:49.992  3066  3066 E ActivityThread: --> reReadBuildProperty, android.os.Build.PRODUCTIONDATE=2023-12 ,old value:unknown
07-13 09:30:49.992  3066  3066 E ActivityThread: --> reReadBuildProperty, android.os.Build.BluetoothVersion=BT5.1 ,old value:unknown
07-13 09:30:49.992  3066  3066 E ActivityThread: --> reReadBuildProperty, android.os.Build.BluetoothProductClass=rtl8761bt ,old value:unknown
07-13 09:30:49.992  3066  3066 E ActivityThread: --> reReadBuildProperty, android.os.Build.BluetoothManufacturer=Realtek ,old value:unknown
07-13 09:30:49.992  3066  3066 E ActivityThread: --> reReadBuildProperty, android.os.Build.WiFiVersion=unknown ,old value:unknown
07-13 09:30:49.992  3066  3066 E ActivityThread: --> reReadBuildProperty, android.os.Build.WiFiProductClass=unknown ,old value:unknown
07-13 09:30:49.992  3066  3066 E ActivityThread: --> reReadBuildProperty, android.os.Build.WiFiManufacturer=unknown ,old value:unknown
07-13 09:30:50.080  3066  3066 W ContextImpl: Calling a method in the system process without a qualified user: android.app.ContextImpl.bindService:1614 android.content.ContextWrapper.bindService:698 net.sunniwell.app.init.utils.SWBindAPIManager.bindApiService:49 net.sunniwell.app.init.utils.SWBindAPIManager.<init>:25 net.sunniwell.app.init.utils.SWBindAPIManager.getInstance:36
07-13 09:30:50.088  2091  2925 W ActivityManager: startProcessLocked processName:net.sunniwell.app.upgrade.online with  pid:0
07-13 09:30:50.111  2091  2144 I ActivityManager: Start proc 3089:net.sunniwell.app.upgrade.online/1000 for broadcast net.sunniwell.app.upgrade.online/.broadcast.UpgradeBootBroadcastReceiver
07-13 09:30:50.178  3089  3089 E ActivityThread: --> reReadBuildProperty, currentPackageName:net.sunniwell.app.upgrade.online values:[PRODUCTIONDATE, BluetoothVersion, BluetoothProductClass, BluetoothManufacturer, WiFiVersion, WiFiProductClass, WiFiManufacturer]
07-13 09:30:50.178  3089  3089 E ActivityThread: --> reReadBuildProperty, android.os.Build.PRODUCTIONDATE=2023-12 ,old value:unknown
07-13 09:30:50.179  3089  3089 E ActivityThread: --> reReadBuildProperty, android.os.Build.BluetoothVersion=BT5.1 ,old value:unknown
07-13 09:30:50.179  3089  3089 E ActivityThread: --> reReadBuildProperty, android.os.Build.BluetoothProductClass=rtl8761bt ,old value:unknown
07-13 09:30:50.179  3089  3089 E ActivityThread: --> reReadBuildProperty, android.os.Build.BluetoothManufacturer=Realtek ,old value:unknown
07-13 09:30:50.179  3089  3089 E ActivityThread: --> reReadBuildProperty, android.os.Build.WiFiVersion=unknown ,old value:unknown
07-13 09:30:50.179  3089  3089 E ActivityThread: --> reReadBuildProperty, android.os.Build.WiFiProductClass=unknown ,old value:unknown
07-13 09:30:50.179  3089  3089 E ActivityThread: --> reReadBuildProperty, android.os.Build.WiFiManufacturer=unknown ,old value:unknown
07-13 09:30:50.351  3089  3089 W ContextImpl: Calling a method in the system process without a qualified user: android.app.ContextImpl.startForegroundService:1540 android.content.ContextWrapper.startForegroundService:669 android.content.ContextWrapper.startForegroundService:669 net.sunniwell.app.upgrade.online.RegisterBroadcastService.startRegisterBroadcastService:113 net.sunniwell.app.upgrade.online.broadcast.UpgradeBootBroadcastReceiver.onReceive:49
