--------- beginning of system
10-01 00:00:07.256  1810  1810 D vold    : e4crypt_init_user0
10-01 00:00:07.256  1810  1810 D vold    : e4crypt_prepare_user_storage for volume null, user 0, serial 0, flags 1
10-01 00:00:07.256  1810  1810 D vold    : Preparing: /data/system/users/0
10-01 00:00:07.257  1810  1810 D vold    : Preparing: /data/misc/profiles/cur/0
10-01 00:00:07.257  1810  1810 D vold    : Preparing: /data/system_de/0
10-01 00:00:07.258  1810  1810 D vold    : Preparing: /data/misc_de/0
10-01 00:00:07.258  1810  1810 D vold    : Preparing: /data/vendor_de/0
10-01 00:00:07.259  1810  1810 D vold    : Preparing: /data/user_de/0
10-01 00:00:07.259  1810  1810 V vold    : /system/bin/vold_prepare_subdirs
10-01 00:00:07.259  1810  1810 V vold    :     prepare
10-01 00:00:07.259  1810  1810 V vold    :
10-01 00:00:07.259  1810  1810 V vold    :     0
10-01 00:00:07.259  1810  1810 V vold    :     1
10-01 00:00:07.398  1774  1774 D Zygote32Timing: PreloadMainThread took to complete: 994ms
10-01 00:00:07.413  1810  1810 D vold    : e4crypt_unlock_user_key 0 serial=0 token_present=0
10-01 00:00:07.416  1810  1810 E vold    : Failed to chmod /data/misc_ce/0: No such file or directory
10-01 00:00:07.511  1774  1774 D Zygote32Timing: PreloadClasses took to complete: 1113ms
10-01 00:00:07.607  1774  1774 D Zygote32Timing: ZygotePreload took to complete: 1210ms
10-01 00:00:07.607  1774  1774 D Zygote32Timing: ZygoteInit took to complete: 1211ms
10-01 00:00:07.837  1774  1774 D Zygote32Timing: WaittingPreloadResources took to complete: 221ms
10-01 00:00:08.031  1774  1774 D Zygote32Timing: PostZygoteInitGC took to complete: 47ms
10-01 00:00:08.128  2091  2091 I SystemServer: InitBeforeStartServices
10-01 00:00:08.131  2091  2091 I SystemServer: Entered the Android system server!
10-01 00:00:08.270  2091  2127 D SystemServerInitThreadPool: Started executing ASyncAndroidServers
10-01 00:00:08.286  2091  2091 D SystemServerTiming: InitBeforeStartServices took to complete: 157ms
10-01 00:00:08.286  2091  2091 I SystemServer: StartServices
10-01 00:00:08.286  2091  2091 I SystemServer: Reading configuration...
10-01 00:00:08.286  2091  2091 I SystemServer: ReadingSystemConfig
10-01 00:00:08.287  2091  2091 D SystemServerTiming: ReadingSystemConfig took to complete: 1ms
10-01 00:00:08.287  2091  2091 I SystemServer: StartInstaller
10-01 00:00:08.288  2091  2129 D SystemServerInitThreadPool: Started executing ReadingSystemConfig
10-01 00:00:08.289  2091  2091 I SystemServiceManager: Starting com.android.server.pm.Installer
10-01 00:00:08.301  2091  2091 D SystemServerTiming: StartInstaller took to complete: 15ms
10-01 00:00:08.301  2091  2091 I SystemServer: DeviceIdentifiersPolicyService
10-01 00:00:08.301  2091  2091 I SystemServiceManager: Starting com.android.server.os.DeviceIdentifiersPolicyService
10-01 00:00:08.306  2091  2091 D SystemServerTiming: DeviceIdentifiersPolicyService took to complete: 4ms
10-01 00:00:08.306  2091  2091 I SystemServer: StartActivityManager
10-01 00:00:08.306  2091  2091 I SystemServiceManager: Starting com.android.server.am.ActivityManagerService$Lifecycle
10-01 00:00:08.362  2091  2129 D SystemServerInitThreadPool: Finished executing ReadingSystemConfig
10-01 00:00:08.384  2091  2091 I ActivityManager: Memory class: 256
10-01 00:00:08.469  2091  2091 D BatteryStatsImpl: Reading daily items from /data/system/batterystats-daily.xml
10-01 00:00:08.517  2091  2152 E BatteryExternalStatsWorker: no controller energy info supplied for telephony
10-01 00:00:08.519  2091  2152 I KernelUidCpuFreqTimeReader: mPerClusterTimesAvailable=false
10-01 00:00:08.682  2091  2091 W AppOps  : Unknown attribute in 'op' tag: n
10-01 00:00:08.687  2091  2091 I chatty  : uid=1000 system_server identical 96 lines
10-01 00:00:08.687  2091  2152 W KernelCpuProcReader: File not exist: /proc/uid_cpupower/time_in_state
10-01 00:00:08.687  2091  2091 W AppOps  : Unknown attribute in 'op' tag: n
10-01 00:00:08.687  2091  2091 W AppOps  : Unknown attribute in 'op' tag: n
10-01 00:00:08.688  2091  2091 I chatty  : uid=1000 system_server identical 9 lines
10-01 00:00:08.688  2091  2091 W AppOps  : Unknown attribute in 'op' tag: n
10-01 00:00:08.688  2091  2152 W KernelCpuProcReader: File not exist: /proc/uid_cpupower/concurrent_active_time
10-01 00:00:08.688  2091  2091 W AppOps  : Unknown attribute in 'op' tag: n
10-01 00:00:08.689  2091  2091 I chatty  : uid=1000 system_server identical 5 lines
10-01 00:00:08.689  2091  2091 W AppOps  : Unknown attribute in 'op' tag: n
10-01 00:00:08.689  2091  2152 W KernelCpuProcReader: File not exist: /proc/uid_cpupower/concurrent_policy_time
10-01 00:00:08.689  2091  2091 W AppOps  : Unknown attribute in 'op' tag: n
10-01 00:00:08.693  2091  2091 I chatty  : uid=1000 system_server identical 65 lines
10-01 00:00:08.694  2091  2091 W AppOps  : Unknown attribute in 'op' tag: n
10-01 00:00:08.746  2091  2127 D SystemServerInitThreadPool: Finished executing ASyncAndroidServers
10-01 00:00:08.749  2091  2091 I IntentFirewall: Read new rules (A:0 B:0 S:0)
10-01 00:00:08.768  2091  2091 D ActivityManager: processes==:com.homecdn.pservice
10-01 00:00:08.777  2091  2091 D AppOps  : AppOpsService published
10-01 00:00:08.777  2091  2091 D SystemServerTiming: StartActivityManager took to complete: 471ms
10-01 00:00:08.777  2091  2091 I SystemServer: StartPowerManager
10-01 00:00:08.778  2091  2091 I SystemServiceManager: Starting com.android.server.power.PowerManagerService
10-01 00:00:08.797  2091  2091 D SystemServerTiming: StartPowerManager took to complete: 20ms
10-01 00:00:08.798  2091  2091 I SystemServer: InitPowerManagement
10-01 00:00:08.802  2091  2091 D SystemServerTiming: InitPowerManagement took to complete: 5ms
10-01 00:00:08.802  2091  2091 I SystemServer: StartRecoverySystemService
10-01 00:00:08.802  2091  2091 I SystemServiceManager: Starting com.android.server.RecoverySystemService
10-01 00:00:08.806  2091  2091 D SystemServerTiming: StartRecoverySystemService took to complete: 3ms
10-01 00:00:08.806  2091  2091 V RescueParty: Disabled because of eng build
10-01 00:00:08.806  2091  2091 I SystemServer: StartLightsService
10-01 00:00:08.807  2091  2091 I SystemServiceManager: Starting com.android.server.lights.LightsService
10-01 00:00:08.811  2091  2091 D SystemServerTiming: StartLightsService took to complete: 5ms
10-01 00:00:08.812  2091  2091 I SystemServer: StartSidekickService
10-01 00:00:08.812  2091  2091 D SystemServerTiming: StartSidekickService took to complete: 0ms
10-01 00:00:08.812  2091  2091 I SystemServer: StartDisplayManager
10-01 00:00:08.812  2091  2091 I SystemServiceManager: Starting com.android.server.display.DisplayManagerService
10-01 00:00:08.825  2091  2091 D SystemServerTiming: StartDisplayManager took to complete: 13ms
10-01 00:00:08.825  2091  2091 I SystemServer: WaitForDisplay
10-01 00:00:08.825  2091  2091 I SystemServiceManager: Starting phase 100
10-01 00:00:08.827  2091  2091 D DisplayManagerService: PHASE_WAIT_FOR_DEFAULT_DISPLAY return
10-01 00:00:08.827  2091  2091 D SystemServerTiming: WaitForDisplay took to complete: 2ms
10-01 00:00:08.827  2091  2091 I SystemServer: StartPackageManagerService
10-01 00:00:08.829  2091  2165 W LocalDisplayAdapter: info not ready !
10-01 00:00:08.843  2091  2165 I LocalDisplayAdapter: hdmi enable : 1
10-01 00:00:08.855  2091  2165 I DisplayManagerService: handleDisplayDeviceAddedLocked device : com.android.server.display.LocalDisplayAdapter$LocalDisplayDevice@10aa580
10-01 00:00:08.858  2091  2165 I LocalDisplayAdapter: hdmi enable : 1
10-01 00:00:08.861  2091  2165 I chatty  : uid=1000(system) android.display identical 1 line
10-01 00:00:08.865  2091  2165 I LocalDisplayAdapter: hdmi enable : 1
10-01 00:00:08.865  2091  2091 E PackageManager: Veritify signature file use pub_keys.txt!
10-01 00:00:08.868  2091  2165 I LocalDisplayAdapter: hdmi enable : 1
10-01 00:00:08.875  2091  2165 I LocalDisplayAdapter: hdmi enable : 1
10-01 00:00:08.876  2091  2165 I DisplayManagerService: Display device changed state: "HDMI 屏幕", ON
10-01 00:00:08.878  2091  2167 W ProcessCpuTracker: Skipping unknown process pid 2166
10-01 00:00:08.878  2091  2165 I LocalDisplayAdapter: hdmi enable : 1
10-01 00:00:08.906  2091  2091 E PackageManager: swWhitePersistentInstall.txt file not exist
10-01 00:00:08.945  2091  2091 D SELinuxMMAC: Using policy file /system/etc/selinux/plat_mac_permissions.xml
10-01 00:00:08.948  2091  2091 D SELinuxMMAC: Using policy file /vendor/etc/selinux/vendor_mac_permissions.xml
10-01 00:00:09.216  2091  2091 W PackageManager: Failed to parse /system/framework/arm: Missing base APK in /system/framework/arm
10-01 00:00:09.216  2091  2091 W PackageManager: Failed to parse /system/framework/oat: Missing base APK in /system/framework/oat
10-01 00:00:09.239  2091  2091 E PackageManager: pubkeyString===:d6d38fbe375bf6d48ca94761bb6cb31018f3ef2d0b9921e41af2403139afe4cf4dfd6d086b912412b0612b30ff894f341952ee99afacc2ae86e5d801c15f58add0c450d727ef78cc62a2eef84de82b626f8b0896e743e7a528e2c4e4c59a81b6da99cb4892f38ffd90a9f49570a5f2b7099bed34d906b41bd2cc3f470a2cb38c4e38818c6c1bef0e1cdc1b8ec05ec8899de4f338b6b2dd6118463adcfdd5c89629dd83b378efb2fa5f787660593dee540ca8f784be5ac7344c6dbe1198f511b0517fd9815ba35121d6aab495e65bbe8b7c26930f2ad873b729ba13886b9482b7a47772a9b1b536868c4ecb0584d7049d2e81efa205aff1117cc5e91df67cba43
10-01 00:00:09.239  2091  2091 I PackageManager: verification success
10-01 00:00:09.239  2091  2091 E PackageManager: pkg verifySignatures success
10-01 00:00:09.261  2091  2091 E PackageManager: pubkeyString===:9bf3b2cf59304e396728487255cd5f576c0bd1dae268a7d049491e88a99a6a424540cb5beed32884174559a74d048e4071cad2ec3010d42434742d742db5b6be8510d22621717eaf269e6d7e04e7fee653b7ca2ed6bf3c04c244057964a8f6de8f63d95e75e8e8784b5f43a51e86d1ccb58129195cd9a80a855440a811f7cfbf7f861dfae2196e620e53ab98eb21413e437c601f4de0091259d4cd40c908dba61d3766992b3faca0caf443cce9a119f94eac57507a06e5aa7811db5cb71aa962a0dde28ac74ec56eead3bf9c332b8a4e9a02bce0a7c3d8c02253b452c37a927d811e1d7b404ae640a7db607699b61a708310fb4fffe645ed4a7c81fd4bf69421
10-01 00:00:09.261  2091  2091 I PackageManager: verification  failed
10-01 00:00:09.267  2091  2091 E PackageManager: pubkeyString===:d6d38fbe375bf6d48ca94761bb6cb31018f3ef2d0b9921e41af2403139afe4cf4dfd6d086b912412b0612b30ff894f341952ee99afacc2ae86e5d801c15f58add0c450d727ef78cc62a2eef84de82b626f8b0896e743e7a528e2c4e4c59a81b6da99cb4892f38ffd90a9f49570a5f2b7099bed34d906b41bd2cc3f470a2cb38c4e38818c6c1bef0e1cdc1b8ec05ec8899de4f338b6b2dd6118463adcfdd5c89629dd83b378efb2fa5f787660593dee540ca8f784be5ac7344c6dbe1198f511b0517fd9815ba35121d6aab495e65bbe8b7c26930f2ad873b729ba13886b9482b7a47772a9b1b536868c4ecb0584d7049d2e81efa205aff1117cc5e91df67cba43
10-01 00:00:09.267  2091  2091 I PackageManager: verification success
10-01 00:00:09.267  2091  2091 E PackageManager: pkg verifySignatures success
10-01 00:00:09.275  2091  2091 E PackageManager: pubkeyString===:d6d38fbe375bf6d48ca94761bb6cb31018f3ef2d0b9921e41af2403139afe4cf4dfd6d086b912412b0612b30ff894f341952ee99afacc2ae86e5d801c15f58add0c450d727ef78cc62a2eef84de82b626f8b0896e743e7a528e2c4e4c59a81b6da99cb4892f38ffd90a9f49570a5f2b7099bed34d906b41bd2cc3f470a2cb38c4e38818c6c1bef0e1cdc1b8ec05ec8899de4f338b6b2dd6118463adcfdd5c89629dd83b378efb2fa5f787660593dee540ca8f784be5ac7344c6dbe1198f511b0517fd9815ba35121d6aab495e65bbe8b7c26930f2ad873b729ba13886b9482b7a47772a9b1b536868c4ecb0584d7049d2e81efa205aff1117cc5e91df67cba43
10-01 00:00:09.275  2091  2091 I PackageManager: verification success
10-01 00:00:09.275  2091  2091 E PackageManager: pkg verifySignatures success
10-01 00:00:09.287  2091  2091 E PackageManager: pubkeyString===:d6d38fbe375bf6d48ca94761bb6cb31018f3ef2d0b9921e41af2403139afe4cf4dfd6d086b912412b0612b30ff894f341952ee99afacc2ae86e5d801c15f58add0c450d727ef78cc62a2eef84de82b626f8b0896e743e7a528e2c4e4c59a81b6da99cb4892f38ffd90a9f49570a5f2b7099bed34d906b41bd2cc3f470a2cb38c4e38818c6c1bef0e1cdc1b8ec05ec8899de4f338b6b2dd6118463adcfdd5c89629dd83b378efb2fa5f787660593dee540ca8f784be5ac7344c6dbe1198f511b0517fd9815ba35121d6aab495e65bbe8b7c26930f2ad873b729ba13886b9482b7a47772a9b1b536868c4ecb0584d7049d2e81efa205aff1117cc5e91df67cba43
10-01 00:00:09.287  2091  2091 I PackageManager: verification success
10-01 00:00:09.287  2091  2091 E PackageManager: pkg verifySignatures success
10-01 00:00:09.291  2091  2091 E PackageManager: pubkeyString===:d6d38fbe375bf6d48ca94761bb6cb31018f3ef2d0b9921e41af2403139afe4cf4dfd6d086b912412b0612b30ff894f341952ee99afacc2ae86e5d801c15f58add0c450d727ef78cc62a2eef84de82b626f8b0896e743e7a528e2c4e4c59a81b6da99cb4892f38ffd90a9f49570a5f2b7099bed34d906b41bd2cc3f470a2cb38c4e38818c6c1bef0e1cdc1b8ec05ec8899de4f338b6b2dd6118463adcfdd5c89629dd83b378efb2fa5f787660593dee540ca8f784be5ac7344c6dbe1198f511b0517fd9815ba35121d6aab495e65bbe8b7c26930f2ad873b729ba13886b9482b7a47772a9b1b536868c4ecb0584d7049d2e81efa205aff1117cc5e91df67cba43
10-01 00:00:09.291  2091  2091 I PackageManager: verification success
10-01 00:00:09.291  2091  2091 E PackageManager: pkg verifySignatures success
10-01 00:00:09.303  2091  2091 W PackageManager: Failed to scan /system/priv-app/TVBox_SC_3.7.3420.20250425_sign: Package com.huawei.tvbox at /system/priv-app/TVBox_SC_3.7.3420.20250425_sign ignored: updated version 2026070309 better than this 3420
10-01 00:00:09.304  2091  2091 W PackageManager: Failed to scan /system/priv-app/HNVideo_v3.4.1: Package tv.newtv.hnvideo at /system/priv-app/HNVideo_v3.4.1 ignored: updated version 30401 better than this 30401
10-01 00:00:09.309  2091  2091 E PackageManager: pubkeyString===:d6d38fbe375bf6d48ca94761bb6cb31018f3ef2d0b9921e41af2403139afe4cf4dfd6d086b912412b0612b30ff894f341952ee99afacc2ae86e5d801c15f58add0c450d727ef78cc62a2eef84de82b626f8b0896e743e7a528e2c4e4c59a81b6da99cb4892f38ffd90a9f49570a5f2b7099bed34d906b41bd2cc3f470a2cb38c4e38818c6c1bef0e1cdc1b8ec05ec8899de4f338b6b2dd6118463adcfdd5c89629dd83b378efb2fa5f787660593dee540ca8f784be5ac7344c6dbe1198f511b0517fd9815ba35121d6aab495e65bbe8b7c26930f2ad873b729ba13886b9482b7a47772a9b1b536868c4ecb0584d7049d2e81efa205aff1117cc5e91df67cba43
10-01 00:00:09.309  2091  2091 I PackageManager: verification success
10-01 00:00:09.309  2091  2091 E PackageManager: pkg verifySignatures success
10-01 00:00:09.331  2091  2091 E PackageManager: pubkeyString===:d6d38fbe375bf6d48ca94761bb6cb31018f3ef2d0b9921e41af2403139afe4cf4dfd6d086b912412b0612b30ff894f341952ee99afacc2ae86e5d801c15f58add0c450d727ef78cc62a2eef84de82b626f8b0896e743e7a528e2c4e4c59a81b6da99cb4892f38ffd90a9f49570a5f2b7099bed34d906b41bd2cc3f470a2cb38c4e38818c6c1bef0e1cdc1b8ec05ec8899de4f338b6b2dd6118463adcfdd5c89629dd83b378efb2fa5f787660593dee540ca8f784be5ac7344c6dbe1198f511b0517fd9815ba35121d6aab495e65bbe8b7c26930f2ad873b729ba13886b9482b7a47772a9b1b536868c4ecb0584d7049d2e81efa205aff1117cc5e91df67cba43
10-01 00:00:09.331  2091  2091 I PackageManager: verification success
10-01 00:00:09.331  2091  2091 E PackageManager: pkg verifySignatures success
10-01 00:00:09.342  2091  2091 E PackageManager: pubkeyString===:d6d38fbe375bf6d48ca94761bb6cb31018f3ef2d0b9921e41af2403139afe4cf4dfd6d086b912412b0612b30ff894f341952ee99afacc2ae86e5d801c15f58add0c450d727ef78cc62a2eef84de82b626f8b0896e743e7a528e2c4e4c59a81b6da99cb4892f38ffd90a9f49570a5f2b7099bed34d906b41bd2cc3f470a2cb38c4e38818c6c1bef0e1cdc1b8ec05ec8899de4f338b6b2dd6118463adcfdd5c89629dd83b378efb2fa5f787660593dee540ca8f784be5ac7344c6dbe1198f511b0517fd9815ba35121d6aab495e65bbe8b7c26930f2ad873b729ba13886b9482b7a47772a9b1b536868c4ecb0584d7049d2e81efa205aff1117cc5e91df67cba43
10-01 00:00:09.342  2091  2091 I PackageManager: verification success
10-01 00:00:09.342  2091  2091 E PackageManager: pkg verifySignatures success
10-01 00:00:09.345  2091  2091 W PackageManager: Failed to scan /system/app/WebTV_ZB_YD_V4.1.6_91_signed: Package com.brlf.tvlivelaunch at /system/app/WebTV_ZB_YD_V4.1.6_91_signed ignored: updated version 92 better than this 91
10-01 00:00:09.351  2091  2091 E PackageManager: pubkeyString===:d6d38fbe375bf6d48ca94761bb6cb31018f3ef2d0b9921e41af2403139afe4cf4dfd6d086b912412b0612b30ff894f341952ee99afacc2ae86e5d801c15f58add0c450d727ef78cc62a2eef84de82b626f8b0896e743e7a528e2c4e4c59a81b6da99cb4892f38ffd90a9f49570a5f2b7099bed34d906b41bd2cc3f470a2cb38c4e38818c6c1bef0e1cdc1b8ec05ec8899de4f338b6b2dd6118463adcfdd5c89629dd83b378efb2fa5f787660593dee540ca8f784be5ac7344c6dbe1198f511b0517fd9815ba35121d6aab495e65bbe8b7c26930f2ad873b729ba13886b9482b7a47772a9b1b536868c4ecb0584d7049d2e81efa205aff1117cc5e91df67cba43
10-01 00:00:09.351  2091  2091 I PackageManager: verification success
10-01 00:00:09.351  2091  2091 E PackageManager: pkg verifySignatures success
10-01 00:00:09.353  2091  2091 W PackageManager: Failed to parse /system/app/Xiri_HeNanMobile_410201.211010210.132.03release_encrypted-sign: No packages found in split
10-01 00:00:09.360  2091  2091 E PackageManager: pubkeyString===:d6d38fbe375bf6d48ca94761bb6cb31018f3ef2d0b9921e41af2403139afe4cf4dfd6d086b912412b0612b30ff894f341952ee99afacc2ae86e5d801c15f58add0c450d727ef78cc62a2eef84de82b626f8b0896e743e7a528e2c4e4c59a81b6da99cb4892f38ffd90a9f49570a5f2b7099bed34d906b41bd2cc3f470a2cb38c4e38818c6c1bef0e1cdc1b8ec05ec8899de4f338b6b2dd6118463adcfdd5c89629dd83b378efb2fa5f787660593dee540ca8f784be5ac7344c6dbe1198f511b0517fd9815ba35121d6aab495e65bbe8b7c26930f2ad873b729ba13886b9482b7a47772a9b1b536868c4ecb0584d7049d2e81efa205aff1117cc5e91df67cba43
10-01 00:00:09.360  2091  2091 I PackageManager: verification success
10-01 00:00:09.360  2091  2091 E PackageManager: pkg verifySignatures success
10-01 00:00:09.365  2091  2091 E PackageManager: pubkeyString===:d6d38fbe375bf6d48ca94761bb6cb31018f3ef2d0b9921e41af2403139afe4cf4dfd6d086b912412b0612b30ff894f341952ee99afacc2ae86e5d801c15f58add0c450d727ef78cc62a2eef84de82b626f8b0896e743e7a528e2c4e4c59a81b6da99cb4892f38ffd90a9f49570a5f2b7099bed34d906b41bd2cc3f470a2cb38c4e38818c6c1bef0e1cdc1b8ec05ec8899de4f338b6b2dd6118463adcfdd5c89629dd83b378efb2fa5f787660593dee540ca8f784be5ac7344c6dbe1198f511b0517fd9815ba35121d6aab495e65bbe8b7c26930f2ad873b729ba13886b9482b7a47772a9b1b536868c4ecb0584d7049d2e81efa205aff1117cc5e91df67cba43
10-01 00:00:09.365  2091  2091 I PackageManager: verification success
10-01 00:00:09.365  2091  2091 E PackageManager: pkg verifySignatures success
10-01 00:00:09.371  2091  2091 E PackageManager: pubkeyString===:d6d38fbe375bf6d48ca94761bb6cb31018f3ef2d0b9921e41af2403139afe4cf4dfd6d086b912412b0612b30ff894f341952ee99afacc2ae86e5d801c15f58add0c450d727ef78cc62a2eef84de82b626f8b0896e743e7a528e2c4e4c59a81b6da99cb4892f38ffd90a9f49570a5f2b7099bed34d906b41bd2cc3f470a2cb38c4e38818c6c1bef0e1cdc1b8ec05ec8899de4f338b6b2dd6118463adcfdd5c89629dd83b378efb2fa5f787660593dee540ca8f784be5ac7344c6dbe1198f511b0517fd9815ba35121d6aab495e65bbe8b7c26930f2ad873b729ba13886b9482b7a47772a9b1b536868c4ecb0584d7049d2e81efa205aff1117cc5e91df67cba43
10-01 00:00:09.372  2091  2091 I PackageManager: verification success
10-01 00:00:09.372  2091  2091 E PackageManager: pkg verifySignatures success
10-01 00:00:09.377  2091  2091 E PackageManager: pubkeyString===:d6d38fbe375bf6d48ca94761bb6cb31018f3ef2d0b9921e41af2403139afe4cf4dfd6d086b912412b0612b30ff894f341952ee99afacc2ae86e5d801c15f58add0c450d727ef78cc62a2eef84de82b626f8b0896e743e7a528e2c4e4c59a81b6da99cb4892f38ffd90a9f49570a5f2b7099bed34d906b41bd2cc3f470a2cb38c4e38818c6c1bef0e1cdc1b8ec05ec8899de4f338b6b2dd6118463adcfdd5c89629dd83b378efb2fa5f787660593dee540ca8f784be5ac7344c6dbe1198f511b0517fd9815ba35121d6aab495e65bbe8b7c26930f2ad873b729ba13886b9482b7a47772a9b1b536868c4ecb0584d7049d2e81efa205aff1117cc5e91df67cba43
10-01 00:00:09.377  2091  2091 I PackageManager: verification success
10-01 00:00:09.377  2091  2091 E PackageManager: pkg verifySignatures success
10-01 00:00:09.384  2091  2091 E PackageManager: pubkeyString===:d6d38fbe375bf6d48ca94761bb6cb31018f3ef2d0b9921e41af2403139afe4cf4dfd6d086b912412b0612b30ff894f341952ee99afacc2ae86e5d801c15f58add0c450d727ef78cc62a2eef84de82b626f8b0896e743e7a528e2c4e4c59a81b6da99cb4892f38ffd90a9f49570a5f2b7099bed34d906b41bd2cc3f470a2cb38c4e38818c6c1bef0e1cdc1b8ec05ec8899de4f338b6b2dd6118463adcfdd5c89629dd83b378efb2fa5f787660593dee540ca8f784be5ac7344c6dbe1198f511b0517fd9815ba35121d6aab495e65bbe8b7c26930f2ad873b729ba13886b9482b7a47772a9b1b536868c4ecb0584d7049d2e81efa205aff1117cc5e91df67cba43
10-01 00:00:09.384  2091  2091 I PackageManager: verification success
10-01 00:00:09.384  2091  2091 E PackageManager: pkg verifySignatures success
10-01 00:00:09.391  2091  2091 E PackageManager: pubkeyString===:d6d38fbe375bf6d48ca94761bb6cb31018f3ef2d0b9921e41af2403139afe4cf4dfd6d086b912412b0612b30ff894f341952ee99afacc2ae86e5d801c15f58add0c450d727ef78cc62a2eef84de82b626f8b0896e743e7a528e2c4e4c59a81b6da99cb4892f38ffd90a9f49570a5f2b7099bed34d906b41bd2cc3f470a2cb38c4e38818c6c1bef0e1cdc1b8ec05ec8899de4f338b6b2dd6118463adcfdd5c89629dd83b378efb2fa5f787660593dee540ca8f784be5ac7344c6dbe1198f511b0517fd9815ba35121d6aab495e65bbe8b7c26930f2ad873b729ba13886b9482b7a47772a9b1b536868c4ecb0584d7049d2e81efa205aff1117cc5e91df67cba43
10-01 00:00:09.391  2091  2091 I PackageManager: verification success
10-01 00:00:09.391  2091  2091 E PackageManager: pkg verifySignatures success
10-01 00:00:09.398  2091  2091 E PackageManager: pubkeyString===:d6d38fbe375bf6d48ca94761bb6cb31018f3ef2d0b9921e41af2403139afe4cf4dfd6d086b912412b0612b30ff894f341952ee99afacc2ae86e5d801c15f58add0c450d727ef78cc62a2eef84de82b626f8b0896e743e7a528e2c4e4c59a81b6da99cb4892f38ffd90a9f49570a5f2b7099bed34d906b41bd2cc3f470a2cb38c4e38818c6c1bef0e1cdc1b8ec05ec8899de4f338b6b2dd6118463adcfdd5c89629dd83b378efb2fa5f787660593dee540ca8f784be5ac7344c6dbe1198f511b0517fd9815ba35121d6aab495e65bbe8b7c26930f2ad873b729ba13886b9482b7a47772a9b1b536868c4ecb0584d7049d2e81efa205aff1117cc5e91df67cba43
10-01 00:00:09.398  2091  2091 I PackageManager: verification success
10-01 00:00:09.398  2091  2091 E PackageManager: pkg verifySignatures success
10-01 00:00:09.406  2091  2091 E PackageManager: pubkeyString===:d6d38fbe375bf6d48ca94761bb6cb31018f3ef2d0b9921e41af2403139afe4cf4dfd6d086b912412b0612b30ff894f341952ee99afacc2ae86e5d801c15f58add0c450d727ef78cc62a2eef84de82b626f8b0896e743e7a528e2c4e4c59a81b6da99cb4892f38ffd90a9f49570a5f2b7099bed34d906b41bd2cc3f470a2cb38c4e38818c6c1bef0e1cdc1b8ec05ec8899de4f338b6b2dd6118463adcfdd5c89629dd83b378efb2fa5f787660593dee540ca8f784be5ac7344c6dbe1198f511b0517fd9815ba35121d6aab495e65bbe8b7c26930f2ad873b729ba13886b9482b7a47772a9b1b536868c4ecb0584d7049d2e81efa205aff1117cc5e91df67cba43
10-01 00:00:09.406  2091  2091 I PackageManager: verification success
10-01 00:00:09.406  2091  2091 E PackageManager: pkg verifySignatures success
10-01 00:00:09.411  2091  2091 E PackageManager: pubkeyString===:d6d38fbe375bf6d48ca94761bb6cb31018f3ef2d0b9921e41af2403139afe4cf4dfd6d086b912412b0612b30ff894f341952ee99afacc2ae86e5d801c15f58add0c450d727ef78cc62a2eef84de82b626f8b0896e743e7a528e2c4e4c59a81b6da99cb4892f38ffd90a9f49570a5f2b7099bed34d906b41bd2cc3f470a2cb38c4e38818c6c1bef0e1cdc1b8ec05ec8899de4f338b6b2dd6118463adcfdd5c89629dd83b378efb2fa5f787660593dee540ca8f784be5ac7344c6dbe1198f511b0517fd9815ba35121d6aab495e65bbe8b7c26930f2ad873b729ba13886b9482b7a47772a9b1b536868c4ecb0584d7049d2e81efa205aff1117cc5e91df67cba43
10-01 00:00:09.412  2091  2091 I PackageManager: verification success
10-01 00:00:09.412  2091  2091 E PackageManager: pkg verifySignatures success
10-01 00:00:09.421  2091  2091 E PackageManager: pubkeyString===:d6d38fbe375bf6d48ca94761bb6cb31018f3ef2d0b9921e41af2403139afe4cf4dfd6d086b912412b0612b30ff894f341952ee99afacc2ae86e5d801c15f58add0c450d727ef78cc62a2eef84de82b626f8b0896e743e7a528e2c4e4c59a81b6da99cb4892f38ffd90a9f49570a5f2b7099bed34d906b41bd2cc3f470a2cb38c4e38818c6c1bef0e1cdc1b8ec05ec8899de4f338b6b2dd6118463adcfdd5c89629dd83b378efb2fa5f787660593dee540ca8f784be5ac7344c6dbe1198f511b0517fd9815ba35121d6aab495e65bbe8b7c26930f2ad873b729ba13886b9482b7a47772a9b1b536868c4ecb0584d7049d2e81efa205aff1117cc5e91df67cba43
10-01 00:00:09.421  2091  2091 I PackageManager: verification success
10-01 00:00:09.421  2091  2091 E PackageManager: pkg verifySignatures success
10-01 00:00:09.430  2091  2091 E PackageManager: pubkeyString===:d6d38fbe375bf6d48ca94761bb6cb31018f3ef2d0b9921e41af2403139afe4cf4dfd6d086b912412b0612b30ff894f341952ee99afacc2ae86e5d801c15f58add0c450d727ef78cc62a2eef84de82b626f8b0896e743e7a528e2c4e4c59a81b6da99cb4892f38ffd90a9f49570a5f2b7099bed34d906b41bd2cc3f470a2cb38c4e38818c6c1bef0e1cdc1b8ec05ec8899de4f338b6b2dd6118463adcfdd5c89629dd83b378efb2fa5f787660593dee540ca8f784be5ac7344c6dbe1198f511b0517fd9815ba35121d6aab495e65bbe8b7c26930f2ad873b729ba13886b9482b7a47772a9b1b536868c4ecb0584d7049d2e81efa205aff1117cc5e91df67cba43
10-01 00:00:09.430  2091  2091 I PackageManager: verification success
10-01 00:00:09.430  2091  2091 E PackageManager: pkg verifySignatures success
10-01 00:00:09.437  2091  2091 W PackageManager: Failed to scan /system/app/iptv_HW_Release_3.3.0_330_build202401091110-release4FS: Package cn.gd.snm.station at /system/app/iptv_HW_Release_3.3.0_330_build202401091110-release4FS ignored: updated version 332 better than this 330
10-01 00:00:09.442  2091  2091 E PackageManager: pubkeyString===:d6d38fbe375bf6d48ca94761bb6cb31018f3ef2d0b9921e41af2403139afe4cf4dfd6d086b912412b0612b30ff894f341952ee99afacc2ae86e5d801c15f58add0c450d727ef78cc62a2eef84de82b626f8b0896e743e7a528e2c4e4c59a81b6da99cb4892f38ffd90a9f49570a5f2b7099bed34d906b41bd2cc3f470a2cb38c4e38818c6c1bef0e1cdc1b8ec05ec8899de4f338b6b2dd6118463adcfdd5c89629dd83b378efb2fa5f787660593dee540ca8f784be5ac7344c6dbe1198f511b0517fd9815ba35121d6aab495e65bbe8b7c26930f2ad873b729ba13886b9482b7a47772a9b1b536868c4ecb0584d7049d2e81efa205aff1117cc5e91df67cba43
10-01 00:00:09.442  2091  2091 I PackageManager: verification success
10-01 00:00:09.442  2091  2091 E PackageManager: pkg verifySignatures success
10-01 00:00:09.446  2091  2091 E PackageManager: pubkeyString===:d6d38fbe375bf6d48ca94761bb6cb31018f3ef2d0b9921e41af2403139afe4cf4dfd6d086b912412b0612b30ff894f341952ee99afacc2ae86e5d801c15f58add0c450d727ef78cc62a2eef84de82b626f8b0896e743e7a528e2c4e4c59a81b6da99cb4892f38ffd90a9f49570a5f2b7099bed34d906b41bd2cc3f470a2cb38c4e38818c6c1bef0e1cdc1b8ec05ec8899de4f338b6b2dd6118463adcfdd5c89629dd83b378efb2fa5f787660593dee540ca8f784be5ac7344c6dbe1198f511b0517fd9815ba35121d6aab495e65bbe8b7c26930f2ad873b729ba13886b9482b7a47772a9b1b536868c4ecb0584d7049d2e81efa205aff1117cc5e91df67cba43
10-01 00:00:09.446  2091  2091 I PackageManager: verification success
10-01 00:00:09.446  2091  2091 E PackageManager: pkg verifySignatures success
10-01 00:00:09.451  2091  2091 E PackageManager: pubkeyString===:d6d38fbe375bf6d48ca94761bb6cb31018f3ef2d0b9921e41af2403139afe4cf4dfd6d086b912412b0612b30ff894f341952ee99afacc2ae86e5d801c15f58add0c450d727ef78cc62a2eef84de82b626f8b0896e743e7a528e2c4e4c59a81b6da99cb4892f38ffd90a9f49570a5f2b7099bed34d906b41bd2cc3f470a2cb38c4e38818c6c1bef0e1cdc1b8ec05ec8899de4f338b6b2dd6118463adcfdd5c89629dd83b378efb2fa5f787660593dee540ca8f784be5ac7344c6dbe1198f511b0517fd9815ba35121d6aab495e65bbe8b7c26930f2ad873b729ba13886b9482b7a47772a9b1b536868c4ecb0584d7049d2e81efa205aff1117cc5e91df67cba43
10-01 00:00:09.451  2091  2091 I PackageManager: verification success
10-01 00:00:09.451  2091  2091 E PackageManager: pkg verifySignatures success
10-01 00:00:09.457  2091  2091 E PackageManager: pubkeyString===:d6d38fbe375bf6d48ca94761bb6cb31018f3ef2d0b9921e41af2403139afe4cf4dfd6d086b912412b0612b30ff894f341952ee99afacc2ae86e5d801c15f58add0c450d727ef78cc62a2eef84de82b626f8b0896e743e7a528e2c4e4c59a81b6da99cb4892f38ffd90a9f49570a5f2b7099bed34d906b41bd2cc3f470a2cb38c4e38818c6c1bef0e1cdc1b8ec05ec8899de4f338b6b2dd6118463adcfdd5c89629dd83b378efb2fa5f787660593dee540ca8f784be5ac7344c6dbe1198f511b0517fd9815ba35121d6aab495e65bbe8b7c26930f2ad873b729ba13886b9482b7a47772a9b1b536868c4ecb0584d7049d2e81efa205aff1117cc5e91df67cba43
10-01 00:00:09.457  2091  2091 I PackageManager: verification success
10-01 00:00:09.457  2091  2091 E PackageManager: pkg verifySignatures success
10-01 00:00:09.464  2091  2091 E PackageManager: pubkeyString===:d6d38fbe375bf6d48ca94761bb6cb31018f3ef2d0b9921e41af2403139afe4cf4dfd6d086b912412b0612b30ff894f341952ee99afacc2ae86e5d801c15f58add0c450d727ef78cc62a2eef84de82b626f8b0896e743e7a528e2c4e4c59a81b6da99cb4892f38ffd90a9f49570a5f2b7099bed34d906b41bd2cc3f470a2cb38c4e38818c6c1bef0e1cdc1b8ec05ec8899de4f338b6b2dd6118463adcfdd5c89629dd83b378efb2fa5f787660593dee540ca8f784be5ac7344c6dbe1198f511b0517fd9815ba35121d6aab495e65bbe8b7c26930f2ad873b729ba13886b9482b7a47772a9b1b536868c4ecb0584d7049d2e81efa205aff1117cc5e91df67cba43
10-01 00:00:09.464  2091  2091 I PackageManager: verification success
10-01 00:00:09.464  2091  2091 E PackageManager: pkg verifySignatures success
10-01 00:00:09.466  2091  2091 W PackageManager: Failed to scan /system/app/com.ain.ipc.hall_10201_202307311540_common_git98c1336-release: Package com.ain.ipc.hall at /system/app/com.ain.ipc.hall_10201_202307311540_common_git98c1336-release ignored: updated version 10205 better than this 10201
10-01 00:00:09.470  2091  2091 E PackageManager: pubkeyString===:d6d38fbe375bf6d48ca94761bb6cb31018f3ef2d0b9921e41af2403139afe4cf4dfd6d086b912412b0612b30ff894f341952ee99afacc2ae86e5d801c15f58add0c450d727ef78cc62a2eef84de82b626f8b0896e743e7a528e2c4e4c59a81b6da99cb4892f38ffd90a9f49570a5f2b7099bed34d906b41bd2cc3f470a2cb38c4e38818c6c1bef0e1cdc1b8ec05ec8899de4f338b6b2dd6118463adcfdd5c89629dd83b378efb2fa5f787660593dee540ca8f784be5ac7344c6dbe1198f511b0517fd9815ba35121d6aab495e65bbe8b7c26930f2ad873b729ba13886b9482b7a47772a9b1b536868c4ecb0584d7049d2e81efa205aff1117cc5e91df67cba43
10-01 00:00:09.470  2091  2091 I PackageManager: verification success
10-01 00:00:09.470  2091  2091 E PackageManager: pkg verifySignatures success
10-01 00:00:09.476  2091  2091 E PackageManager: pubkeyString===:d6d38fbe375bf6d48ca94761bb6cb31018f3ef2d0b9921e41af2403139afe4cf4dfd6d086b912412b0612b30ff894f341952ee99afacc2ae86e5d801c15f58add0c450d727ef78cc62a2eef84de82b626f8b0896e743e7a528e2c4e4c59a81b6da99cb4892f38ffd90a9f49570a5f2b7099bed34d906b41bd2cc3f470a2cb38c4e38818c6c1bef0e1cdc1b8ec05ec8899de4f338b6b2dd6118463adcfdd5c89629dd83b378efb2fa5f787660593dee540ca8f784be5ac7344c6dbe1198f511b0517fd9815ba35121d6aab495e65bbe8b7c26930f2ad873b729ba13886b9482b7a47772a9b1b536868c4ecb0584d7049d2e81efa205aff1117cc5e91df67cba43
10-01 00:00:09.476  2091  2091 I PackageManager: verification success
10-01 00:00:09.476  2091  2091 E PackageManager: pkg verifySignatures success
10-01 00:00:09.481  2091  2091 E PackageManager: pubkeyString===:d6d38fbe375bf6d48ca94761bb6cb31018f3ef2d0b9921e41af2403139afe4cf4dfd6d086b912412b0612b30ff894f341952ee99afacc2ae86e5d801c15f58add0c450d727ef78cc62a2eef84de82b626f8b0896e743e7a528e2c4e4c59a81b6da99cb4892f38ffd90a9f49570a5f2b7099bed34d906b41bd2cc3f470a2cb38c4e38818c6c1bef0e1cdc1b8ec05ec8899de4f338b6b2dd6118463adcfdd5c89629dd83b378efb2fa5f787660593dee540ca8f784be5ac7344c6dbe1198f511b0517fd9815ba35121d6aab495e65bbe8b7c26930f2ad873b729ba13886b9482b7a47772a9b1b536868c4ecb0584d7049d2e81efa205aff1117cc5e91df67cba43
10-01 00:00:09.481  2091  2091 I PackageManager: verification success
10-01 00:00:09.481  2091  2091 E PackageManager: pkg verifySignatures success
10-01 00:00:09.487  2091  2091 E PackageManager: pubkeyString===:d6d38fbe375bf6d48ca94761bb6cb31018f3ef2d0b9921e41af2403139afe4cf4dfd6d086b912412b0612b30ff894f341952ee99afacc2ae86e5d801c15f58add0c450d727ef78cc62a2eef84de82b626f8b0896e743e7a528e2c4e4c59a81b6da99cb4892f38ffd90a9f49570a5f2b7099bed34d906b41bd2cc3f470a2cb38c4e38818c6c1bef0e1cdc1b8ec05ec8899de4f338b6b2dd6118463adcfdd5c89629dd83b378efb2fa5f787660593dee540ca8f784be5ac7344c6dbe1198f511b0517fd9815ba35121d6aab495e65bbe8b7c26930f2ad873b729ba13886b9482b7a47772a9b1b536868c4ecb0584d7049d2e81efa205aff1117cc5e91df67cba43
10-01 00:00:09.487  2091  2091 I PackageManager: verification success
10-01 00:00:09.487  2091  2091 E PackageManager: pkg verifySignatures success
10-01 00:00:09.491  2091  2091 E PackageManager: pubkeyString===:d6d38fbe375bf6d48ca94761bb6cb31018f3ef2d0b9921e41af2403139afe4cf4dfd6d086b912412b0612b30ff894f341952ee99afacc2ae86e5d801c15f58add0c450d727ef78cc62a2eef84de82b626f8b0896e743e7a528e2c4e4c59a81b6da99cb4892f38ffd90a9f49570a5f2b7099bed34d906b41bd2cc3f470a2cb38c4e38818c6c1bef0e1cdc1b8ec05ec8899de4f338b6b2dd6118463adcfdd5c89629dd83b378efb2fa5f787660593dee540ca8f784be5ac7344c6dbe1198f511b0517fd9815ba35121d6aab495e65bbe8b7c26930f2ad873b729ba13886b9482b7a47772a9b1b536868c4ecb0584d7049d2e81efa205aff1117cc5e91df67cba43
10-01 00:00:09.491  2091  2091 I PackageManager: verification success
10-01 00:00:09.491  2091  2091 E PackageManager: pkg verifySignatures success
10-01 00:00:09.498  2091  2091 E PackageManager: pubkeyString===:d6d38fbe375bf6d48ca94761bb6cb31018f3ef2d0b9921e41af2403139afe4cf4dfd6d086b912412b0612b30ff894f341952ee99afacc2ae86e5d801c15f58add0c450d727ef78cc62a2eef84de82b626f8b0896e743e7a528e2c4e4c59a81b6da99cb4892f38ffd90a9f49570a5f2b7099bed34d906b41bd2cc3f470a2cb38c4e38818c6c1bef0e1cdc1b8ec05ec8899de4f338b6b2dd6118463adcfdd5c89629dd83b378efb2fa5f787660593dee540ca8f784be5ac7344c6dbe1198f511b0517fd9815ba35121d6aab495e65bbe8b7c26930f2ad873b729ba13886b9482b7a47772a9b1b536868c4ecb0584d7049d2e81efa205aff1117cc5e91df67cba43
10-01 00:00:09.498  2091  2091 I PackageManager: verification success
10-01 00:00:09.498  2091  2091 E PackageManager: pkg verifySignatures success
10-01 00:00:09.502  2091  2091 E PackageManager: pubkeyString===:d6d38fbe375bf6d48ca94761bb6cb31018f3ef2d0b9921e41af2403139afe4cf4dfd6d086b912412b0612b30ff894f341952ee99afacc2ae86e5d801c15f58add0c450d727ef78cc62a2eef84de82b626f8b0896e743e7a528e2c4e4c59a81b6da99cb4892f38ffd90a9f49570a5f2b7099bed34d906b41bd2cc3f470a2cb38c4e38818c6c1bef0e1cdc1b8ec05ec8899de4f338b6b2dd6118463adcfdd5c89629dd83b378efb2fa5f787660593dee540ca8f784be5ac7344c6dbe1198f511b0517fd9815ba35121d6aab495e65bbe8b7c26930f2ad873b729ba13886b9482b7a47772a9b1b536868c4ecb0584d7049d2e81efa205aff1117cc5e91df67cba43
10-01 00:00:09.502  2091  2091 I PackageManager: verification success
10-01 00:00:09.502  2091  2091 E PackageManager: pkg verifySignatures success
10-01 00:00:09.506  2091  2091 E PackageManager: pubkeyString===:d6d38fbe375bf6d48ca94761bb6cb31018f3ef2d0b9921e41af2403139afe4cf4dfd6d086b912412b0612b30ff894f341952ee99afacc2ae86e5d801c15f58add0c450d727ef78cc62a2eef84de82b626f8b0896e743e7a528e2c4e4c59a81b6da99cb4892f38ffd90a9f49570a5f2b7099bed34d906b41bd2cc3f470a2cb38c4e38818c6c1bef0e1cdc1b8ec05ec8899de4f338b6b2dd6118463adcfdd5c89629dd83b378efb2fa5f787660593dee540ca8f784be5ac7344c6dbe1198f511b0517fd9815ba35121d6aab495e65bbe8b7c26930f2ad873b729ba13886b9482b7a47772a9b1b536868c4ecb0584d7049d2e81efa205aff1117cc5e91df67cba43
10-01 00:00:09.506  2091  2091 I PackageManager: verification success
10-01 00:00:09.506  2091  2091 E PackageManager: pkg verifySignatures success
10-01 00:00:09.513  2091  2091 W PackageManager: Expecting better updated system app for com.brlf.tvlivelaunch; removing system app.  Last known codePath=/data/app/com.brlf.tvlivelaunch-ufwBBt8Z8yln3LaZOuVJJw==, versionCode=92; scanned versionCode=91
10-01 00:00:09.516  2091  2091 W PackageManager: Expecting better updated system app for com.huawei.tvbox; removing system app.  Last known codePath=/data/app/com.huawei.tvbox-tl2VhLaXCjdjUG83mf8AZQ==, versionCode=2026070309; scanned versionCode=3420
10-01 00:00:09.518  2091  2091 W PackageManager: Expecting better updated system app for cn.gd.snm.station; removing system app.  Last known codePath=/data/app/cn.gd.snm.station-TqipVBZaxhobJwfahhj8cA==, versionCode=332; scanned versionCode=330
10-01 00:00:09.519  2091  2091 W PackageManager: Expecting better updated system app for tv.newtv.hnvideo; removing system app.  Last known codePath=/data/app/tv.newtv.hnvideo-FsL1wT5zYXhkwcmq-SHi5g==, versionCode=30401; scanned versionCode=30401
10-01 00:00:09.521  2091  2091 W PackageManager: Expecting better updated system app for com.ain.ipc.hall; removing system app.  Last known codePath=/data/app/com.ain.ipc.hall-6gso7DU2YIYykidY5LzoSg==, versionCode=10205; scanned versionCode=10201
10-01 00:00:09.524  2091  2091 I PackageManager: Finished scanning system apps. Time: 330 ms, packageCount: 49 , timePerPackage: 6 , cached: 54
10-01 00:00:09.549  2091  2091 W PackageManager: Relax SCAN_REQUIRE_KNOWN requirement for package com.brlf.tvlivelaunch
10-01 00:00:09.591  2091  2203 W PackageParser: Unknown element under <manifest>: queries at /data/app/io.appium.uiautomator2.server-ql8rjSzWBU5sWjKA0o0OaQ==/base.apk Binary XML file line #35
10-01 00:00:09.592  2091  2203 W PackageParser: No actions in intent filter at /data/app/io.appium.uiautomator2.server-ql8rjSzWBU5sWjKA0o0OaQ==/base.apk Binary XML file line #57
10-01 00:00:09.592  2091  2203 W PackageParser: No actions in intent filter at /data/app/io.appium.uiautomator2.server-ql8rjSzWBU5sWjKA0o0OaQ==/base.apk Binary XML file line #65
10-01 00:00:09.592  2091  2203 W PackageParser: No actions in intent filter at /data/app/io.appium.uiautomator2.server-ql8rjSzWBU5sWjKA0o0OaQ==/base.apk Binary XML file line #73
10-01 00:00:09.592  2091  2091 W PackageManager: Relax SCAN_REQUIRE_KNOWN requirement for package cn.gd.snm.station
10-01 00:00:09.607  2091  2091 W PackageManager: Relax SCAN_REQUIRE_KNOWN requirement for package tv.newtv.hnvideo
10-01 00:00:09.611  2091  2091 W PackageManager: Skipping provider name tv.newtv.hnvideo.fileProvider (in package tv.newtv.hnvideo): name already used by tv.newtv.hnvideo
10-01 00:00:09.635  2091  2091 W PackageManager: Relax SCAN_REQUIRE_KNOWN requirement for package com.ain.ipc.hall
10-01 00:00:09.652  2091  2091 W PackageManager: Relax SCAN_REQUIRE_KNOWN requirement for package com.huawei.tvbox
10-01 00:00:09.660  2091  2091 W PackageManager: Provider ComponentInfo{com.iflytek.aiarea/com.qihoo360.replugin.component.process.ProcessPitProviderP0} already defined; ignoring
10-01 00:00:09.665  2091  2091 I PackageManager: Finished scanning non-system apps. Time: 140 ms, packageCount: 15 , timePerPackage: 9 , cached: 10
10-01 00:00:09.668  2091  2091 E PackageManager: There should probably be exactly one setup wizard; found 0: matches=[]
10-01 00:00:09.677  2091  2091 I PackageManager: Time to scan packages: 0.482 seconds
10-01 00:00:09.697  2091  2091 V PackageManager: reconcileAppsData for null u0 0x3 migrateAppData=true
10-01 00:00:09.792  2091  2091 V PackageManager: reconcileAppsData finished 9 packages
10-01 00:00:09.793  2091  2211 D SystemServerInitThreadPool: Started executing prepareAppData
10-01 00:00:09.880  2091  2091 W PackageManager: Intent filter verifier not found
10-01 00:00:09.883  2091  2091 D PackageManager: Ephemeral resolver NOT found; no matching intent filters
10-01 00:00:09.883  2091  2091 D PackageManager: Instant App installer not found with android.intent.action.INSTALL_INSTANT_APP_PACKAGE_TEST
10-01 00:00:09.883  2091  2091 D PackageManager: Instant App installer not found with android.intent.action.INSTALL_INSTANT_APP_PACKAGE
10-01 00:00:09.883  2091  2091 D PackageManager: Clear ephemeral installer activity
10-01 00:00:09.906  2091  2211 D SystemServerTimingAsync: AppDataFixup took to complete: 112ms
10-01 00:00:10.005  2091  2091 D SystemServerTiming: StartPackageManagerService took to complete: 1177ms
10-01 00:00:10.005  2091  2091 I SystemServer: StartOtaDexOptService
10-01 00:00:10.006  2091  2091 D OTADexopt: No upgrade, skipping A/B artifacts check.
10-01 00:00:10.006  2091  2091 D SystemServerTiming: StartOtaDexOptService took to complete: 1ms
10-01 00:00:10.006  2091  2091 I SystemServer: StartUserManagerService
10-01 00:00:10.006  2091  2091 I SystemServiceManager: Starting com.android.server.pm.UserManagerService$LifeCycle
10-01 00:00:10.007  2091  2091 D SystemServerTiming: StartUserManagerService took to complete: 1ms
10-01 00:00:10.007  2091  2091 I SystemServer: InitAttributerCache
10-01 00:00:10.008  2091  2091 D SystemServerTiming: InitAttributerCache took to complete: 0ms
10-01 00:00:10.008  2091  2091 I SystemServer: SetSystemProcess
10-01 00:00:10.025  2091  2091 D SystemServerTiming: SetSystemProcess took to complete: 18ms
10-01 00:00:10.044  1851  2056 I storaged: storaged: Start
10-01 00:00:10.044  1851  2056 E storaged: getDiskStats failed with result NOT_SUPPORTED and size 0
10-01 00:00:10.050  2091  2091 I SystemServer: StartOverlayManagerService
10-01 00:00:10.051  2091  2091 D SystemServerTiming: StartOverlayManagerService took to complete: 1ms
10-01 00:00:10.052  2091  2219 D SystemServerInitThreadPool: Started executing Init OverlayManagerService
10-01 00:00:10.052  2091  2129 D SystemServerInitThreadPool: Started executing StartSensorService
10-01 00:00:10.052  2091  2127 D SystemServerInitThreadPool: Started executing AsyncStartCoreServices
10-01 00:00:10.053  2091  2127 I SystemServer: StartBatteryService
10-01 00:00:10.053  2091  2091 I SystemServer: startOtherServices
10-01 00:00:10.053  2091  2127 I SystemServiceManager: Starting com.android.server.BatteryService
10-01 00:00:10.054  2091  2091 I SystemServer: StartKeyAttestationApplicationIdProviderService
10-01 00:00:10.056  2091  2091 D SystemServerTiming: StartKeyAttestationApplicationIdProviderService took to complete: 3ms
10-01 00:00:10.056  2091  2091 I SystemServer: StartKeyChainSystemService
10-01 00:00:10.056  2091  2091 I SystemServiceManager: Starting com.android.server.security.KeyChainSystemService
10-01 00:00:10.057  2091  2091 D SystemServerTiming: StartKeyChainSystemService took to complete: 1ms
10-01 00:00:10.057  2091  2091 I SystemServer: StartSchedulingPolicyService
10-01 00:00:10.059  2091  2091 D SystemServerTiming: StartSchedulingPolicyService took to complete: 2ms
10-01 00:00:10.059  2091  2129 D SystemServerTimingAsync: StartSensorService took to complete: 7ms
10-01 00:00:10.059  2091  2129 D SystemServerInitThreadPool: Finished executing StartSensorService
10-01 00:00:10.059  2091  2091 I SystemServer: StartTelecomLoaderService
10-01 00:00:10.059  2091  2129 D SystemServerInitThreadPool: Started executing SecondaryZygotePreload
10-01 00:00:10.059  2091  2091 I SystemServiceManager: Starting com.android.server.telecom.TelecomLoaderService
10-01 00:00:10.059  2091  2129 I SystemServer: SecondaryZygotePreload
10-01 00:00:10.067  2091  2091 D SystemServerTiming: StartTelecomLoaderService took to complete: 7ms
10-01 00:00:10.067  2091  2091 I SystemServer: StartTelephonyRegistry
10-01 00:00:10.068  2091  2219 D SystemServerInitThreadPool: Finished executing Init OverlayManagerService
10-01 00:00:10.068  2091  2219 D SystemServerInitThreadPool: Started executing SchedulingPolicyService.<init>
10-01 00:00:10.076  2091  2091 D SystemServerTiming: StartTelephonyRegistry took to complete: 9ms
10-01 00:00:10.076  2091  2091 I SystemServer: StartEntropyMixer
10-01 00:00:10.077  2091  2127 I HealthServiceWrapper: health: HealthServiceWrapper listening to instance default
10-01 00:00:10.078  2091  2127 I BatteryService: health: Waited 0ms and received the update.
10-01 00:00:10.080  2091  2127 D SystemServerTimingAsync: StartBatteryService took to complete: 27ms
10-01 00:00:10.080  2091  2127 I SystemServer: StartUsageService
10-01 00:00:10.080  2091  2127 I SystemServiceManager: Starting com.android.server.usage.UsageStatsService
10-01 00:00:10.084  2091  2219 D SystemServerInitThreadPool: Finished executing SchedulingPolicyService.<init>
10-01 00:00:10.084  2091  2091 I EntropyMixer: Writing entropy...
10-01 00:00:10.092  2091  2129 E SystemServer: Unable to preload default resources
10-01 00:00:10.092  2091  2129 D SystemServerTimingAsync: SecondaryZygotePreload took to complete: 32ms
10-01 00:00:10.092  2091  2129 D SystemServerInitThreadPool: Finished executing SecondaryZygotePreload
10-01 00:00:10.136  2091  2091 D SystemServerTiming: StartEntropyMixer took to complete: 59ms
10-01 00:00:10.136  2091  2091 I SystemServer: StartAccountManagerService
10-01 00:00:10.136  2091  2091 I SystemServiceManager: Starting com.android.server.accounts.AccountManagerService$Lifecycle
10-01 00:00:10.144  2091  2091 D SystemServerTiming: StartAccountManagerService took to complete: 9ms
10-01 00:00:10.144  2091  2091 I SystemServer: StartContentService
10-01 00:00:10.145  2091  2091 I SystemServiceManager: Starting com.android.server.content.ContentService$Lifecycle
10-01 00:00:10.153  2091  2091 D SystemServerTiming: StartContentService took to complete: 8ms
10-01 00:00:10.153  2091  2091 I SystemServer: InstallSystemProviders
10-01 00:00:10.159  2091  2127 I UsageStatsService: User[0] Rollover scheduled @ 2020-10-02 00:00:10(1601568010138)
10-01 00:00:10.159  2091  2127 D SystemServerTimingAsync: StartUsageService took to complete: 80ms
10-01 00:00:10.160  2091  2127 I SystemServer: StartWebViewUpdateService
10-01 00:00:10.160  2091  2127 I SystemServiceManager: Starting com.android.server.webkit.WebViewUpdateService
10-01 00:00:10.169  2091  2127 D SystemServerTimingAsync: StartWebViewUpdateService took to complete: 10ms
10-01 00:00:10.169  2091  2127 I SystemServer: StartBinderCallsStatsService
10-01 00:00:10.171  2091  2127 D SystemServerTimingAsync: StartBinderCallsStatsService took to complete: 1ms
10-01 00:00:10.171  2091  2127 D SystemServerInitThreadPool: Finished executing AsyncStartCoreServices
10-01 00:00:10.241  2091  2091 W SettingsProvider: the params  table [version ]is valid!
10-01 00:00:10.241  2091  2091 W SettingsProvider: the params [[version] ]is valid!
10-01 00:00:10.244  2091  2091 W SettingsProvider: the dbVerion is 03709,/system/etc/swupgradeparam.txt version is 2
10-01 00:00:10.245  2091  2091 W SettingsProvider: dbVerion=03709,/system/etc/swupgradeparam.txt version is 2 the version is the same , do nothing!
10-01 00:00:10.245  2091  2091 W SettingsProvider: the params  valueNum = 2 dbVersionNum =3709
10-01 00:00:10.245  2091  2091 W SettingsProvider: the params  table [secure ]is valid!
10-01 00:00:10.245  2091  2091 W SettingsProvider: the params [[secure] ]is valid!
10-01 00:00:10.245  2091  2091 W SettingsProvider: the params [#默认开启ipv6连接  ]is valid!
10-01 00:00:10.246  2091  2091 W SettingsProvider: the params  table [system ]is valid!
10-01 00:00:10.246  2091  2091 W SettingsProvider: the params [[system] ]is valid!
10-01 00:00:10.246  2091  2091 W SettingsProvider: the params [ ]is valid!
10-01 00:00:10.246  2091  2091 W SettingsProvider: the params  table [global ]is valid!
10-01 00:00:10.246  2091  2091 W SettingsProvider: the params [[global] ]is valid!
10-01 00:00:10.246  2091  2091 W SettingsProvider: the params [ ]is valid!
10-01 00:00:10.246  2091  2091 W SettingsProvider: the params  table [version ]is valid!
10-01 00:00:10.246  2091  2091 W SettingsProvider: the params [[version] ]is valid!
10-01 00:00:10.247  2091  2091 W SettingsProvider: the dbVerion is 03709,/system/etc/swupgradeparam.txt version is 03707
10-01 00:00:10.247  2091  2091 W SettingsProvider: dbVerion=03709,/system/etc/swupgradeparam.txt version is 03707 the version is the same , do nothing!
10-01 00:00:10.247  2091  2091 W SettingsProvider: the params  valueNum = 3707 dbVersionNum =3709
10-01 00:00:10.247  2091  2091 W SettingsProvider: the params  table [secure ]is valid!
10-01 00:00:10.247  2091  2091 W SettingsProvider: the params [[secure] ]is valid!
10-01 00:00:10.248  2091  2091 W SettingsProvider: the params [ ]is valid!
10-01 00:00:10.248  2091  2091 W SettingsProvider: the params  table [version ]is valid!
10-01 00:00:10.248  2091  2091 W SettingsProvider: the params [[version] ]is valid!
10-01 00:00:10.249  2091  2091 W SettingsProvider: the dbVerion is 03709,/system/etc/swupgradeparam.txt version is 03708
10-01 00:00:10.249  2091  2091 W SettingsProvider: dbVerion=03709,/system/etc/swupgradeparam.txt version is 03708 the version is the same , do nothing!
10-01 00:00:10.249  2091  2091 W SettingsProvider: the params  valueNum = 3708 dbVersionNum =3709
10-01 00:00:10.249  2091  2091 W SettingsProvider: the params  table [global ]is valid!
10-01 00:00:10.249  2091  2091 W SettingsProvider: the params [[global] ]is valid!
10-01 00:00:10.249  2091  2091 W SettingsProvider: the params [ ]is valid!
10-01 00:00:10.249  2091  2091 W SettingsProvider: the params  table [version ]is valid!
10-01 00:00:10.249  2091  2091 W SettingsProvider: the params [[version] ]is valid!
10-01 00:00:10.250  2091  2091 W SettingsProvider: the dbVerion is 03709,/system/etc/swupgradeparam.txt version is 03709
10-01 00:00:10.251  2091  2091 W SettingsProvider: dbVerion=03709,/system/etc/swupgradeparam.txt version is 03709 the version is the same , do nothing!
10-01 00:00:10.251  2091  2091 W SettingsProvider: the params  valueNum = 3709 dbVersionNum =3709
10-01 00:00:10.251  2091  2091 W SettingsProvider: the params  table [secure ]is valid!
10-01 00:00:10.251  2091  2091 W SettingsProvider: the params [[secure] ]is valid!
10-01 00:00:10.257  2091  2091 W SettingsProvider: the /private/backup/swbackparam.txt does not exist!!!!!!
10-01 00:00:10.259  2091  2091 W SettingsProvider: start ------------------------------updateUpgradeBackup
10-01 00:00:10.263  2091  2091 W SettingsProvider: the /data/swupgradeparameters.txt does not exist!!!!!!
10-01 00:00:10.265  2091  2091 D SettingsProvider: deviceName ==移动高清-8AAD26
10-01 00:00:10.272  2091  2091 D SettingsProvider: swGetStringValueFromTable ret==移动高清-8AAD26
10-01 00:00:10.305  2091  2091 D SystemServerTiming: InstallSystemProviders took to complete: 151ms
10-01 00:00:10.305  2091  2091 I SystemServer: waitAsyncStartCoreServices
10-01 00:00:10.305  2091  2091 D SystemServerTiming: waitAsyncStartCoreServices took to complete: 0ms
10-01 00:00:10.305  2091  2091 I SystemServer: StartDropBoxManager
10-01 00:00:10.305  2091  2091 I SystemServiceManager: Starting com.android.server.DropBoxManagerService
10-01 00:00:10.306  2091  2091 D SystemServerTiming: StartDropBoxManager took to complete: 2ms
10-01 00:00:10.306  2091  2091 I SystemServer: StartVibratorService
