07-13 09:30:58.411  2091  2936 D ConnectivityService: networkId null, isConnected true, isAvailable true
07-13 09:30:58.425  2091  2936 D ConnectivityService: networkId null, isConnected true, isAvailable true
07-13 09:30:58.425  2091  2367 D ConnectivityService: networkId null, isConnected true, isAvailable true
07-13 09:30:58.625  2091  2580 D ConnectivityService: networkId null, isConnected true, isAvailable true
07-13 09:30:58.875  2091  2580 I chatty  : uid=1000(system) Binder:2091_6 identical 1 line
07-13 09:30:58.883  2091  2580 D ConnectivityService: networkId null, isConnected true, isAvailable true
07-13 09:30:59.636  2091  2936 D ConnectivityService: networkId null, isConnected true, isAvailable true
07-13 09:30:59.652  2091  2936 I chatty  : uid=1000(system) Binder:2091_9 identical 1 line
07-13 09:30:59.662  2091  2936 D ConnectivityService: networkId null, isConnected true, isAvailable true
07-13 09:31:00.007  3190  3190 W ContextImpl: Calling a method in the system process without a qualified user: android.app.ContextImpl.startService:1534 android.content.ContextWrapper.startService:664 com.homecdn.pdaemon.PDaemon$1.onReceive:88 android.app.LoadedApk$ReceiverDispatcher$Args.lambda$getRunnable$0:1391 android.app.-$$Lambda$LoadedApk$ReceiverDispatcher$Args$_BumDX2UKsnxLVrE6UJsJZkotuA.run:2
07-13 09:31:00.008  2091  2936 D AppOps  : checkOperation =:70,uid==:10030pkg==:com.homecdn.pservice
07-13 09:31:00.008  2091  2936 D ActivityManager: com.homecdn.pservice return ActivityManager.APP_START_MODE_NORMAL
07-13 09:31:00.010  2091  2936 W ActivityManager: startProcessLocked processName:com.homecdn.pservice with  pid:0
07-13 09:31:00.017  2091  2936 D ActivityManager: com.homecdn.pservice return ActivityManager.APP_START_MODE_NORMAL
07-13 09:31:00.046  2091  2144 I ActivityManager: Start proc 3605:com.homecdn.pservice/u0a30 for service com.homecdn.pservice/.PService
07-13 09:31:00.175  3605  3605 E ActivityThread: --> reReadBuildProperty, currentPackageName:com.homecdn.pservice values:[PRODUCTIONDATE, BluetoothVersion, BluetoothProductClass, BluetoothManufacturer, WiFiVersion, WiFiProductClass, WiFiManufacturer]
07-13 09:31:00.175  3605  3605 E ActivityThread: --> reReadBuildProperty, android.os.Build.PRODUCTIONDATE=2023-12 ,old value:unknown
07-13 09:31:00.192  3605  3605 E ActivityThread: --> reReadBuildProperty, android.os.Build.BluetoothVersion=BT5.1 ,old value:unknown
07-13 09:31:00.192  3605  3605 E ActivityThread: --> reReadBuildProperty, android.os.Build.BluetoothProductClass=rtl8761bt ,old value:unknown
07-13 09:31:00.192  3605  3605 E ActivityThread: --> reReadBuildProperty, android.os.Build.BluetoothManufacturer=Realtek ,old value:unknown
07-13 09:31:00.201  2091  2936 D ConnectivityService: networkId null, isConnected true, isAvailable true
07-13 09:31:00.203  2091  2936 D ConnectivityService: networkId null, isConnected true, isAvailable true
07-13 09:31:00.207  3605  3605 E ActivityThread: --> reReadBuildProperty, android.os.Build.WiFiVersion=unknown ,old value:unknown
07-13 09:31:00.207  3605  3605 E ActivityThread: --> reReadBuildProperty, android.os.Build.WiFiProductClass=unknown ,old value:unknown
07-13 09:31:00.207  3605  3605 E ActivityThread: --> reReadBuildProperty, android.os.Build.WiFiManufacturer=unknown ,old value:unknown
07-13 09:31:00.323  2091  2936 D AppOps  : checkOperation =:76,uid==:10030pkg==:com.homecdn.pservice
07-13 09:31:00.323  2091  2936 D AppOps  : checkOperation =:70,uid==:10030pkg==:com.homecdn.pservice
07-13 09:31:00.402  2091  2936 D ConnectivityService: networkId null, isConnected true, isAvailable true
07-13 09:31:00.939  2091  2936 D ConnectivityService: networkId null, isConnected true, isAvailable true
07-13 09:31:00.964  2091  3629 D AppOps  : checkOperation =:3,uid==:10030pkg==:com.homecdn.pservice
07-13 09:31:01.067  2091  2936 D AppOps  : checkOperation =:76,uid==:10030pkg==:com.homecdn.pservice
07-13 09:31:01.068  2091  2936 W ActivityManager: startProcessLocked processName:com.homecdn.pservice:.Runner with  pid:0
07-13 09:31:01.109  2091  2144 I ActivityManager: Start proc 3631:com.homecdn.pservice:.Runner/u0a30 for service com.homecdn.pservice/.Runner
07-13 09:31:01.133  2091  2936 D AppOps  : checkOperation =:76,uid==:10030pkg==:com.homecdn.pservice
07-13 09:31:01.219  3631  3631 E ActivityThread: --> reReadBuildProperty, currentPackageName:com.homecdn.pservice values:[PRODUCTIONDATE, BluetoothVersion, BluetoothProductClass, BluetoothManufacturer, WiFiVersion, WiFiProductClass, WiFiManufacturer]
07-13 09:31:01.219  3631  3631 E ActivityThread: --> reReadBuildProperty, android.os.Build.PRODUCTIONDATE=2023-12 ,old value:unknown
07-13 09:31:01.219  3631  3631 E ActivityThread: --> reReadBuildProperty, android.os.Build.BluetoothVersion=BT5.1 ,old value:unknown
07-13 09:31:01.219  3631  3631 E ActivityThread: --> reReadBuildProperty, android.os.Build.BluetoothProductClass=rtl8761bt ,old value:unknown
07-13 09:31:01.219  3631  3631 E ActivityThread: --> reReadBuildProperty, android.os.Build.BluetoothManufacturer=Realtek ,old value:unknown
07-13 09:31:01.219  3631  3631 E ActivityThread: --> reReadBuildProperty, android.os.Build.WiFiVersion=unknown ,old value:unknown
07-13 09:31:01.220  3631  3631 E ActivityThread: --> reReadBuildProperty, android.os.Build.WiFiProductClass=unknown ,old value:unknown
07-13 09:31:01.220  3631  3631 E ActivityThread: --> reReadBuildProperty, android.os.Build.WiFiManufacturer=unknown ,old value:unknown
07-13 09:31:01.266  2091  2936 D AppOps  : checkOperation =:76,uid==:10030pkg==:com.homecdn.pservice
07-13 09:31:01.266  2091  2936 D AppOps  : checkOperation =:70,uid==:10030pkg==:com.homecdn.pservice
07-13 09:31:01.338  2091  2936 D AppOps  : checkOperation =:76,uid==:10030pkg==:com.homecdn.pservice
07-13 09:31:01.339  2091  2936 D AppOps  : checkOperation =:70,uid==:10030pkg==:com.homecdn.pservice
07-13 09:31:01.340  2091  2936 W ActivityManager: Receiver with filter android.content.IntentFilter@879df5f already registered for pid 3631, callerPackage is com.homecdn.pservice
07-13 09:31:01.431  2091  2091 E NotificationService: Muting recently noisy 0|com.homecdn.pservice|1|null|10030
07-13 09:31:01.889  2091  3678 D ConnectivityService: networkId null, isConnected true, isAvailable true
07-13 09:31:02.493  2091  3678 I chatty  : uid=1000(system) Binder:2091_B identical 4 lines
07-13 09:31:02.509  2091  3678 D ConnectivityService: networkId null, isConnected true, isAvailable true
07-13 09:31:02.590  2091  2138 V ActivityManager: reciv IPTV_START_HOLDDELAY_MSG
07-13 09:31:02.799  2091  3678 D ConnectivityService: networkId null, isConnected true, isAvailable true
07-13 09:31:03.457  2091  3678 I chatty  : uid=1000(system) Binder:2091_B identical 4 lines
07-13 09:31:03.496  2091  3678 D ConnectivityService: networkId null, isConnected true, isAvailable true
07-13 09:31:03.616  2091  3678 D PackageManager: Instant App installer not found with android.intent.action.INSTALL_INSTANT_APP_PACKAGE_TEST
07-13 09:31:03.616  2091  3678 D PackageManager: Instant App installer not found with android.intent.action.INSTALL_INSTANT_APP_PACKAGE
07-13 09:31:03.616  2091  3678 D PackageManager: Clear ephemeral installer activity
07-13 09:31:03.751  2091  2463 I ActivityManager: Process net.sunniwell.app.guide (pid 2802) has died: home HOME
07-13 09:31:03.757  2091  2165 W ActivityManager: setHasOverlayUi called on unknown pid: 2802
07-13 09:31:03.909  2091  3704 D ConnectivityService: networkId null, isConnected true, isAvailable true
07-13 09:31:03.912  2091  3704 I chatty  : uid=1000(system) Binder:2091_C identical 1 line
07-13 09:31:04.524  2091  3704 D ConnectivityService: networkId null, isConnected true, isAvailable true
07-13 09:31:05.712  2091  2463 D ConnectivityService: networkId null, isConnected true, isAvailable true
07-13 09:31:05.944  2091  2463 I chatty  : uid=1000(system) Binder:2091_5 identical 3 lines
07-13 09:31:05.955  2091  2463 D ConnectivityService: networkId null, isConnected true, isAvailable true
07-13 09:31:05.956  2091  2463 D AppOps  : checkOperation =:28,uid==:10006pkg==:com.huawei.tvbox
07-13 09:31:06.132  2091  2138 I ActivityManager: Waited long enough for: ServiceRecord{345b0de u0 net.sunniwell.app.init/.service.InitAppService}
07-13 09:31:06.162  2091  2463 D ConnectivityService: networkId null, isConnected true, isAvailable true
07-13 09:31:06.436  2091  2463 I chatty  : uid=1000(system) Binder:2091_5 identical 1 line
07-13 09:31:06.950  2091  2463 D ConnectivityService: networkId null, isConnected true, isAvailable true
07-13 09:31:06.950  2091  3704 D ConnectivityService: networkId null, isConnected true, isAvailable true
07-13 09:31:07.962  2091  3704 I chatty  : uid=1000(system) Binder:2091_C identical 2 lines
07-13 09:31:07.963  2091  3704 D ConnectivityService: networkId null, isConnected true, isAvailable true
07-13 09:31:08.390  2867  3604 W ContextImpl: Calling a method in the system process without a qualified user: android.app.ContextImpl.sendBroadcast:1008 android.content.ContextWrapper.sendBroadcast:444 net.sunniwell.cwmp.protocol.manager.CWMPEventManager.sendErrorCode:988 net.sunniwell.cwmp.protocol.rpc.session.ACSSession$ACSSessionThread.run:256 <bottom of call stack>
07-13 09:31:10.614  2091  2138 I ActivityManager: Waited long enough for: ServiceRecord{28c00cb u0 com.yd.appstore.ott/com.migu.uem.comm.AgentService}
07-13 09:31:10.615  2091  2138 I chatty  : uid=1000(system) ActivityManager identical 2 lines
07-13 09:31:10.615  2091  2138 I ActivityManager: Waited long enough for: ServiceRecord{28c00cb u0 com.yd.appstore.ott/com.migu.uem.comm.AgentService}
07-13 09:31:10.615  2091  2138 I BroadcastQueue: Resuming delayed broadcast
07-13 09:31:10.640  2527  2527 W ContextImpl: Calling a method in the system process without a qualified user: android.app.ContextImpl.startService:1534 android.content.ContextWrapper.startService:664 android.content.ContextWrapper.startService:664 net.sunniwell.service.mediamonitor.SWRevicer.onReceive:14 android.app.ActivityThread.handleReceiver:3383
07-13 09:31:10.956  2487  2487 W ContextImpl: Calling a method in the system process without a qualified user: android.app.ContextImpl.startService:1534 android.content.ContextWrapper.startService:664 android.content.ContextWrapper.startService:664 net.sunniwell.service.platform.receiver.SWServicePlatformReceiver.onReceive:45 android.app.ActivityThread.handleReceiver:3383
07-13 09:31:10.963  2091  2138 I ActivityManager: Waited long enough for: ServiceRecord{4d7dea7 u0 net.sunniwell.app.download/.service.DownLoadMainService}
07-13 09:31:10.972  2091  2138 I ActivityManager: Waited long enough for: ServiceRecord{1eadf54 u0 net.sunniwell.app.itms/net.sunniwell.cwmp.protocol.service.StartService}
07-13 09:31:10.979  2091  2463 W ActivityManager: startProcessLocked processName:net.sunniwell.swinformation with  pid:0
07-13 09:31:11.009  2091  2144 I ActivityManager: Start proc 3784:net.sunniwell.swinformation/1000 for broadcast net.sunniwell.swinformation/.receiver.SWBootReceiver
07-13 09:31:11.051  2867  3779 W ContextImpl: Calling a method in the system process without a qualified user: android.app.ContextImpl.sendBroadcast:1008 android.content.ContextWrapper.sendBroadcast:444 net.sunniwell.cwmp.protocol.manager.CWMPEventManager.sendErrorCode:988 net.sunniwell.cwmp.protocol.rpc.session.ACSSession$ACSSessionThread.run:256 <bottom of call stack>
07-13 09:31:11.083  3784  3784 E ActivityThread: --> reReadBuildProperty, currentPackageName:net.sunniwell.swinformation values:[PRODUCTIONDATE, BluetoothVersion, BluetoothProductClass, BluetoothManufacturer, WiFiVersion, WiFiProductClass, WiFiManufacturer]
07-13 09:31:11.083  3784  3784 E ActivityThread: --> reReadBuildProperty, android.os.Build.PRODUCTIONDATE=2023-12 ,old value:unknown
07-13 09:31:11.083  3784  3784 E ActivityThread: --> reReadBuildProperty, android.os.Build.BluetoothVersion=BT5.1 ,old value:unknown
07-13 09:31:11.083  3784  3784 E ActivityThread: --> reReadBuildProperty, android.os.Build.BluetoothProductClass=rtl8761bt ,old value:unknown
07-13 09:31:11.083  3784  3784 E ActivityThread: --> reReadBuildProperty, android.os.Build.BluetoothManufacturer=Realtek ,old value:unknown
07-13 09:31:11.083  3784  3784 E ActivityThread: --> reReadBuildProperty, android.os.Build.WiFiVersion=unknown ,old value:unknown
07-13 09:31:11.084  3784  3784 E ActivityThread: --> reReadBuildProperty, android.os.Build.WiFiProductClass=unknown ,old value:unknown
07-13 09:31:11.084  3784  3784 E ActivityThread: --> reReadBuildProperty, android.os.Build.WiFiManufacturer=unknown ,old value:unknown
07-13 09:31:11.150  3784  3784 W ContextImpl: Calling a method in the system process without a qualified user: android.app.ContextImpl.startService:1534 android.content.ContextWrapper.startService:664 android.content.ContextWrapper.startService:664 net.sunniwell.swinformation.receiver.SWBootReceiver.onReceive:23 android.app.ActivityThread.handleReceiver:3383
07-13 09:31:11.154  2091  3704 D ActivityManager: com.homecdn.pservice return ActivityManager.APP_START_MODE_NORMAL
07-13 09:31:11.156  2091  2463 D AppOps  : checkOperation =:76,uid==:10030pkg==:com.homecdn.pservice
07-13 09:31:11.162  2091  2463 D AppOps  : checkOperation =:76,uid==:10030pkg==:com.homecdn.pservice
07-13 09:31:11.162  2091  2463 D AppOps  : checkOperation =:70,uid==:10030pkg==:com.homecdn.pservice
07-13 09:31:11.163  2091  2463 W ActivityManager: Receiver with filter android.content.IntentFilter@71ae612 already registered for pid 3605, callerPackage is com.homecdn.pservice
07-13 09:31:11.164  2596  2596 W ContextImpl: Calling a method in the system process without a qualified user: android.app.ContextImpl.startService:1534 android.content.ContextWrapper.startService:664 android.content.ContextWrapper.startService:664 com.iflytek.xirihelpersupervisor.receiver.BootReceiver.onReceive:19 android.app.ActivityThread.handleReceiver:3383
07-13 09:31:11.167  2091  2463 I ActivityManager: Finished processing BOOT_COMPLETED for u0
07-13 09:31:11.187  2543  2543 W ContextImpl: Calling a method in the system process without a qualified user: android.app.ContextImpl.startService:1534 android.content.ContextWrapper.startService:664 android.content.ContextWrapper.startService:664 net.sunniwell.service.stb.producttest.BootReciver.onReceive:60 android.app.ActivityThread.handleReceiver:3383
07-13 09:31:11.190  2091  3678 W ActivityManager: startProcessLocked processName:net.sunniwell.app.upgrade.usb with  pid:0
07-13 09:31:11.216  2091  2144 I ActivityManager: Start proc 3808:net.sunniwell.app.upgrade.usb/1000 for broadcast net.sunniwell.app.upgrade.usb/.receivers.MountReceiver
07-13 09:31:11.276  3808  3808 E ActivityThread: --> reReadBuildProperty, currentPackageName:net.sunniwell.app.upgrade.usb values:[PRODUCTIONDATE, BluetoothVersion, BluetoothProductClass, BluetoothManufacturer, WiFiVersion, WiFiProductClass, WiFiManufacturer]
07-13 09:31:11.277  3808  3808 E ActivityThread: --> reReadBuildProperty, android.os.Build.PRODUCTIONDATE=2023-12 ,old value:unknown
07-13 09:31:11.277  3808  3808 E ActivityThread: --> reReadBuildProperty, android.os.Build.BluetoothVersion=BT5.1 ,old value:unknown
07-13 09:31:11.279  3808  3808 E ActivityThread: --> reReadBuildProperty, android.os.Build.BluetoothProductClass=rtl8761bt ,old value:unknown
07-13 09:31:11.279  3808  3808 E ActivityThread: --> reReadBuildProperty, android.os.Build.BluetoothManufacturer=Realtek ,old value:unknown
07-13 09:31:11.279  3808  3808 E ActivityThread: --> reReadBuildProperty, android.os.Build.WiFiVersion=unknown ,old value:unknown
07-13 09:31:11.280  3808  3808 E ActivityThread: --> reReadBuildProperty, android.os.Build.WiFiProductClass=unknown ,old value:unknown
07-13 09:31:11.280  3808  3808 E ActivityThread: --> reReadBuildProperty, android.os.Build.WiFiManufacturer=unknown ,old value:unknown
07-13 09:31:11.775  2091  3823 D AppOps  : checkOperation =:3,uid==:10030pkg==:com.homecdn.pservice
07-13 09:31:12.018  2091  2138 I ActivityManager: Waited long enough for: ServiceRecord{ebcd34a u0 net.sunniwell.app.itms/net.sunniwell.cwmp.protocol.service.CWMPService}
07-13 09:31:12.021  2091  2138 I ActivityManager: Waited long enough for: ServiceRecord{402b2bb u0 net.sunniwell.app.multicast.probe/.ui.ProbeService}
07-13 09:31:13.689  2091  2136 W VoiceInteractionManagerService: no available voice interaction services found for user 0
07-13 09:31:14.499  2091  3704 D ConnectivityService: networkId null, isConnected true, isAvailable true
07-13 09:31:14.501  2091  3704 I chatty  : uid=1000(system) Binder:2091_C identical 1 line
07-13 09:31:14.502  2091  3704 D ConnectivityService: networkId null, isConnected true, isAvailable true
07-13 09:31:14.517  2091  2463 W ActivityManager: startProcessLocked processName:com.android.webview:sandboxed_process0 with  pid:0
07-13 09:31:14.540  2091  2144 I ActivityManager: Start proc 3846:com.android.webview:sandboxed_process0/u0i1 for webview_service com.android.chinamobile.migu.ott.ad/org.chromium.content.app.SandboxedProcessService0
07-13 09:31:14.545  2091  2463 D ConnectivityService: networkId null, isConnected true, isAvailable true
07-13 09:31:14.546  2091  2463 D ConnectivityService: networkId null, isConnected true, isAvailable true
07-13 09:31:14.599  3846  3846 E ActivityThread: --> reReadBuildProperty, currentPackageName:com.android.chinamobile.migu.ott.ad values:[PRODUCTIONDATE, BluetoothVersion, BluetoothProductClass, BluetoothManufacturer, WiFiVersion, WiFiProductClass, WiFiManufacturer]
07-13 09:31:14.600  3846  3846 E ActivityThread: --> reReadBuildProperty, android.os.Build.PRODUCTIONDATE=2023-12 ,old value:unknown
07-13 09:31:14.601  3846  3846 E ActivityThread: --> reReadBuildProperty, android.os.Build.BluetoothVersion=BT5.1 ,old value:unknown
07-13 09:31:14.601  3846  3846 E ActivityThread: --> reReadBuildProperty, android.os.Build.BluetoothProductClass=rtl8761bt ,old value:unknown
07-13 09:31:14.601  3846  3846 E ActivityThread: --> reReadBuildProperty, android.os.Build.BluetoothManufacturer=Realtek ,old value:unknown
07-13 09:31:14.601  3846  3846 E ActivityThread: --> reReadBuildProperty, android.os.Build.WiFiVersion=unknown ,old value:unknown
07-13 09:31:14.601  3846  3846 E ActivityThread: --> reReadBuildProperty, android.os.Build.WiFiProductClass=unknown ,old value:unknown
07-13 09:31:14.601  3846  3846 E ActivityThread: --> reReadBuildProperty, android.os.Build.WiFiManufacturer=unknown ,old value:unknown
07-13 09:31:14.646  2091  3704 D ConnectivityService: networkId null, isConnected true, isAvailable true
07-13 09:31:14.705  2091  3678 W ActivityManager: Unable to start service Intent { act=net.dlb.shcmcc.installservice pkg=net.dlb.shcmcc.installservice } U=0: not found
07-13 09:31:14.714  2091  3678 D ConnectivityService: networkId null, isConnected true, isAvailable true
07-13 09:31:14.744  2091  3678 I chatty  : uid=1000(system) Binder:2091_B identical 2 lines
07-13 09:31:14.745  2091  3678 D ConnectivityService: networkId null, isConnected true, isAvailable true
07-13 09:31:26.154  2091  2138 I ActivityManager: Waited long enough for: ServiceRecord{b18d786 u0 net.sunniwell.swinformation/.services.MiguAdService}
07-13 09:31:42.159  1851  2056 E storaged: getDiskStats failed with result NOT_SUPPORTED and size 0
07-13 09:31:43.064  2091  3678 D ConnectivityService: networkId null, isConnected true, isAvailable true
07-13 09:31:53.937  2091  2463 D ConnectivityService: networkId null, isConnected true, isAvailable true
07-13 09:31:54.071  2091  2463 I chatty  : uid=1000(system) Binder:2091_5 identical 9 lines
07-13 09:31:54.465  2091  2463 D ConnectivityService: networkId null, isConnected true, isAvailable true
07-13 09:32:04.175  2091  3678 D ConnectivityService: networkId null, isConnected true, isAvailable true
07-13 09:32:04.180  2091  3678 D ConnectivityService: networkId null, isConnected true, isAvailable true
07-13 09:32:04.191  2091  2463 D ConnectivityService: networkId null, isConnected true, isAvailable true
07-13 09:32:06.794  2091  3704 D ConnectivityService: networkId null, isConnected true, isAvailable true
07-13 09:32:06.817  2091  3704 I chatty  : uid=1000(system) Binder:2091_C identical 2 lines
07-13 09:32:06.882  2091  3704 D ConnectivityService: networkId null, isConnected true, isAvailable true
07-13 09:32:06.927  2091  2463 D ConnectivityService: networkId null, isConnected true, isAvailable true
07-13 09:32:06.958  2091  2463 I chatty  : uid=1000(system) Binder:2091_5 identical 4 lines
07-13 09:32:06.993  2091  2463 D ConnectivityService: networkId null, isConnected true, isAvailable true
07-13 09:32:42.161  1851  2056 E storaged: getDiskStats failed with result NOT_SUPPORTED and size 0
07-13 09:33:20.560  2091  3704 D ConnectivityService: networkId null, isConnected true, isAvailable true
07-13 09:33:20.565  2091  3704 D ConnectivityService: networkId null, isConnected true, isAvailable true
07-13 09:33:20.572  2091  2463 D ConnectivityService: networkId null, isConnected true, isAvailable true
07-13 09:33:20.636  2091  3678 D ConnectivityService: networkId null, isConnected true, isAvailable true
07-13 09:33:20.689  2091  3678 I chatty  : uid=1000(system) Binder:2091_B identical 5 lines
07-13 09:33:20.733  2091  3678 D ConnectivityService: networkId null, isConnected true, isAvailable true
07-13 09:33:42.163  1851  2056 E storaged: getDiskStats failed with result NOT_SUPPORTED and size 0
07-13 09:33:45.880  2747  2747 W ActivityThread: ClassLoader.loadClass: The class loader returned by Thread.getContextClassLoader() may fail for processes that host multiple applications. You should explicitly specify a context class loader. For example: Thread.setContextClassLoader(getClass().getClassLoader());
07-13 09:34:42.164  1851  2056 E storaged: getDiskStats failed with result NOT_SUPPORTED and size 0
07-13 09:35:42.167  1851  2056 E storaged: getDiskStats failed with result NOT_SUPPORTED and size 0
07-13 09:35:44.664  2091  3678 D ConnectivityService: networkId null, isConnected true, isAvailable true
07-13 09:35:44.675  2091  3678 D ConnectivityService: networkId null, isConnected true, isAvailable true
07-13 09:35:45.626  2091  3704 D ConnectivityService: networkId null, isConnected true, isAvailable true
07-13 09:35:45.838  2091  3704 I chatty  : uid=1000(system) Binder:2091_C identical 8 lines
07-13 09:35:45.970  2091  3704 D ConnectivityService: networkId null, isConnected true, isAvailable true
07-13 09:35:57.667  2091  3678 D ConnectivityService: networkId null, isConnected true, isAvailable true
07-13 09:36:42.168  1851  2056 E storaged: getDiskStats failed with result NOT_SUPPORTED and size 0
07-13 09:36:54.467  2091  2463 D ConnectivityService: networkId null, isConnected true, isAvailable true
07-13 09:37:42.171  1851  2056 E storaged: getDiskStats failed with result NOT_SUPPORTED and size 0
07-13 09:38:42.172  1851  2056 E storaged: getDiskStats failed with result NOT_SUPPORTED and size 0
07-13 09:39:10.476  2091  2936 D ConnectivityService: networkId null, isConnected true, isAvailable true
07-13 09:39:10.480  2091  2936 I chatty  : uid=1000(system) Binder:2091_9 identical 1 line
07-13 09:39:10.484  2091  2936 D ConnectivityService: networkId null, isConnected true, isAvailable true
07-13 09:39:10.540  2091  3678 D ConnectivityService: networkId null, isConnected true, isAvailable true
07-13 09:39:10.621  2091  3678 I chatty  : uid=1000(system) Binder:2091_B identical 4 lines
07-13 09:39:10.653  2091  3678 D ConnectivityService: networkId null, isConnected true, isAvailable true
07-13 09:39:10.692  2091  2936 D ConnectivityService: networkId null, isConnected true, isAvailable true
07-13 09:39:42.173  1851  2056 E storaged: getDiskStats failed with result NOT_SUPPORTED and size 0
07-13 09:40:11.188  2091  2091 V SettingsProvider: Notifying for 0: content://settings/global/hidden_api_policy_pre_p_apps
07-13 09:40:11.264  2091  2091 V SettingsProvider: Notifying for 0: content://settings/global/hidden_api_policy_p_apps
07-13 09:40:11.352  2091  2091 V SettingsProvider: Notifying for 0: content://settings/global/hidden_api_policy
07-13 09:40:12.223  2091  2212 D PackageManager: apkControlMode = noneapkPath = /data/app/vmdl226284772.tmp
07-13 09:40:12.234  2091  2182 W ActivityManager: startProcessLocked processName:com.android.defcontainer with  pid:0
07-13 09:40:12.265  2091  2144 I ActivityManager: Start proc 5731:com.android.defcontainer/u0a2 for service com.android.defcontainer/.DefaultContainerService
07-13 09:40:12.326  5731  5731 E ActivityThread: --> reReadBuildProperty, currentPackageName:com.android.defcontainer values:[PRODUCTIONDATE, BluetoothVersion, BluetoothProductClass, BluetoothManufacturer, WiFiVersion, WiFiProductClass, WiFiManufacturer]
07-13 09:40:12.326  5731  5731 E ActivityThread: --> reReadBuildProperty, android.os.Build.PRODUCTIONDATE=2023-12 ,old value:unknown
07-13 09:40:12.326  5731  5731 E ActivityThread: --> reReadBuildProperty, android.os.Build.BluetoothVersion=BT5.1 ,old value:unknown
07-13 09:40:12.326  5731  5731 E ActivityThread: --> reReadBuildProperty, android.os.Build.BluetoothProductClass=rtl8761bt ,old value:unknown
07-13 09:40:12.327  5731  5731 E ActivityThread: --> reReadBuildProperty, android.os.Build.BluetoothManufacturer=Realtek ,old value:unknown
07-13 09:40:12.327  5731  5731 E ActivityThread: --> reReadBuildProperty, android.os.Build.WiFiVersion=unknown ,old value:unknown
07-13 09:40:12.327  5731  5731 E ActivityThread: --> reReadBuildProperty, android.os.Build.WiFiProductClass=unknown ,old value:unknown
07-13 09:40:12.327  5731  5731 E ActivityThread: --> reReadBuildProperty, android.os.Build.WiFiManufacturer=unknown ,old value:unknown
07-13 09:40:12.468  2091  2182 D PackageManager: apkControlMode = none
07-13 09:40:12.475  2091  2182 W PackageManager: No IntentFilter verification will not be done as there is no IntentFilterVerifier available!
07-13 09:40:12.476  2091  2138 I ActivityManager: Force stopping io.appium.settings appid=10022 user=-1: installPackageLI
07-13 09:40:12.549  2091  2182 I PackageManager: Update package io.appium.settings code path from /data/app/io.appium.settings-4jF5BnmjdMXEssjyIOGQ8w== to /data/app/io.appium.settings-i9eR_KUodjaYzWuhKCgssg==; Retain data and using new
07-13 09:40:12.549  2091  2182 I PackageManager: Update package io.appium.settings resource path from /data/app/io.appium.settings-4jF5BnmjdMXEssjyIOGQ8w== to /data/app/io.appium.settings-i9eR_KUodjaYzWuhKCgssg==; Retain data and using new
07-13 09:40:12.667  2091  2182 D PackageManager: Instant App installer not found with android.intent.action.INSTALL_INSTANT_APP_PACKAGE_TEST
07-13 09:40:12.668  2091  2182 D PackageManager: Instant App installer not found with android.intent.action.INSTALL_INSTANT_APP_PACKAGE
07-13 09:40:12.668  2091  2182 D PackageManager: Clear ephemeral installer activity
07-13 09:40:12.963  2091  2182 I ActivityManager: Force stopping io.appium.settings appid=10022 user=0: pkg removed
07-13 09:40:13.066  2091  3704 W ActivityManager: startProcessLocked processName:com.brlf.tvlivelaunch with  pid:0
07-13 09:40:13.106  2091  2144 I ActivityManager: Start proc 5756:com.brlf.tvlivelaunch/u0a13 for broadcast com.brlf.tvlivelaunch/com.hndxrm.iptv.ui.rcv.ApkReceiver
07-13 09:40:13.137  2091  2136 W TextServicesManagerService: no available spell checker services found
07-13 09:40:13.195  2091  2136 W VoiceInteractionManagerService: no available voice recognition services found for user 0
07-13 09:40:13.202  5756  5756 E ActivityThread: --> reReadBuildProperty, currentPackageName:com.brlf.tvlivelaunch values:[PRODUCTIONDATE, BluetoothVersion, BluetoothProductClass, BluetoothManufacturer, WiFiVersion, WiFiProductClass, WiFiManufacturer]
07-13 09:40:13.203  5756  5756 E ActivityThread: --> reReadBuildProperty, android.os.Build.PRODUCTIONDATE=2023-12 ,old value:unknown
07-13 09:40:13.203  5756  5756 E ActivityThread: --> reReadBuildProperty, android.os.Build.BluetoothVersion=BT5.1 ,old value:unknown
07-13 09:40:13.204  5756  5756 E ActivityThread: --> reReadBuildProperty, android.os.Build.BluetoothProductClass=rtl8761bt ,old value:unknown
07-13 09:40:13.204  5756  5756 E ActivityThread: --> reReadBuildProperty, android.os.Build.BluetoothManufacturer=Realtek ,old value:unknown
07-13 09:40:13.204  5756  5756 E ActivityThread: --> reReadBuildProperty, android.os.Build.WiFiVersion=unknown ,old value:unknown
07-13 09:40:13.204  5756  5756 E ActivityThread: --> reReadBuildProperty, android.os.Build.WiFiProductClass=unknown ,old value:unknown
07-13 09:40:13.204  5756  5756 E ActivityThread: --> reReadBuildProperty, android.os.Build.WiFiManufacturer=unknown ,old value:unknown
07-13 09:40:13.473  2091  2463 W ActivityManager: startProcessLocked processName:com.ihome.android.market2 with  pid:0
07-13 09:40:13.525  2091  2144 W ActivityManager: Slow operation: 54ms so far, now at startProcess: returned from zygote!
07-13 09:40:13.525  2091  2144 W ActivityManager: Slow operation: 54ms so far, now at startProcess: done updating battery stats
07-13 09:40:13.526  2091  2144 W ActivityManager: Slow operation: 54ms so far, now at startProcess: building log message
07-13 09:40:13.526  2091  2144 I ActivityManager: Start proc 5784:com.ihome.android.market2/u0a31 for broadcast com.ihome.android.market2/com.ai.nsg.iptv.appstore.receiver.AppChangeReceiver
07-13 09:40:13.526  2091  2144 W ActivityManager: Slow operation: 54ms so far, now at startProcess: starting to update pids map
07-13 09:40:13.526  2091  2144 W ActivityManager: Slow operation: 54ms so far, now at startProcess: done updating pids map
07-13 09:40:13.550  2091  2463 I ActivityManager: START u0 {act=android.intent.action.MAIN cat=[android.intent.category.LAUNCHER] flg=0x10000000 cmp=io.appium.settings/.Settings} from uid 0
07-13 09:40:13.565  2091  2463 D ActivityManager: startActivityLocked packageName : io.appium.settings,classnameio.appium.settings.Settings
07-13 09:40:13.704  2091  2463 D ConnectivityService: networkId null, isConnected true, isAvailable true
07-13 09:40:13.713  2091  2463 W ActivityManager: startProcessLocked processName:io.appium.settings with  pid:0
07-13 09:40:13.797  2091  2144 W ActivityManager: Slow operation: 86ms so far, now at startProcess: returned from zygote!
07-13 09:40:13.811  2091  2144 W ActivityManager: Slow operation: 100ms so far, now at startProcess: done updating battery stats
07-13 09:40:13.811  2091  2144 W ActivityManager: Slow operation: 101ms so far, now at startProcess: building log message
07-13 09:40:13.811  2091  2144 I ActivityManager: Start proc 5810:io.appium.settings/u0a22 for activity io.appium.settings/.Settings
07-13 09:40:13.811  2091  2144 W ActivityManager: Slow operation: 101ms so far, now at startProcess: starting to update pids map
07-13 09:40:13.811  2091  2144 W ActivityManager: Slow operation: 101ms so far, now at startProcess: done updating pids map
07-13 09:40:13.936  2091  2463 W ActivityManager: realStartActivityLocked  processName=io.appium.settings has been set ActivityRecord=ActivityRecord{2aa2d4f u0 io.appium.settings/.Settings t13}
07-13 09:40:14.049  5784  5784 E ActivityThread: --> reReadBuildProperty, currentPackageName:com.ihome.android.market2 values:[PRODUCTIONDATE, BluetoothVersion, BluetoothProductClass, BluetoothManufacturer, WiFiVersion, WiFiProductClass, WiFiManufacturer]
07-13 09:40:14.049  5784  5784 E ActivityThread: --> reReadBuildProperty, android.os.Build.PRODUCTIONDATE=2023-12 ,old value:unknown
07-13 09:40:14.049  5784  5784 E ActivityThread: --> reReadBuildProperty, android.os.Build.BluetoothVersion=BT5.1 ,old value:unknown
07-13 09:40:14.050  5784  5784 E ActivityThread: --> reReadBuildProperty, android.os.Build.BluetoothProductClass=rtl8761bt ,old value:unknown
07-13 09:40:14.050  5784  5784 E ActivityThread: --> reReadBuildProperty, android.os.Build.BluetoothManufacturer=Realtek ,old value:unknown
07-13 09:40:14.050  5784  5784 E ActivityThread: --> reReadBuildProperty, android.os.Build.WiFiVersion=unknown ,old value:unknown
07-13 09:40:14.050  5784  5784 E ActivityThread: --> reReadBuildProperty, android.os.Build.WiFiProductClass=unknown ,old value:unknown
07-13 09:40:14.051  5784  5784 E ActivityThread: --> reReadBuildProperty, android.os.Build.WiFiManufacturer=unknown ,old value:unknown
07-13 09:40:14.080  5810  5810 E ActivityThread: --> reReadBuildProperty, currentPackageName:io.appium.settings values:[PRODUCTIONDATE, BluetoothVersion, BluetoothProductClass, BluetoothManufacturer, WiFiVersion, WiFiProductClass, WiFiManufacturer]
07-13 09:40:14.081  5810  5810 E ActivityThread: --> reReadBuildProperty, android.os.Build.PRODUCTIONDATE=2023-12 ,old value:unknown
07-13 09:40:14.081  5810  5810 E ActivityThread: --> reReadBuildProperty, android.os.Build.BluetoothVersion=BT5.1 ,old value:unknown
07-13 09:40:14.081  5810  5810 E ActivityThread: --> reReadBuildProperty, android.os.Build.BluetoothProductClass=rtl8761bt ,old value:unknown
07-13 09:40:14.082  5810  5810 E ActivityThread: --> reReadBuildProperty, android.os.Build.BluetoothManufacturer=Realtek ,old value:unknown
07-13 09:40:14.082  5810  5810 E ActivityThread: --> reReadBuildProperty, android.os.Build.WiFiVersion=unknown ,old value:unknown
07-13 09:40:14.082  5810  5810 E ActivityThread: --> reReadBuildProperty, android.os.Build.WiFiProductClass=unknown ,old value:unknown
07-13 09:40:14.082  5810  5810 E ActivityThread: --> reReadBuildProperty, android.os.Build.WiFiManufacturer=unknown ,old value:unknown
07-13 09:40:14.702  2091  3678 D ActivityManager: com.yd.appstore.ott return ActivityManager.APP_START_MODE_NORMAL
07-13 09:40:14.719  2091  3704 W ActivityManager: startProcessLocked processName:com.ain.android.appstore with  pid:0
07-13 09:40:14.755  2091  2144 I ActivityManager: Start proc 5850:com.ain.android.appstore/u0a33 for broadcast com.ain.android.appstore/com.ai.nsg.iptv.appstore.receiver.AppChangeReceiver
07-13 09:40:14.918  2091  2463 D ConnectivityService: networkId null, isConnected true, isAvailable true
07-13 09:40:14.934  2091  2463 D ConnectivityService: networkId null, isConnected true, isAvailable true
07-13 09:40:14.950  2091  3704 D ConnectivityService: networkId null, isConnected true, isAvailable true
07-13 09:40:15.145  5850  5850 E ActivityThread: --> reReadBuildProperty, currentPackageName:com.ain.android.appstore values:[PRODUCTIONDATE, BluetoothVersion, BluetoothProductClass, BluetoothManufacturer, WiFiVersion, WiFiProductClass, WiFiManufacturer]
07-13 09:40:15.146  5850  5850 E ActivityThread: --> reReadBuildProperty, android.os.Build.PRODUCTIONDATE=2023-12 ,old value:unknown
07-13 09:40:15.147  5850  5850 E ActivityThread: --> reReadBuildProperty, android.os.Build.BluetoothVersion=BT5.1 ,old value:unknown
07-13 09:40:15.147  5850  5850 E ActivityThread: --> reReadBuildProperty, android.os.Build.BluetoothProductClass=rtl8761bt ,old value:unknown
07-13 09:40:15.147  5850  5850 E ActivityThread: --> reReadBuildProperty, android.os.Build.BluetoothManufacturer=Realtek ,old value:unknown
07-13 09:40:15.148  5850  5850 E ActivityThread: --> reReadBuildProperty, android.os.Build.WiFiVersion=unknown ,old value:unknown
07-13 09:40:15.148  5850  5850 E ActivityThread: --> reReadBuildProperty, android.os.Build.WiFiProductClass=unknown ,old value:unknown
07-13 09:40:15.148  5850  5850 E ActivityThread: --> reReadBuildProperty, android.os.Build.WiFiManufacturer=unknown ,old value:unknown
07-13 09:40:15.173  2091  2136 W ProcessCpuTracker: Skipping unknown process pid 5842
07-13 09:40:15.300  2091  2319 D ConnectivityService: networkId null, isConnected true, isAvailable true
07-13 09:40:15.311  2091  2319 D AppOps  : checkOperation =:76,uid==:10022pkg==:io.appium.settings
07-13 09:40:15.398  2091  3704 E WindowManager: App trying to use insecure INPUT_FEATURE_NO_INPUT_CHANNEL flag. Ignoring
07-13 09:40:15.442  2091  3678 D ConnectivityService: networkId null, isConnected true, isAvailable true
07-13 09:40:15.459  2091  3678 I chatty  : uid=1000(system) Binder:2091_B identical 1 line
07-13 09:40:15.491  2091  3678 D ConnectivityService: networkId null, isConnected true, isAvailable true
07-13 09:40:15.542  2091  3704 D AppOps  : checkOperation =:76,uid==:10022pkg==:io.appium.settings
07-13 09:40:15.542  2091  3704 D AppOps  : checkOperation =:70,uid==:10022pkg==:io.appium.settings
07-13 09:40:15.569  2091  3678 D ConnectivityService: networkId null, isConnected true, isAvailable true
07-13 09:40:15.773  2091  3704 D ConnectivityService: networkId null, isConnected true, isAvailable true
07-13 09:40:16.100  2091  2463 D ConnectivityService: networkId null, isConnected true, isAvailable true
07-13 09:40:16.167  2091  3704 W ActivityManager: startProcessLocked processName:com.migu.aijia with  pid:0
07-13 09:40:16.247  2091  3678 W ActivityManager: Receiver with filter android.content.IntentFilter@20563ce already registered for pid 3313, callerPackage is com.huawei.tvbox
07-13 09:40:16.256  2091  2144 W ActivityManager: Slow operation: 90ms so far, now at startProcess: returned from zygote!
07-13 09:40:16.256  2091  2144 W ActivityManager: Slow operation: 90ms so far, now at startProcess: done updating battery stats
07-13 09:40:16.257  2091  2144 W ActivityManager: Slow operation: 90ms so far, now at startProcess: building log message
07-13 09:40:16.257  2091  2144 I ActivityManager: Start proc 5903:com.migu.aijia/u0a1 for broadcast com.migu.aijia/com.migu.receiver.InstallReceiver
07-13 09:40:16.257  2091  2144 W ActivityManager: Slow operation: 90ms so far, now at startProcess: starting to update pids map
07-13 09:40:16.257  2091  2144 W ActivityManager: Slow operation: 90ms so far, now at startProcess: done updating pids map
07-13 09:40:16.304  2091  3678 D ConnectivityService: networkId null, isConnected true, isAvailable true
07-13 09:40:16.347  2091  3704 D ConnectivityService: networkId null, isConnected true, isAvailable true
07-13 09:40:16.351  2091  3704 D AppOps  : checkOperation =:28,uid==:10006pkg==:com.huawei.tvbox
07-13 09:40:16.352  2091  2319 D ConnectivityService: networkId null, isConnected true, isAvailable true
07-13 09:40:16.522  5903  5903 E ActivityThread: --> reReadBuildProperty, currentPackageName:com.migu.aijia values:[PRODUCTIONDATE, BluetoothVersion, BluetoothProductClass, BluetoothManufacturer, WiFiVersion, WiFiProductClass, WiFiManufacturer]
07-13 09:40:16.522  5903  5903 E ActivityThread: --> reReadBuildProperty, android.os.Build.PRODUCTIONDATE=2023-12 ,old value:unknown
07-13 09:40:16.522  5903  5903 E ActivityThread: --> reReadBuildProperty, android.os.Build.BluetoothVersion=BT5.1 ,old value:unknown
07-13 09:40:16.522  5903  5903 E ActivityThread: --> reReadBuildProperty, android.os.Build.BluetoothProductClass=rtl8761bt ,old value:unknown
07-13 09:40:16.522  5903  5903 E ActivityThread: --> reReadBuildProperty, android.os.Build.BluetoothManufacturer=Realtek ,old value:unknown
07-13 09:40:16.523  5903  5903 E ActivityThread: --> reReadBuildProperty, android.os.Build.WiFiVersion=unknown ,old value:unknown
07-13 09:40:16.523  5903  5903 E ActivityThread: --> reReadBuildProperty, android.os.Build.WiFiProductClass=unknown ,old value:unknown
07-13 09:40:16.523  5903  5903 E ActivityThread: --> reReadBuildProperty, android.os.Build.WiFiManufacturer=unknown ,old value:unknown
07-13 09:40:16.879  2091  2319 D ConnectivityService: networkId null, isConnected true, isAvailable true
07-13 09:40:17.261  2091  2463 D ConnectivityService: networkId null, isConnected true, isAvailable true
07-13 09:40:18.647  2091  2463 I ActivityManager: Force stopping io.appium.uiautomator2.server appid=10027 user=0: from pid 5993
07-13 09:40:18.767  2091  2463 I ActivityManager: Force stopping io.appium.uiautomator2.server.test appid=10023 user=0: from pid 5994
07-13 09:40:18.982  2091  2091 W Looper  : Slow dispatch took 297ms main h=com.android.server.notification.NotificationManagerService$WorkerHandler c=null m=3
07-13 09:40:18.982  2091  2091 W Looper  : Slow delivery took 208ms main h=android.app.ActivityThread$H c=android.app.-$$Lambda$LoadedApk$ReceiverDispatcher$Args$_BumDX2UKsnxLVrE6UJsJZkotuA@cea8494 m=0
07-13 09:40:19.256  2091  2091 W Looper  : Slow dispatch took 262ms main h=com.android.server.notification.NotificationManagerService$WorkerHandler c=null m=3
07-13 09:40:19.552  5903  6010 W PackageParser: Ignoring duplicate uses-permissions/uses-permissions-sdk-m: android.permission.READ_EXTERNAL_STORAGE in package: com.migu.aijia at: Binary XML file line #31
07-13 09:40:19.552  5903  6010 W PackageParser: Ignoring duplicate uses-permissions/uses-permissions-sdk-m: android.permission.WRITE_EXTERNAL_STORAGE in package: com.migu.aijia at: Binary XML file line #32
07-13 09:40:19.552  5903  6010 W PackageParser: Ignoring duplicate uses-permissions/uses-permissions-sdk-m: android.permission.READ_PHONE_STATE in package: com.migu.aijia at: Binary XML file line #33
07-13 09:40:19.553  5903  6010 W PackageParser: Ignoring duplicate uses-permissions/uses-permissions-sdk-m: com.asus.msa.SupplementaryDID.ACCESS in package: com.migu.aijia at: Binary XML file line #47
07-13 09:40:19.554  5903  6010 W PackageParser: Ignoring duplicate uses-permissions/uses-permissions-sdk-m: android.permission.ACCESS_FINE_LOCATION in package: com.migu.aijia at: Binary XML file line #54
07-13 09:40:19.554  5903  6010 W PackageParser: Ignoring duplicate uses-permissions/uses-permissions-sdk-m: android.permission.ACCESS_COARSE_LOCATION in package: com.migu.aijia at: Binary XML file line #55
07-13 09:40:19.559  2091  2091 W Looper  : Drained
07-13 09:40:19.633  2091  2463 D ActivityManager: com.yd.appstore.ott return ActivityManager.APP_START_MODE_NORMAL
07-13 09:40:19.939  2091  2463 D ConnectivityService: networkId null, isConnected true, isAvailable true
07-13 09:40:19.944  2091  2463 I chatty  : uid=1000(system) Binder:2091_5 identical 1 line
07-13 09:40:19.964  2091  2463 D ConnectivityService: networkId null, isConnected true, isAvailable true
07-13 09:40:20.000  2091  3678 W ActivityManager: startProcessLocked processName:com.android.webview:sandboxed_process0 with  pid:0
07-13 09:40:20.039  2091  2144 I ActivityManager: Start proc 6018:com.android.webview:sandboxed_process0/u0i2 for webview_service com.migu.aijia/org.chromium.content.app.SandboxedProcessService0
07-13 09:40:20.073  2091  2463 D ConnectivityService: networkId null, isConnected true, isAvailable true
07-13 09:40:20.074  2091  2463 D ConnectivityService: networkId null, isConnected true, isAvailable true
07-13 09:40:20.226  6018  6018 E ActivityThread: --> reReadBuildProperty, currentPackageName:com.migu.aijia values:[PRODUCTIONDATE, BluetoothVersion, BluetoothProductClass, BluetoothManufacturer, WiFiVersion, WiFiProductClass, WiFiManufacturer]
07-13 09:40:20.226  6018  6018 E ActivityThread: --> reReadBuildProperty, android.os.Build.PRODUCTIONDATE=2023-12 ,old value:unknown
07-13 09:40:20.226  6018  6018 E ActivityThread: --> reReadBuildProperty, android.os.Build.BluetoothVersion=BT5.1 ,old value:unknown
07-13 09:40:20.227  6018  6018 E ActivityThread: --> reReadBuildProperty, android.os.Build.BluetoothProductClass=rtl8761bt ,old value:unknown
07-13 09:40:20.227  6018  6018 E ActivityThread: --> reReadBuildProperty, android.os.Build.BluetoothManufacturer=Realtek ,old value:unknown
07-13 09:40:20.227  6018  6018 E ActivityThread: --> reReadBuildProperty, android.os.Build.WiFiVersion=unknown ,old value:unknown
07-13 09:40:20.227  6018  6018 E ActivityThread: --> reReadBuildProperty, android.os.Build.WiFiProductClass=unknown ,old value:unknown
07-13 09:40:20.232  6018  6018 E ActivityThread: --> reReadBuildProperty, android.os.Build.WiFiManufacturer=unknown ,old value:unknown
07-13 09:40:20.342  2091  3678 D ConnectivityService: networkId null, isConnected true, isAvailable true
07-13 09:40:20.465  2091  2463 D ConnectivityService: networkId null, isConnected true, isAvailable true
07-13 09:40:20.508  2091  3246 D ConnectivityService: networkId null, isConnected true, isAvailable true
07-13 09:40:20.560  2091  2463 D ConnectivityService: networkId null, isConnected true, isAvailable true
07-13 09:40:20.564  2091  2463 D ConnectivityService: networkId null, isConnected true, isAvailable true
07-13 09:40:22.790  2091  2463 I ActivityManager: Force stopping io.appium.uiautomator2.server appid=10027 user=0: start instr
07-13 09:40:22.795  2091  2463 W ActivityManager: startProcessLocked processName:io.appium.uiautomator2.server with  pid:0
07-13 09:40:22.820  2091  2144 I ActivityManager: Start proc 6071:io.appium.uiautomator2.server/u0a27 for added application io.appium.uiautomator2.server
07-13 09:40:23.055  6071  6071 E ActivityThread: --> reReadBuildProperty, currentPackageName:io.appium.uiautomator2.server values:[PRODUCTIONDATE, BluetoothVersion, BluetoothProductClass, BluetoothManufacturer, WiFiVersion, WiFiProductClass, WiFiManufacturer]
07-13 09:40:23.056  6071  6071 E ActivityThread: --> reReadBuildProperty, android.os.Build.PRODUCTIONDATE=2023-12 ,old value:unknown
07-13 09:40:23.056  6071  6071 E ActivityThread: --> reReadBuildProperty, android.os.Build.BluetoothVersion=BT5.1 ,old value:unknown
07-13 09:40:23.056  6071  6071 E ActivityThread: --> reReadBuildProperty, android.os.Build.BluetoothProductClass=rtl8761bt ,old value:unknown
07-13 09:40:23.057  6071  6071 E ActivityThread: --> reReadBuildProperty, android.os.Build.BluetoothManufacturer=Realtek ,old value:unknown
07-13 09:40:23.057  6071  6071 E ActivityThread: --> reReadBuildProperty, android.os.Build.WiFiVersion=unknown ,old value:unknown
07-13 09:40:23.057  6071  6071 E ActivityThread: --> reReadBuildProperty, android.os.Build.WiFiProductClass=unknown ,old value:unknown
07-13 09:40:23.058  6071  6071 E ActivityThread: --> reReadBuildProperty, android.os.Build.WiFiManufacturer=unknown ,old value:unknown
07-13 09:40:27.939  2091  2091 V SettingsProvider: Notifying for 0: content://settings/secure/accessibility_enabled
07-13 09:40:31.501  2091  2463 D ConnectivityService: networkId null, isConnected true, isAvailable true
07-13 09:40:31.526  2091  2463 D ConnectivityService: networkId null, isConnected true, isAvailable true
07-13 09:40:31.550  2091  3246 D ConnectivityService: networkId null, isConnected true, isAvailable true
07-13 09:40:31.601  2091  3246 I chatty  : uid=1000(system) Binder:2091_A identical 2 lines
07-13 09:40:31.603  2091  3246 D ConnectivityService: networkId null, isConnected true, isAvailable true
07-13 09:40:31.606  2091  2463 D ConnectivityService: networkId null, isConnected true, isAvailable true
07-13 09:40:31.648  2091  2463 I chatty  : uid=1000(system) Binder:2091_5 identical 2 lines
07-13 09:40:31.700  2091  2463 D ConnectivityService: networkId null, isConnected true, isAvailable true
07-13 09:40:36.451  2091  2233 W ContextImpl: Calling a method in the system process without a qualified user: android.app.ContextImpl.startActivity:890 com.android.server.policy.PhoneWindowManager.interceptKeyBeforeDispatching:4278 com.android.server.wm.InputMonitor.interceptKeyBeforeDispatching:477 com.android.server.input.InputManagerService.interceptKeyBeforeDispatching:1854 <bottom of call stack>
07-13 09:40:36.452  2091  2233 W ContextImpl: Calling a method in the system process without a qualified user: android.app.ContextImpl.startActivity:902 android.app.ContextImpl.startActivity:891 com.android.server.policy.PhoneWindowManager.interceptKeyBeforeDispatching:4278 com.android.server.wm.InputMonitor.interceptKeyBeforeDispatching:477 com.android.server.input.InputManagerService.interceptKeyBeforeDispatching:1854
07-13 09:40:36.457  2091  2233 I ActivityManager: START u0 {act=android.intent.action.MAIN cat=[android.intent.category.LAUNCHER] flg=0x10000000 pkg=com.huawei.tvbox cmp=com.huawei.tvbox/com.fonsview.mangotv.MainActivity (has extras)} from uid 1000
07-13 09:40:36.552  2091  2463 D ConnectivityService: networkId null, isConnected true, isAvailable true
07-13 09:40:36.577  2091  3678 W ActivityManager: Receiver with filter android.content.IntentFilter@7d6adf2 already registered for pid 3313, callerPackage is com.huawei.tvbox
07-13 09:40:36.629  2091  2463 D ConnectivityService: networkId null, isConnected true, isAvailable true
07-13 09:40:36.634  2091  2463 D ConnectivityService: networkId null, isConnected true, isAvailable true
07-13 09:40:36.635  2091  2463 D AppOps  : checkOperation =:28,uid==:10006pkg==:com.huawei.tvbox
07-13 09:40:36.653  2091  3678 D ConnectivityService: networkId null, isConnected true, isAvailable true
07-13 09:40:36.656  2091  3678 I chatty  : uid=1000(system) Binder:2091_B identical 1 line
07-13 09:40:36.661  2091  3678 D ConnectivityService: networkId null, isConnected true, isAvailable true
07-13 09:40:36.769  2091  2463 D ConnectivityService: networkId null, isConnected true, isAvailable true
07-13 09:40:37.003  2091  3678 D ConnectivityService: networkId null, isConnected true, isAvailable true
07-13 09:40:37.159  2091  3678 I chatty  : uid=1000(system) Binder:2091_B identical 7 lines
07-13 09:40:37.168  2091  3678 D ConnectivityService: networkId null, isConnected true, isAvailable true
07-13 09:40:37.594  2091  3246 D ConnectivityService: networkId null, isConnected true, isAvailable true
07-13 09:40:38.211  2091  3246 I chatty  : uid=1000(system) Binder:2091_A identical 12 lines
07-13 09:40:38.318  2091  3246 D ConnectivityService: networkId null, isConnected true, isAvailable true
