07-13 09:30:50.352  2091  2925 D ConnectivityService: networkId null, isConnected true, isAvailable true
07-13 09:30:50.352  2091  2319 D AppOps  : checkOperation =:76,uid==:1000pkg==:net.sunniwell.app.upgrade.online
07-13 09:30:50.355  2091  2925 D ConnectivityService: networkId null, isConnected true, isAvailable true
07-13 09:30:50.364  2091  2319 D AppOps  : checkOperation =:76,uid==:1000pkg==:net.sunniwell.app.upgrade.online
07-13 09:30:50.364  2091  2319 D AppOps  : checkOperation =:70,uid==:1000pkg==:net.sunniwell.app.upgrade.online
07-13 09:30:50.578  2091  2091 W ActivityManager: startProcessLocked processName:com.ain.ipc.hall with  pid:0
07-13 09:30:50.579  2091  2091 W Looper  : Slow dispatch took 203ms main h=android.app.ActivityThread$H c=android.app.-$$Lambda$LoadedApk$ReceiverDispatcher$Args$_BumDX2UKsnxLVrE6UJsJZkotuA@7ddbb60 m=0
07-13 09:30:50.580  2091  2091 W Looper  : Slow delivery took 203ms main h=com.android.server.notification.NotificationManagerService$WorkerHandler c=com.android.server.notification.NotificationManagerService$NotificationAssistants$1@4c03819 m=0
07-13 09:30:50.584  2091  2091 W Looper  : Drained
07-13 09:30:50.597  2091  2144 I ActivityManager: Start proc 3108:com.ain.ipc.hall/u0a17 for broadcast com.ain.ipc.hall/com.ain.ipc.connect.broadcast.AutoStartReceiver
07-13 09:30:50.775  3108  3108 E ActivityThread: --> reReadBuildProperty, currentPackageName:com.ain.ipc.hall values:[PRODUCTIONDATE, BluetoothVersion, BluetoothProductClass, BluetoothManufacturer, WiFiVersion, WiFiProductClass, WiFiManufacturer]
07-13 09:30:50.776  3108  3108 E ActivityThread: --> reReadBuildProperty, android.os.Build.PRODUCTIONDATE=2023-12 ,old value:unknown
07-13 09:30:50.776  3108  3108 E ActivityThread: --> reReadBuildProperty, android.os.Build.BluetoothVersion=BT5.1 ,old value:unknown
07-13 09:30:50.776  3108  3108 E ActivityThread: --> reReadBuildProperty, android.os.Build.BluetoothProductClass=rtl8761bt ,old value:unknown
07-13 09:30:50.777  3108  3108 E ActivityThread: --> reReadBuildProperty, android.os.Build.BluetoothManufacturer=Realtek ,old value:unknown
07-13 09:30:50.777  3108  3108 E ActivityThread: --> reReadBuildProperty, android.os.Build.WiFiVersion=unknown ,old value:unknown
07-13 09:30:50.777  3108  3108 E ActivityThread: --> reReadBuildProperty, android.os.Build.WiFiProductClass=unknown ,old value:unknown
07-13 09:30:50.777  3108  3108 E ActivityThread: --> reReadBuildProperty, android.os.Build.WiFiManufacturer=unknown ,old value:unknown
07-13 09:30:51.128  3066  3066 W ContextImpl: Calling a method in the system process without a qualified user: android.app.ContextImpl.startService:1534 android.content.ContextWrapper.startService:664 android.content.ContextWrapper.startService:664 net.sunniwell.app.init.reciver.InitAppReciver$1.handleMessage:28 android.os.Handler.dispatchMessage:106
07-13 09:30:51.184  3066  3066 W PackageParser: Ignoring duplicate uses-permissions/uses-permissions-sdk-m: android.permission.READ_EXTERNAL_STORAGE in package: com.migu.aijia at: Binary XML file line #31
07-13 09:30:51.184  3066  3066 W PackageParser: Ignoring duplicate uses-permissions/uses-permissions-sdk-m: android.permission.WRITE_EXTERNAL_STORAGE in package: com.migu.aijia at: Binary XML file line #32
07-13 09:30:51.185  3066  3066 W PackageParser: Ignoring duplicate uses-permissions/uses-permissions-sdk-m: android.permission.READ_PHONE_STATE in package: com.migu.aijia at: Binary XML file line #33
07-13 09:30:51.185  3066  3066 W PackageParser: Ignoring duplicate uses-permissions/uses-permissions-sdk-m: com.asus.msa.SupplementaryDID.ACCESS in package: com.migu.aijia at: Binary XML file line #47
07-13 09:30:51.185  3066  3066 W PackageParser: Ignoring duplicate uses-permissions/uses-permissions-sdk-m: android.permission.ACCESS_FINE_LOCATION in package: com.migu.aijia at: Binary XML file line #54
07-13 09:30:51.185  3066  3066 W PackageParser: Ignoring duplicate uses-permissions/uses-permissions-sdk-m: android.permission.ACCESS_COARSE_LOCATION in package: com.migu.aijia at: Binary XML file line #55
07-13 09:30:51.244  2091  2925 I ActivityManager: START u0 {flg=0x10000000 pkg=com.ain.ipc.hall cmp=com.ain.ipc.hall/com.moziqi.compat.OActivity} from uid 10017
07-13 09:30:51.258  2091  2925 D ActivityManager: startActivityLocked packageName : com.ain.ipc.hall,classnamecom.moziqi.compat.OActivity
07-13 09:30:51.270  2725  2725 W ContextImpl: Calling a method in the system process without a qualified user: android.app.ContextImpl.sendBroadcast:1008 android.content.ContextWrapper.sendBroadcast:444 android.app.ActivityThread.sendActivityStateBroadcast:3808 android.app.ActivityThread.performPauseActivityIfNeeded:4059 android.app.ActivityThread.performPauseActivity:4008
07-13 09:30:51.273  2091  2936 W ActivityManager: realStartActivityLocked  processName=com.ain.ipc.hall has been set ActivityRecord=ActivityRecord{532d8c u0 com.ain.ipc.hall/com.moziqi.compat.OActivity t10}
07-13 09:30:51.998  2091  2319 D AppOps  : checkOperation =:76,uid==:10017pkg==:com.ain.ipc.hall
07-13 09:30:51.998  2091  2319 D AppOps  : checkOperation =:70,uid==:10017pkg==:com.ain.ipc.hall
07-13 09:30:52.004  2091  2319 D ConnectivityService: networkId null, isConnected true, isAvailable true
07-13 09:30:52.010  2091  2319 W ActivityManager: startProcessLocked processName:com.android.packageinstaller with  pid:0
07-13 09:30:52.040  2725  2725 W ContextImpl: Calling a method in the system process without a qualified user: android.app.ContextImpl.sendBroadcast:1008 android.content.ContextWrapper.sendBroadcast:444 android.app.ActivityThread.sendActivityStateBroadcast:3808 android.app.ActivityThread.performResumeActivity:3793 android.app.ActivityThread.handleResumeActivity:3838
07-13 09:30:52.051  2091  2144 I ActivityManager: Start proc 3135:com.android.packageinstaller/u0a9 for broadcast com.android.packageinstaller/.TemporaryFileManager
07-13 09:30:52.118  3135  3135 E ActivityThread: --> reReadBuildProperty, currentPackageName:com.android.packageinstaller values:[PRODUCTIONDATE, BluetoothVersion, BluetoothProductClass, BluetoothManufacturer, WiFiVersion, WiFiProductClass, WiFiManufacturer]
07-13 09:30:52.118  3135  3135 E ActivityThread: --> reReadBuildProperty, android.os.Build.PRODUCTIONDATE=2023-12 ,old value:unknown
07-13 09:30:52.118  3135  3135 E ActivityThread: --> reReadBuildProperty, android.os.Build.BluetoothVersion=BT5.1 ,old value:unknown
07-13 09:30:52.118  3135  3135 E ActivityThread: --> reReadBuildProperty, android.os.Build.BluetoothProductClass=rtl8761bt ,old value:unknown
07-13 09:30:52.118  3135  3135 E ActivityThread: --> reReadBuildProperty, android.os.Build.BluetoothManufacturer=Realtek ,old value:unknown
07-13 09:30:52.119  3135  3135 E ActivityThread: --> reReadBuildProperty, android.os.Build.WiFiVersion=unknown ,old value:unknown
07-13 09:30:52.119  3135  3135 E ActivityThread: --> reReadBuildProperty, android.os.Build.WiFiProductClass=unknown ,old value:unknown
07-13 09:30:52.119  3135  3135 E ActivityThread: --> reReadBuildProperty, android.os.Build.WiFiManufacturer=unknown ,old value:unknown
07-13 09:30:52.196  2091  2319 W ActivityManager: startProcessLocked processName:android.process.media with  pid:0
07-13 09:30:52.218  2091  2144 I ActivityManager: Start proc 3154:android.process.media/u0a3 for broadcast com.android.providers.media/.MediaScannerReceiver
07-13 09:30:52.264  3154  3154 E ActivityThread: --> reReadBuildProperty, currentPackageName:com.android.providers.media values:[PRODUCTIONDATE, BluetoothVersion, BluetoothProductClass, BluetoothManufacturer, WiFiVersion, WiFiProductClass, WiFiManufacturer]
07-13 09:30:52.264  3154  3154 E ActivityThread: --> reReadBuildProperty, android.os.Build.PRODUCTIONDATE=2023-12 ,old value:unknown
07-13 09:30:52.264  3154  3154 E ActivityThread: --> reReadBuildProperty, android.os.Build.BluetoothVersion=BT5.1 ,old value:unknown
07-13 09:30:52.264  3154  3154 E ActivityThread: --> reReadBuildProperty, android.os.Build.BluetoothProductClass=rtl8761bt ,old value:unknown
07-13 09:30:52.264  3154  3154 E ActivityThread: --> reReadBuildProperty, android.os.Build.BluetoothManufacturer=Realtek ,old value:unknown
07-13 09:30:52.264  3154  3154 E ActivityThread: --> reReadBuildProperty, android.os.Build.WiFiVersion=unknown ,old value:unknown
07-13 09:30:52.264  3154  3154 E ActivityThread: --> reReadBuildProperty, android.os.Build.WiFiProductClass=unknown ,old value:unknown
07-13 09:30:52.264  3154  3154 E ActivityThread: --> reReadBuildProperty, android.os.Build.WiFiManufacturer=unknown ,old value:unknown
07-13 09:30:52.361  2091  2319 D AppOps  : checkOperation =:70,uid==:10003pkg==:com.android.providers.media
07-13 09:30:52.361  2091  2319 W ActivityManager: Background start not allowed: service Intent { cmp=com.android.providers.media/.MediaScannerService (has extras) } to com.android.providers.media/.MediaScannerService from pid=3154 uid=10003 pkg=com.android.providers.media startFg?=false
--------- beginning of crash
07-13 09:30:52.364  3154  3154 E AndroidRuntime: FATAL EXCEPTION: main
07-13 09:30:52.364  3154  3154 E AndroidRuntime: Process: android.process.media, PID: 3154
07-13 09:30:52.364  3154  3154 E AndroidRuntime: java.lang.RuntimeException: Unable to start receiver com.android.providers.media.MediaScannerReceiver: java.lang.IllegalStateException: Not allowed to start service Intent { cmp=com.android.providers.media/.MediaScannerService (has extras) }: app is in background uid UidRecord{2e497fd u0a3 RCVR idle change:uncached procs:1 seq(0,0,0)}
07-13 09:30:52.364  3154  3154 E AndroidRuntime: 	at android.app.ActivityThread.handleReceiver(ActivityThread.java:3392)
07-13 09:30:52.364  3154  3154 E AndroidRuntime: 	at android.app.ActivityThread.access$1200(ActivityThread.java:199)
07-13 09:30:52.364  3154  3154 E AndroidRuntime: 	at android.app.ActivityThread$H.handleMessage(ActivityThread.java:1661)
07-13 09:30:52.364  3154  3154 E AndroidRuntime: 	at android.os.Handler.dispatchMessage(Handler.java:106)
07-13 09:30:52.364  3154  3154 E AndroidRuntime: 	at android.os.Looper.loop(Looper.java:193)
07-13 09:30:52.364  3154  3154 E AndroidRuntime: 	at android.app.ActivityThread.main(ActivityThread.java:6725)
07-13 09:30:52.364  3154  3154 E AndroidRuntime: 	at java.lang.reflect.Method.invoke(Native Method)
07-13 09:30:52.364  3154  3154 E AndroidRuntime: 	at com.android.internal.os.RuntimeInit$MethodAndArgsCaller.run(RuntimeInit.java:493)
07-13 09:30:52.364  3154  3154 E AndroidRuntime: 	at com.android.internal.os.ZygoteInit.main(ZygoteInit.java:1201)
07-13 09:30:52.364  3154  3154 E AndroidRuntime: Caused by: java.lang.IllegalStateException: Not allowed to start service Intent { cmp=com.android.providers.media/.MediaScannerService (has extras) }: app is in background uid UidRecord{2e497fd u0a3 RCVR idle change:uncached procs:1 seq(0,0,0)}
07-13 09:30:52.364  3154  3154 E AndroidRuntime: 	at android.app.ContextImpl.startServiceCommon(ContextImpl.java:1580)
07-13 09:30:52.364  3154  3154 E AndroidRuntime: 	at android.app.ContextImpl.startService(ContextImpl.java:1535)
07-13 09:30:52.364  3154  3154 E AndroidRuntime: 	at android.content.ContextWrapper.startService(ContextWrapper.java:664)
07-13 09:30:52.364  3154  3154 E AndroidRuntime: 	at android.content.ContextWrapper.startService(ContextWrapper.java:664)
07-13 09:30:52.364  3154  3154 E AndroidRuntime: 	at com.android.providers.media.MediaScannerReceiver.scan(MediaScannerReceiver.java:76)
07-13 09:30:52.364  3154  3154 E AndroidRuntime: 	at com.android.providers.media.MediaScannerReceiver.onReceive(MediaScannerReceiver.java:41)
07-13 09:30:52.364  3154  3154 E AndroidRuntime: 	at android.app.ActivityThread.handleReceiver(ActivityThread.java:3383)
07-13 09:30:52.364  3154  3154 E AndroidRuntime: 	... 8 more
07-13 09:30:52.370  2091  2138 W ActivityManager: startProcessLocked processName:com.android.settings with  pid:0
07-13 09:30:52.392  2091  2144 I ActivityManager: Start proc 3174:com.android.settings/1000 for broadcast com.android.settings/net.sunniwell.app.settings.content.reciever.SWSettingsNetworkReceiver
07-13 09:30:52.396  2091  2319 I ActivityManager: Process android.process.media (pid 3154) has died: fore RCVR
07-13 09:30:52.445  3174  3174 E ActivityThread: --> reReadBuildProperty, currentPackageName:com.android.settings values:[PRODUCTIONDATE, BluetoothVersion, BluetoothProductClass, BluetoothManufacturer, WiFiVersion, WiFiProductClass, WiFiManufacturer]
07-13 09:30:52.445  3174  3174 E ActivityThread: --> reReadBuildProperty, android.os.Build.PRODUCTIONDATE=2023-12 ,old value:unknown
07-13 09:30:52.446  3174  3174 E ActivityThread: --> reReadBuildProperty, android.os.Build.BluetoothVersion=BT5.1 ,old value:unknown
07-13 09:30:52.446  3174  3174 E ActivityThread: --> reReadBuildProperty, android.os.Build.BluetoothProductClass=rtl8761bt ,old value:unknown
07-13 09:30:52.446  3174  3174 E ActivityThread: --> reReadBuildProperty, android.os.Build.BluetoothManufacturer=Realtek ,old value:unknown
07-13 09:30:52.446  3174  3174 E ActivityThread: --> reReadBuildProperty, android.os.Build.WiFiVersion=unknown ,old value:unknown
07-13 09:30:52.446  3174  3174 E ActivityThread: --> reReadBuildProperty, android.os.Build.WiFiProductClass=unknown ,old value:unknown
07-13 09:30:52.446  3174  3174 E ActivityThread: --> reReadBuildProperty, android.os.Build.WiFiManufacturer=unknown ,old value:unknown
07-13 09:30:52.537  3174  3174 W ContextImpl: Calling a method in the system process without a qualified user: android.app.ContextImpl.bindService:1614 android.content.ContextWrapper.bindService:698 net.sunniwell.app.settings.manager.SWBindAPIManager.bindApiService:52 net.sunniwell.app.settings.manager.SWBindAPIManager.<init>:30 net.sunniwell.app.settings.manager.SWBindAPIManager.getInstance:41
07-13 09:30:52.553  2091  2319 W ActivityManager: startProcessLocked processName:com.homecdn.pdaemon with  pid:0
07-13 09:30:52.571  2091  2144 I ActivityManager: Start proc 3190:com.homecdn.pdaemon/1000 for broadcast com.homecdn.pdaemon/.MyReceiver
07-13 09:30:52.628  3190  3190 E ActivityThread: --> reReadBuildProperty, currentPackageName:com.homecdn.pdaemon values:[PRODUCTIONDATE, BluetoothVersion, BluetoothProductClass, BluetoothManufacturer, WiFiVersion, WiFiProductClass, WiFiManufacturer]
07-13 09:30:52.630  3190  3190 E ActivityThread: --> reReadBuildProperty, android.os.Build.PRODUCTIONDATE=2023-12 ,old value:unknown
07-13 09:30:52.630  3190  3190 E ActivityThread: --> reReadBuildProperty, android.os.Build.BluetoothVersion=BT5.1 ,old value:unknown
07-13 09:30:52.630  3190  3190 E ActivityThread: --> reReadBuildProperty, android.os.Build.BluetoothProductClass=rtl8761bt ,old value:unknown
07-13 09:30:52.631  3190  3190 E ActivityThread: --> reReadBuildProperty, android.os.Build.BluetoothManufacturer=Realtek ,old value:unknown
07-13 09:30:52.631  3190  3190 E ActivityThread: --> reReadBuildProperty, android.os.Build.WiFiVersion=unknown ,old value:unknown
07-13 09:30:52.631  3190  3190 E ActivityThread: --> reReadBuildProperty, android.os.Build.WiFiProductClass=unknown ,old value:unknown
07-13 09:30:52.631  3190  3190 E ActivityThread: --> reReadBuildProperty, android.os.Build.WiFiManufacturer=unknown ,old value:unknown
07-13 09:30:52.672  2091  2925 D ConnectivityService: networkId null, isConnected true, isAvailable true
07-13 09:30:52.681  2091  2319 D ConnectivityService: networkId null, isConnected true, isAvailable true
07-13 09:30:52.693  3190  3190 W ContextImpl: Calling a method in the system process without a qualified user: android.app.ContextImpl.startService:1534 android.content.ContextWrapper.startService:664 android.content.ContextWrapper.startService:664 com.homecdn.pdaemon.MyReceiver.onReceive:20 android.app.ActivityThread.handleReceiver:3383
07-13 09:30:52.700  2725  2725 W ContextImpl: Calling a method in the system process without a qualified user: android.app.ContextImpl.startService:1534 android.content.ContextWrapper.startService:664 android.content.ContextWrapper.startService:664 com.huawei.stb.tm.StartReceiver.onReceive:97 android.app.ActivityThread.handleReceiver:3383
07-13 09:30:52.703  2091  2925 D AppOps  : checkOperation =:76,uid==:1000pkg==:com.homecdn.pdaemon
07-13 09:30:52.703  2091  2925 D AppOps  : checkOperation =:70,uid==:1000pkg==:com.homecdn.pdaemon
07-13 09:30:52.713  2725  2725 W ContextImpl: Calling a method in the system process without a qualified user: android.app.ContextImpl.startService:1534 android.content.ContextWrapper.startService:664 android.content.ContextWrapper.startService:664 com.huawei.stb.tm.StartReceiver.onReceive:107 android.app.ActivityThread.handleReceiver:3383
07-13 09:30:52.716  2091  2925 D ActivityManager: com.yd.appstore.ott return ActivityManager.APP_START_MODE_NORMAL
07-13 09:30:52.717  2091  2925 W ActivityManager: startProcessLocked processName:com.yd.appstore.ott with  pid:0
07-13 09:30:52.727  2091  2936 D ConnectivityService: networkId null, isConnected true, isAvailable true
07-13 09:30:52.737  2091  2936 D ConnectivityService: networkId null, isConnected true, isAvailable true
07-13 09:30:52.745  2091  2144 I ActivityManager: Start proc 3218:com.yd.appstore.ott/u0a7 for broadcast com.yd.appstore.ott/wd.android.app.service.IntentReceiver
07-13 09:30:52.748  2091  2319 D ConnectivityService: networkId null, isConnected true, isAvailable true
07-13 09:30:52.790  2091  2936 D ConnectivityService: networkId null, isConnected true, isAvailable true
07-13 09:30:52.793  2091  2319 D ConnectivityService: networkId null, isConnected true, isAvailable true
07-13 09:30:52.823  3218  3218 E ActivityThread: --> reReadBuildProperty, currentPackageName:com.yd.appstore.ott values:[PRODUCTIONDATE, BluetoothVersion, BluetoothProductClass, BluetoothManufacturer, WiFiVersion, WiFiProductClass, WiFiManufacturer]
07-13 09:30:52.823  3218  3218 E ActivityThread: --> reReadBuildProperty, android.os.Build.PRODUCTIONDATE=2023-12 ,old value:unknown
07-13 09:30:52.823  3218  3218 E ActivityThread: --> reReadBuildProperty, android.os.Build.BluetoothVersion=BT5.1 ,old value:unknown
07-13 09:30:52.823  3218  3218 E ActivityThread: --> reReadBuildProperty, android.os.Build.BluetoothProductClass=rtl8761bt ,old value:unknown
07-13 09:30:52.824  3218  3218 E ActivityThread: --> reReadBuildProperty, android.os.Build.BluetoothManufacturer=Realtek ,old value:unknown
07-13 09:30:52.824  3218  3218 E ActivityThread: --> reReadBuildProperty, android.os.Build.WiFiVersion=unknown ,old value:unknown
07-13 09:30:52.824  3218  3218 E ActivityThread: --> reReadBuildProperty, android.os.Build.WiFiProductClass=unknown ,old value:unknown
07-13 09:30:52.824  3218  3218 E ActivityThread: --> reReadBuildProperty, android.os.Build.WiFiManufacturer=unknown ,old value:unknown
07-13 09:30:52.981  2091  2367 I ActivityManager: Process com.android.bluetooth (pid 2305) has died: psvc PER
07-13 09:30:52.984  2091  2367 W ActivityManager: Scheduling restart of crashed service com.android.bluetooth/.opp.BluetoothOppService in 1000ms
07-13 09:30:52.985  2091  2091 D BluetoothManagerService: BluetoothServiceConnection, disconnected: com.android.bluetooth.btservice.AdapterService
07-13 09:30:52.986  2091  2367 W ActivityManager: Scheduling restart of crashed service com.android.bluetooth/.gatt.GattService in 1000ms
07-13 09:30:52.986  2091  2367 W ActivityManager: Scheduling restart of crashed service com.android.bluetooth/.avrcp.AvrcpTargetService in 11000ms
07-13 09:30:52.986  2091  2367 W ActivityManager: Scheduling restart of crashed service com.android.bluetooth/.hid.HidDeviceService in 10999ms
07-13 09:30:52.987  2091  2164 E BluetoothManagerService: MESSAGE_BLUETOOTH_SERVICE_DISCONNECTED(1)
07-13 09:30:52.988  2091  2164 D BluetoothManagerService: MESSAGE_BLUETOOTH_SERVICE_DISCONNECTED hasDevice:true mEnable:true
07-13 09:30:52.988  2091  2367 W ActivityManager: Scheduling restart of crashed service com.android.bluetooth/.btservice.AdapterService in 10999ms
07-13 09:30:52.988  2091  2367 W ActivityManager: Scheduling restart of crashed service com.android.bluetooth/.a2dp.A2dpService in 20997ms
07-13 09:30:52.988  2091  2367 W ActivityManager: Scheduling restart of crashed service com.android.bluetooth/.hid.HidHostService in 20997ms
07-13 09:30:52.991  2091  2164 D BluetoothManagerService: Broadcasting onBluetoothServiceDown() to 3 receivers.
07-13 09:30:52.992  2091  2164 D BluetoothManagerService: Sending BLE State Change: ON > TURNING_OFF
07-13 09:30:52.999  2091  2091 D BluetoothManagerService: BluetoothServiceConnection, disconnected: com.android.bluetooth.gatt.GattService
07-13 09:30:53.001  2091  2164 D BluetoothManagerService: Bluetooth is complete send Service Down
07-13 09:30:53.001  2091  2164 D BluetoothManagerService: Broadcasting onBluetoothServiceDown() to 3 receivers.
07-13 09:30:53.002  2091  2164 D BluetoothManagerService: unbindAndFinish(): null mBinding = false mUnbinding = false
07-13 09:30:53.002  2091  2164 D BluetoothManagerService: Sending BLE State Change: TURNING_OFF > OFF
07-13 09:30:53.004  2091  2164 E BluetoothManagerService: MESSAGE_BLUETOOTH_SERVICE_DISCONNECTED(2)
07-13 09:30:53.188  2091  2164 D BluetoothManagerService: MESSAGE_RESTART_BLUETOOTH_SERVICE
07-13 09:30:53.190  2091  2164 W ActivityManager: startProcessLocked processName:com.android.bluetooth with  pid:0
07-13 09:30:53.209  2091  2144 I ActivityManager: Start proc 3249:com.android.bluetooth/1002 for service com.android.bluetooth/.btservice.AdapterService
07-13 09:30:53.258  3249  3249 E ActivityThread: --> reReadBuildProperty, currentPackageName:com.android.bluetooth values:[PRODUCTIONDATE, BluetoothVersion, BluetoothProductClass, BluetoothManufacturer, WiFiVersion, WiFiProductClass, WiFiManufacturer]
07-13 09:30:53.258  3249  3249 E ActivityThread: --> reReadBuildProperty, android.os.Build.PRODUCTIONDATE=2023-12 ,old value:unknown
07-13 09:30:53.259  3249  3249 E ActivityThread: --> reReadBuildProperty, android.os.Build.BluetoothVersion=BT5.1 ,old value:unknown
07-13 09:30:53.259  3249  3249 E ActivityThread: --> reReadBuildProperty, android.os.Build.BluetoothProductClass=rtl8761bt ,old value:unknown
07-13 09:30:53.259  3249  3249 E ActivityThread: --> reReadBuildProperty, android.os.Build.BluetoothManufacturer=Realtek ,old value:unknown
07-13 09:30:53.259  3249  3249 E ActivityThread: --> reReadBuildProperty, android.os.Build.WiFiVersion=unknown ,old value:unknown
07-13 09:30:53.260  3249  3249 E ActivityThread: --> reReadBuildProperty, android.os.Build.WiFiProductClass=unknown ,old value:unknown
07-13 09:30:53.261  3249  3249 E ActivityThread: --> reReadBuildProperty, android.os.Build.WiFiManufacturer=unknown ,old value:unknown
07-13 09:30:53.317  2091  3237 D AppOps  : checkOperation =:3,uid==:1000pkg==:com.homecdn.pdaemon
07-13 09:30:53.338  2091  2580 W UserManagerService: isUserUnlocked: state = 3
07-13 09:30:53.397  2897  2913 W ContextImpl: Calling a method in the system process without a qualified user: android.app.ContextImpl.sendBroadcast:1008 android.content.ContextWrapper.sendBroadcast:444 net.sunniwell.app.provider.AuthenticationProvider.update:2088 android.content.ContentProvider$Transport.update:359 android.content.ContentProviderNative.onTransact:211
07-13 09:30:53.458  2725  2725 W ContextImpl: Calling a method in the system process without a qualified user: android.app.ContextImpl.sendBroadcast:1008 android.content.ContextWrapper.sendBroadcast:444 com.huawei.stb.tm.b.e.e.a:4 com.huawei.stb.tm.b.e.d.a:181 com.huawei.stb.tm.b.e.d.e:29
07-13 09:30:53.479  2897  2911 W ContextImpl: Calling a method in the system process without a qualified user: android.app.ContextImpl.sendBroadcast:1008 android.content.ContextWrapper.sendBroadcast:444 net.sunniwell.app.provider.AuthenticationProvider.update:2090 android.content.ContentProvider$Transport.update:359 android.content.ContentProviderNative.onTransact:211
07-13 09:30:53.497  2091  2091 D BluetoothManagerService: BluetoothServiceConnection: com.android.bluetooth.btservice.AdapterService
07-13 09:30:53.499  2091  2164 D BluetoothManagerService: MESSAGE_BLUETOOTH_SERVICE_CONNECTED: 1
07-13 09:30:53.501  2091  2164 D BluetoothManagerService: Broadcasting onBluetoothServiceUp() to 4 receivers.
07-13 09:30:53.513  2091  2164 D BluetoothManagerService: MESSAGE_BLUETOOTH_STATE_CHANGE: OFF > BLE_TURNING_ON
07-13 09:30:53.513  2091  2164 D BluetoothManagerService: Sending BLE State Change: OFF > BLE_TURNING_ON
07-13 09:30:53.514  2091  2164 D BluetoothManagerService: MESSAGE_BLUETOOTH_STATE_CHANGE hasDevice:true
07-13 09:30:53.518  2091  2091 D BluetoothManagerService: BluetoothServiceConnection: com.android.bluetooth.gatt.GattService
07-13 09:30:53.518  2091  2164 D BluetoothManagerService: MESSAGE_BLUETOOTH_SERVICE_CONNECTED: 2
07-13 09:30:53.518  2091  2164 D BluetoothManagerService: continueFromBleOnState()
07-13 09:30:53.519  2091  2164 D BluetoothManagerService: Persisting Bluetooth Setting: 1
07-13 09:30:53.534  2091  2936 W UserManagerService: isUserUnlocked: state = 3
07-13 09:30:53.566  2802  2889 W ContextImpl: Calling a method in the system process without a qualified user: android.app.ContextImpl.sendBroadcast:1008 android.content.ContextWrapper.sendBroadcast:444 net.sunniwell.app.guide.ha.receiver.HaGuideReceiver.sendMiGuAdBroadcast:103 net.sunniwell.app.guide.ha.receiver.HaGuideReceiver.onIptvAuthStatusChange:66 net.sunniwell.app.guide.ha.receiver.HaGuideReceiver.onReceive:35
07-13 09:30:53.589  2725  2725 W ContextImpl: Calling a method in the system process without a qualified user: android.app.ContextImpl.startActivity:890 android.content.ContextWrapper.startActivity:379 com.huawei.stb.tm.b.e.i.h:38 com.huawei.stb.tm.b.e.i.i:154 com.huawei.stb.tm.b.e.f.e:222
07-13 09:30:53.590  2725  2725 W ContextImpl: Calling a method in the system process without a qualified user: android.app.ContextImpl.startActivity:902 android.app.ContextImpl.startActivity:891 android.content.ContextWrapper.startActivity:379 com.huawei.stb.tm.b.e.i.h:38 com.huawei.stb.tm.b.e.i.i:154
07-13 09:30:53.591  2091  2936 I ActivityManager: START u0 {act=android.intent.action.MAIN cat=[android.intent.category.LAUNCHER] flg=0x10000000 cmp=com.huawei.tvbox/.activity.SplashActivity} from uid 1000
07-13 09:30:53.608  2091  2936 D ActivityManager: startActivityLocked packageName : com.huawei.tvbox,classnamecom.huawei.tvbox.activity.SplashActivity
07-13 09:30:53.630  2725  2725 W ContextImpl: Calling a method in the system process without a qualified user: android.app.ContextImpl.startService:1534 android.content.ContextWrapper.startService:664 com.huawei.stb.tm.ui.a.a.g:101 com.huawei.stb.tm.ui.service.AuthService.c:143 com.huawei.stb.tm.a.a.a$c.b:65
07-13 09:30:53.800  2725  2725 W ContextImpl: Calling a method in the system process without a qualified user: android.app.ContextImpl.sendBroadcast:1008 android.content.ContextWrapper.sendBroadcast:444 android.app.ActivityThread.sendActivityStateBroadcast:3808 android.app.ActivityThread.performPauseActivityIfNeeded:4059 android.app.ActivityThread.performPauseActivity:4008
07-13 09:30:53.804  2091  2936 W ActivityManager: startProcessLocked processName:com.huawei.tvbox with  pid:0
07-13 09:30:53.810  2725  2725 W ContextImpl: Calling a method in the system process without a qualified user: android.app.ContextImpl.stopService:1546 android.content.ContextWrapper.stopService:674 com.huawei.stb.tm.ui.service.RefreshService.onCreate:41 android.app.ActivityThread.handleCreateService:3536 android.app.ActivityThread.access$1300:199
07-13 09:30:53.836  2091  2144 I ActivityManager: Start proc 3313:com.huawei.tvbox/u0a6 for activity com.huawei.tvbox/.activity.SplashActivity
07-13 09:30:53.898  2091  2936 W ActivityManager: realStartActivityLocked  processName=com.huawei.tvbox has been set ActivityRecord=ActivityRecord{ddf76f3 u0 com.huawei.tvbox/.activity.SplashActivity t12}
07-13 09:30:53.900  2725  2725 W ContextImpl: Calling a method in the system process without a qualified user: android.app.ContextImpl.sendBroadcast:1008 android.content.ContextWrapper.sendBroadcast:444 com.huawei.stb.tm.ui.a.a$b.run:13 android.os.Handler.handleCallback:891 android.os.Handler.dispatchMessage:99
07-13 09:30:53.914  2725  2725 W ContextImpl: Calling a method in the system process without a qualified user: android.app.ContextImpl.stopService:1546 android.content.ContextWrapper.stopService:674 com.huawei.stb.tm.ui.a.a$b.run:35 android.os.Handler.handleCallback:891 android.os.Handler.dispatchMessage:99
07-13 09:30:53.924  3313  3313 E ActivityThread: --> reReadBuildProperty, currentPackageName:com.huawei.tvbox values:[PRODUCTIONDATE, BluetoothVersion, BluetoothProductClass, BluetoothManufacturer, WiFiVersion, WiFiProductClass, WiFiManufacturer]
07-13 09:30:53.924  3313  3313 E ActivityThread: --> reReadBuildProperty, android.os.Build.PRODUCTIONDATE=2023-12 ,old value:unknown
07-13 09:30:53.924  3313  3313 E ActivityThread: --> reReadBuildProperty, android.os.Build.BluetoothVersion=BT5.1 ,old value:unknown
07-13 09:30:53.924  3313  3313 E ActivityThread: --> reReadBuildProperty, android.os.Build.BluetoothProductClass=rtl8761bt ,old value:unknown
07-13 09:30:53.924  3313  3313 E ActivityThread: --> reReadBuildProperty, android.os.Build.BluetoothManufacturer=Realtek ,old value:unknown
07-13 09:30:53.925  3313  3313 E ActivityThread: --> reReadBuildProperty, android.os.Build.WiFiVersion=unknown ,old value:unknown
07-13 09:30:53.925  3313  3313 E ActivityThread: --> reReadBuildProperty, android.os.Build.WiFiProductClass=unknown ,old value:unknown
07-13 09:30:53.925  3313  3313 E ActivityThread: --> reReadBuildProperty, android.os.Build.WiFiManufacturer=unknown ,old value:unknown
07-13 09:30:54.079  2091  2580 W ActivityManager: Unable to start service Intent { act=net.dlb.shcmcc.installservice pkg=net.dlb.shcmcc.installservice } U=0: not found
07-13 09:30:54.259  2091  2580 D ConnectivityService: networkId null, isConnected true, isAvailable true
07-13 09:30:54.260  2091  2580 I chatty  : uid=1000(system) Binder:2091_6 identical 1 line
07-13 09:30:54.262  2091  2580 D ConnectivityService: networkId null, isConnected true, isAvailable true
07-13 09:30:54.282  2091  2367 W ActivityManager: startProcessLocked processName:com.android.webview:sandboxed_process0 with  pid:0
07-13 09:30:54.303  2091  2144 I ActivityManager: Start proc 3343:com.android.webview:sandboxed_process0/u0i0 for webview_service com.yd.appstore.ott/org.chromium.content.app.SandboxedProcessService0
07-13 09:30:54.375  2091  2367 D ConnectivityService: networkId null, isConnected true, isAvailable true
07-13 09:30:54.377  2091  2367 D ConnectivityService: networkId null, isConnected true, isAvailable true
07-13 09:30:54.391  3343  3343 E ActivityThread: --> reReadBuildProperty, currentPackageName:com.yd.appstore.ott values:[PRODUCTIONDATE, BluetoothVersion, BluetoothProductClass, BluetoothManufacturer, WiFiVersion, WiFiProductClass, WiFiManufacturer]
07-13 09:30:54.391  3343  3343 E ActivityThread: --> reReadBuildProperty, android.os.Build.PRODUCTIONDATE=2023-12 ,old value:unknown
07-13 09:30:54.391  3343  3343 E ActivityThread: --> reReadBuildProperty, android.os.Build.BluetoothVersion=BT5.1 ,old value:unknown
07-13 09:30:54.391  2091  2936 I ActivityManager: START u0 {act=android.intent.action.MAIN cat=[android.intent.category.LAUNCHER] flg=0x10000000 pkg=com.huawei.tvbox cmp=com.huawei.tvbox/com.fonsview.mangotv.MainActivity} from uid 10006
07-13 09:30:54.391  3343  3343 E ActivityThread: --> reReadBuildProperty, android.os.Build.BluetoothProductClass=rtl8761bt ,old value:unknown
07-13 09:30:54.391  3343  3343 E ActivityThread: --> reReadBuildProperty, android.os.Build.BluetoothManufacturer=Realtek ,old value:unknown
07-13 09:30:54.392  3343  3343 E ActivityThread: --> reReadBuildProperty, android.os.Build.WiFiVersion=unknown ,old value:unknown
07-13 09:30:54.392  3343  3343 E ActivityThread: --> reReadBuildProperty, android.os.Build.WiFiProductClass=unknown ,old value:unknown
07-13 09:30:54.392  3343  3343 E ActivityThread: --> reReadBuildProperty, android.os.Build.WiFiManufacturer=unknown ,old value:unknown
07-13 09:30:54.398  2091  2936 D ActivityManager: startActivityLocked packageName : com.huawei.tvbox,classnamecom.fonsview.mangotv.MainActivity
07-13 09:30:54.462  2091  2936 W ActivityManager: startProcessLocked processName:com.huawei.thirdparty.dataaccess with  pid:0
07-13 09:30:54.491  2091  2091 D BluetoothManagerService: Bluetooth Adapter address changed to 8C:EA:12:32:94:A1
07-13 09:30:54.492  2091  2091 D BluetoothManagerService: Stored Bluetoothaddress: 8C:EA:12:32:94:A1
07-13 09:30:54.493  2091  3246 W ActivityManager: realStartActivityLocked  processName=com.huawei.tvbox has been set ActivityRecord=ActivityRecord{e2f7728 u0 com.huawei.tvbox/com.fonsview.mangotv.MainActivity t12}
07-13 09:30:54.521  2091  2091 D BluetoothManagerService: Bluetooth Adapter name changed to CMCC_STB
07-13 09:30:54.522  2091  2091 D BluetoothManagerService: Stored Bluetooth name: CMCC_STB
07-13 09:30:54.532  2091  2144 W ActivityManager: Slow operation: 70ms so far, now at startProcess: returned from zygote!
07-13 09:30:54.532  2091  2144 W ActivityManager: Slow operation: 71ms so far, now at startProcess: done updating battery stats
07-13 09:30:54.532  2091  2144 W ActivityManager: Slow operation: 71ms so far, now at startProcess: building log message
07-13 09:30:54.532  2091  2144 I ActivityManager: Start proc 3372:com.huawei.thirdparty.dataaccess/u0a16 for service com.huawei.thirdparty.dataaccess/.DataAccess
07-13 09:30:54.532  2091  2144 W ActivityManager: Slow operation: 71ms so far, now at startProcess: starting to update pids map
07-13 09:30:54.532  2091  2144 W ActivityManager: Slow operation: 71ms so far, now at startProcess: done updating pids map
07-13 09:30:54.557  2091  2164 D BluetoothManagerService: MESSAGE_BLUETOOTH_STATE_CHANGE: BLE_TURNING_ON > BLE_ON
07-13 09:30:54.557  2091  2164 D BluetoothManagerService: Bluetooth is in LE only mode
07-13 09:30:54.557  2091  2164 D BluetoothManagerService: continueFromBleOnState()
07-13 09:30:54.557  2091  2164 D BluetoothManagerService: Persisting Bluetooth Setting: 1
07-13 09:30:54.558  2091  2164 D BluetoothManagerService: Sending BLE State Change: BLE_TURNING_ON > BLE_ON
07-13 09:30:54.566  2091  2164 D BluetoothManagerService: MESSAGE_BLUETOOTH_STATE_CHANGE hasDevice:true
07-13 09:30:54.566  2091  2164 D BluetoothManagerService: MESSAGE_BLUETOOTH_STATE_CHANGE: BLE_ON > TURNING_ON
07-13 09:30:54.566  2091  2164 D BluetoothManagerService: Sending BLE State Change: BLE_ON > TURNING_ON
07-13 09:30:54.575  2091  2164 D BluetoothManagerService: MESSAGE_BLUETOOTH_STATE_CHANGE hasDevice:true
07-13 09:30:54.588  2091  3246 W UserManagerService: isUserUnlocked: state = 3
07-13 09:30:54.620  2091  2367 W UserManagerService: isUserUnlocked: state = 3
07-13 09:30:54.629  3372  3372 E ActivityThread: --> reReadBuildProperty, currentPackageName:com.huawei.thirdparty.dataaccess values:[PRODUCTIONDATE, BluetoothVersion, BluetoothProductClass, BluetoothManufacturer, WiFiVersion, WiFiProductClass, WiFiManufacturer]
07-13 09:30:54.629  3372  3372 E ActivityThread: --> reReadBuildProperty, android.os.Build.PRODUCTIONDATE=2023-12 ,old value:unknown
07-13 09:30:54.629  3372  3372 E ActivityThread: --> reReadBuildProperty, android.os.Build.BluetoothVersion=BT5.1 ,old value:unknown
07-13 09:30:54.629  3372  3372 E ActivityThread: --> reReadBuildProperty, android.os.Build.BluetoothProductClass=rtl8761bt ,old value:unknown
07-13 09:30:54.629  3372  3372 E ActivityThread: --> reReadBuildProperty, android.os.Build.BluetoothManufacturer=Realtek ,old value:unknown
07-13 09:30:54.629  3372  3372 E ActivityThread: --> reReadBuildProperty, android.os.Build.WiFiVersion=unknown ,old value:unknown
07-13 09:30:54.630  3372  3372 E ActivityThread: --> reReadBuildProperty, android.os.Build.WiFiProductClass=unknown ,old value:unknown
07-13 09:30:54.630  3372  3372 E ActivityThread: --> reReadBuildProperty, android.os.Build.WiFiManufacturer=unknown ,old value:unknown
07-13 09:30:54.640  2091  2367 D ConnectivityService: networkId null, isConnected true, isAvailable true
07-13 09:30:54.659  2091  2367 D AppOps  : checkOperation =:28,uid==:10006pkg==:com.huawei.tvbox
07-13 09:30:54.701  2091  2367 W UserManagerService: isUserUnlocked: state = 3
07-13 09:30:54.711  2091  2936 E WindowManager: App trying to use insecure INPUT_FEATURE_NO_INPUT_CHANNEL flag. Ignoring
07-13 09:30:54.716  2091  2367 W UserManagerService: isUserUnlocked: state = 3
07-13 09:30:54.732  2091  2367 I chatty  : uid=1000(system) Binder:2091_4 identical 1 line
07-13 09:30:54.776  2091  2367 W UserManagerService: isUserUnlocked: state = 3
07-13 09:30:54.808  2091  2936 W UserManagerService: isUserUnlocked: state = 3
07-13 09:30:54.865  2091  2164 D BluetoothManagerService: MESSAGE_BLUETOOTH_STATE_CHANGE: TURNING_ON > ON
07-13 09:30:54.865  2091  2164 D BluetoothManagerService: Broadcasting onBluetoothStateChange(true) to 4 receivers.
07-13 09:30:54.865  2091  2164 D BluetoothManagerService: Creating new ProfileServiceConnections object for profile: 1
07-13 09:30:54.866  2091  2164 E BluetoothManagerService: Fail to bind to: Intent { act=android.bluetooth.IBluetoothHeadset }
07-13 09:30:54.866  2091  2164 W BluetoothManagerService: Unable to bind with intent: Intent { act=android.bluetooth.IBluetoothHeadset }
07-13 09:30:54.868  2091  2164 D BluetoothManagerService: Sending BLE State Change: TURNING_ON > ON
07-13 09:30:54.878  2091  2164 D BluetoothManagerService: MESSAGE_BLUETOOTH_STATE_CHANGE hasDevice:true
07-13 09:30:55.049  2091  2367 D AppOps  : checkOperation =:76,uid==:10006pkg==:com.huawei.tvbox
07-13 09:30:55.092  2091  2367 D ConnectivityService: networkId null, isConnected true, isAvailable true
07-13 09:30:55.110  2091  2367 D AppOps  : checkOperation =:76,uid==:10006pkg==:com.huawei.tvbox
07-13 09:30:55.110  2091  2367 D AppOps  : checkOperation =:70,uid==:10006pkg==:com.huawei.tvbox
07-13 09:30:55.112  2091  2138 V ActivityManager: Attempted to start a foreground service (ComponentInfo{com.huawei.tvbox/com.mgtv.tv.base.core.log.LogService}) with a broken notification (no icon: Notification(channel=104953435 pri=0 contentView=com.huawei.tvbox/0x1090094 vibrate=null sound=null defaults=0x0 flags=0x40 color=0x00000000 vis=PRIVATE))
07-13 09:30:55.117  2091  2367 D ConnectivityService: networkId null, isConnected true, isAvailable true
07-13 09:30:55.119  2091  2367 D ConnectivityService: networkId null, isConnected true, isAvailable true
07-13 09:30:55.562  2091  2580 D AppOps  : checkOperation =:70,uid==:10007pkg==:com.yd.appstore.ott
07-13 09:30:55.562  2091  2580 D ActivityManager: com.yd.appstore.ott return ActivityManager.APP_START_MODE_NORMAL
07-13 09:30:55.563  2091  2580 W ActivityManager: startProcessLocked processName:com.yd.appstore.ott:AgentService with  pid:0
07-13 09:30:55.568  2091  2580 D AppOps  : checkOperation =:70,uid==:10007pkg==:com.yd.appstore.ott
07-13 09:30:55.571  2091  2580 D AppOps  : checkOperation =:70,uid==:10007pkg==:com.yd.appstore.ott
07-13 09:30:55.598  2091  2144 I ActivityManager: Start proc 3459:com.yd.appstore.ott:AgentService/u0a7 for service com.yd.appstore.ott/com.migu.uem.comm.AgentService
07-13 09:30:55.613  2091  2580 D AppOps  : checkOperation =:70,uid==:10007pkg==:com.yd.appstore.ott
07-13 09:30:55.618  2091  2580 D AppOps  : checkOperation =:70,uid==:10007pkg==:com.yd.appstore.ott
07-13 09:30:55.618  2091  2580 D AppOps  : checkOperation =:76,uid==:10007pkg==:com.yd.appstore.ott
07-13 09:30:55.634  2091  2580 W ActivityManager: startProcessLocked processName:net.sunniwell.app.download with  pid:0
07-13 09:30:55.644  2091  2580 D ConnectivityService: networkId null, isConnected true, isAvailable true
07-13 09:30:55.651  2091  2367 D ConnectivityService: networkId null, isConnected true, isAvailable true
07-13 09:30:55.672  2091  2144 I ActivityManager: Start proc 3472:net.sunniwell.app.download/1000 for broadcast net.sunniwell.app.download/.BootCompletedReceiver
07-13 09:30:55.684  2091  3246 D AppOps  : checkOperation =:76,uid==:10007pkg==:com.yd.appstore.ott
07-13 09:30:55.684  2091  3246 D AppOps  : checkOperation =:70,uid==:10007pkg==:com.yd.appstore.ott
07-13 09:30:55.716  3459  3459 E ActivityThread: --> reReadBuildProperty, currentPackageName:com.yd.appstore.ott values:[PRODUCTIONDATE, BluetoothVersion, BluetoothProductClass, BluetoothManufacturer, WiFiVersion, WiFiProductClass, WiFiManufacturer]
07-13 09:30:55.717  3459  3459 E ActivityThread: --> reReadBuildProperty, android.os.Build.PRODUCTIONDATE=2023-12 ,old value:unknown
07-13 09:30:55.717  3459  3459 E ActivityThread: --> reReadBuildProperty, android.os.Build.BluetoothVersion=BT5.1 ,old value:unknown
07-13 09:30:55.717  3459  3459 E ActivityThread: --> reReadBuildProperty, android.os.Build.BluetoothProductClass=rtl8761bt ,old value:unknown
07-13 09:30:55.717  3459  3459 E ActivityThread: --> reReadBuildProperty, android.os.Build.BluetoothManufacturer=Realtek ,old value:unknown
07-13 09:30:55.717  3459  3459 E ActivityThread: --> reReadBuildProperty, android.os.Build.WiFiVersion=unknown ,old value:unknown
07-13 09:30:55.717  3459  3459 E ActivityThread: --> reReadBuildProperty, android.os.Build.WiFiProductClass=unknown ,old value:unknown
07-13 09:30:55.717  3459  3459 E ActivityThread: --> reReadBuildProperty, android.os.Build.WiFiManufacturer=unknown ,old value:unknown
07-13 09:30:55.735  2091  2367 D ConnectivityService: networkId null, isConnected true, isAvailable true
07-13 09:30:55.736  2091  2367 D ConnectivityService: networkId null, isConnected true, isAvailable true
07-13 09:30:55.807  3472  3472 E ActivityThread: --> reReadBuildProperty, currentPackageName:net.sunniwell.app.download values:[PRODUCTIONDATE, BluetoothVersion, BluetoothProductClass, BluetoothManufacturer, WiFiVersion, WiFiProductClass, WiFiManufacturer]
07-13 09:30:55.807  3472  3472 E ActivityThread: --> reReadBuildProperty, android.os.Build.PRODUCTIONDATE=2023-12 ,old value:unknown
07-13 09:30:55.807  3472  3472 E ActivityThread: --> reReadBuildProperty, android.os.Build.BluetoothVersion=BT5.1 ,old value:unknown
07-13 09:30:55.807  3472  3472 E ActivityThread: --> reReadBuildProperty, android.os.Build.BluetoothProductClass=rtl8761bt ,old value:unknown
07-13 09:30:55.807  3472  3472 E ActivityThread: --> reReadBuildProperty, android.os.Build.BluetoothManufacturer=Realtek ,old value:unknown
07-13 09:30:55.807  3472  3472 E ActivityThread: --> reReadBuildProperty, android.os.Build.WiFiVersion=unknown ,old value:unknown
07-13 09:30:55.807  3472  3472 E ActivityThread: --> reReadBuildProperty, android.os.Build.WiFiProductClass=unknown ,old value:unknown
07-13 09:30:55.808  3472  3472 E ActivityThread: --> reReadBuildProperty, android.os.Build.WiFiManufacturer=unknown ,old value:unknown
07-13 09:30:55.960  3472  3472 W ContextImpl: Calling a method in the system process without a qualified user: android.app.ContextImpl.startService:1534 android.content.ContextWrapper.startService:664 android.content.ContextWrapper.startService:664 net.sunniwell.app.download.BootCompletedReceiver.onReceive:14 android.app.ActivityThread.handleReceiver:3383
07-13 09:30:55.968  2867  2867 W ContextImpl: Calling a method in the system process without a qualified user: android.app.ContextImpl.startService:1534 android.content.ContextWrapper.startService:664 android.content.ContextWrapper.startService:664 net.sunniwell.cwmp.protocol.receiver.MainReceiver.onReceive:50 android.app.ActivityThread.handleReceiver:3383
07-13 09:30:55.972  2091  2367 W ActivityManager: startProcessLocked processName:net.sunniwell.app.localplayer.sh with  pid:0
07-13 09:30:56.001  2091  2144 I ActivityManager: Start proc 3508:net.sunniwell.app.localplayer.sh/1000 for broadcast net.sunniwell.app.localplayer.sh/.reciever.MountBroadcastReceiver
07-13 09:30:56.107  3508  3508 E ActivityThread: --> reReadBuildProperty, currentPackageName:net.sunniwell.app.localplayer.sh values:[PRODUCTIONDATE, BluetoothVersion, BluetoothProductClass, BluetoothManufacturer, WiFiVersion, WiFiProductClass, WiFiManufacturer]
07-13 09:30:56.107  3508  3508 E ActivityThread: --> reReadBuildProperty, android.os.Build.PRODUCTIONDATE=2023-12 ,old value:unknown
07-13 09:30:56.108  3508  3508 E ActivityThread: --> reReadBuildProperty, android.os.Build.BluetoothVersion=BT5.1 ,old value:unknown
07-13 09:30:56.108  3508  3508 E ActivityThread: --> reReadBuildProperty, android.os.Build.BluetoothProductClass=rtl8761bt ,old value:unknown
07-13 09:30:56.108  3508  3508 E ActivityThread: --> reReadBuildProperty, android.os.Build.BluetoothManufacturer=Realtek ,old value:unknown
07-13 09:30:56.108  3508  3508 E ActivityThread: --> reReadBuildProperty, android.os.Build.WiFiVersion=unknown ,old value:unknown
07-13 09:30:56.108  3508  3508 E ActivityThread: --> reReadBuildProperty, android.os.Build.WiFiProductClass=unknown ,old value:unknown
07-13 09:30:56.108  3508  3508 E ActivityThread: --> reReadBuildProperty, android.os.Build.WiFiManufacturer=unknown ,old value:unknown
07-13 09:30:56.377  2091  2580 D ConnectivityService: networkId null, isConnected true, isAvailable true
07-13 09:30:56.444  2091  2580 I chatty  : uid=1000(system) Binder:2091_6 identical 1 line
07-13 09:30:56.773  2091  2580 D ConnectivityService: networkId null, isConnected true, isAvailable true
07-13 09:30:56.773  2091  2367 W ActivityManager: startProcessLocked processName:net.sunniwell.app.multicast.probe with  pid:0
07-13 09:30:56.811  2091  2144 I ActivityManager: Start proc 3538:net.sunniwell.app.multicast.probe/1000 for broadcast net.sunniwell.app.multicast.probe/.ui.StartReceiver
07-13 09:30:56.911  2091  2367 D ConnectivityService: networkId null, isConnected true, isAvailable true
07-13 09:30:56.935  3538  3538 E ActivityThread: --> reReadBuildProperty, currentPackageName:net.sunniwell.app.multicast.probe values:[PRODUCTIONDATE, BluetoothVersion, BluetoothProductClass, BluetoothManufacturer, WiFiVersion, WiFiProductClass, WiFiManufacturer]
07-13 09:30:56.935  3538  3538 E ActivityThread: --> reReadBuildProperty, android.os.Build.PRODUCTIONDATE=2023-12 ,old value:unknown
07-13 09:30:56.936  3538  3538 E ActivityThread: --> reReadBuildProperty, android.os.Build.BluetoothVersion=BT5.1 ,old value:unknown
07-13 09:30:56.936  3538  3538 E ActivityThread: --> reReadBuildProperty, android.os.Build.BluetoothProductClass=rtl8761bt ,old value:unknown
07-13 09:30:56.936  3538  3538 E ActivityThread: --> reReadBuildProperty, android.os.Build.BluetoothManufacturer=Realtek ,old value:unknown
07-13 09:30:56.936  3538  3538 E ActivityThread: --> reReadBuildProperty, android.os.Build.WiFiVersion=unknown ,old value:unknown
07-13 09:30:56.936  3538  3538 E ActivityThread: --> reReadBuildProperty, android.os.Build.WiFiProductClass=unknown ,old value:unknown
07-13 09:30:56.936  3538  3538 E ActivityThread: --> reReadBuildProperty, android.os.Build.WiFiManufacturer=unknown ,old value:unknown
07-13 09:30:56.996  2091  2136 W VoiceInteractionManagerService: no available voice interaction services found for user 0
07-13 09:30:57.014  2867  2867 W ContextImpl: Calling a method in the system process without a qualified user: android.app.ContextImpl.startService:1534 android.content.ContextWrapper.startService:664 net.sunniwell.cwmp.protocol.service.StartService.startITMS:337 net.sunniwell.cwmp.protocol.service.StartService.access$000:42 net.sunniwell.cwmp.protocol.service.StartService$1.handleMessage:58
07-13 09:30:57.015  3538  3538 W ContextImpl: Calling a method in the system process without a qualified user: android.app.ContextImpl.startService:1534 android.content.ContextWrapper.startService:664 android.content.ContextWrapper.startService:664 net.sunniwell.app.multicast.probe.ui.StartReceiver.onReceive:18 android.app.ActivityThread.handleReceiver:3383
07-13 09:30:57.021  2091  2580 I BroadcastQueue: Delay finish: net.sunniwell.app.multicast.probe/.ui.StartReceiver
07-13 09:30:57.049  2091  3246 D ConnectivityService: networkId null, isConnected true, isAvailable true
07-13 09:30:57.176  2091  2367 D ConnectivityService: networkId null, isConnected true, isAvailable true
07-13 09:30:57.663  2091  2367 I chatty  : uid=1000(system) Binder:2091_4 identical 6 lines
07-13 09:30:57.665  2091  2367 D ConnectivityService: networkId null, isConnected true, isAvailable true
07-13 09:30:57.710  2091  3246 D ConnectivityService: networkId null, isConnected true, isAvailable true
07-13 09:30:57.733  2091  2367 D ConnectivityService: networkId null, isConnected true, isAvailable true
07-13 09:30:57.792  2091  3246 D ConnectivityService: networkId null, isConnected true, isAvailable true
07-13 09:30:58.002  2091  2367 D ConnectivityService: networkId null, isConnected true, isAvailable true
07-13 09:30:58.003  2091  3246 D ConnectivityService: networkId null, isConnected true, isAvailable true
07-13 09:30:58.011  2091  3246 D ConnectivityService: networkId null, isConnected true, isAvailable true
07-13 09:30:58.191  2091  2936 D ConnectivityService: networkId null, isConnected true, isAvailable true
07-13 09:30:58.201  2091  3246 D ConnectivityService: networkId null, isConnected true, isAvailable true
07-13 09:30:58.243  2091  2367 D ConnectivityService: networkId null, isConnected true, isAvailable true
07-13 09:30:58.291  2091  2367 I chatty  : uid=1000(system) Binder:2091_4 identical 1 line
07-13 09:30:58.326  2091  2367 D ConnectivityService: networkId null, isConnected true, isAvailable true
07-13 09:30:58.330  2091  2580 D ConnectivityService: networkId null, isConnected true, isAvailable true
07-13 09:30:58.349  2091  2580 I chatty  : uid=1000(system) Binder:2091_6 identical 1 line
07-13 09:30:58.350  2091  2580 D ConnectivityService: networkId null, isConnected true, isAvailable true
