07-13 09:40:41.972  2091  2233 W ContextImpl: Calling a method in the system process without a qualified user: android.app.ContextImpl.startActivity:890 com.android.server.policy.PhoneWindowManager.interceptKeyBeforeDispatching:4278 com.android.server.wm.InputMonitor.interceptKeyBeforeDispatching:477 com.android.server.input.InputManagerService.interceptKeyBeforeDispatching:1854 <bottom of call stack>
07-13 09:40:41.972  2091  2233 W ContextImpl: Calling a method in the system process without a qualified user: android.app.ContextImpl.startActivity:902 android.app.ContextImpl.startActivity:891 com.android.server.policy.PhoneWindowManager.interceptKeyBeforeDispatching:4278 com.android.server.wm.InputMonitor.interceptKeyBeforeDispatching:477 com.android.server.input.InputManagerService.interceptKeyBeforeDispatching:1854
07-13 09:40:41.977  2091  2233 I ActivityManager: START u0 {act=android.intent.action.MAIN cat=[android.intent.category.LAUNCHER] flg=0x10000000 pkg=com.huawei.tvbox cmp=com.huawei.tvbox/com.fonsview.mangotv.MainActivity (has extras)} from uid 1000
07-13 09:40:41.984  2091  3246 D ConnectivityService: networkId null, isConnected true, isAvailable true
07-13 09:40:41.998  2091  3246 W ActivityManager: Receiver with filter android.content.IntentFilter@5011131 already registered for pid 3313, callerPackage is com.huawei.tvbox
07-13 09:40:42.001  2091  3246 D ConnectivityService: networkId null, isConnected true, isAvailable true
07-13 09:40:42.175  1851  2056 E storaged: getDiskStats failed with result NOT_SUPPORTED and size 0
07-13 09:40:43.016  2091  3246 D ConnectivityService: networkId null, isConnected true, isAvailable true
07-13 09:40:52.346  2091  2463 W ActivityManager: Unable to start service Intent { act=com.iflytek.vocmd.START pkg=com.android.smart.terminal.voice (has extras) } U=0: not found
07-13 09:40:55.125  2091  3678 D ConnectivityService: networkId null, isConnected true, isAvailable true
07-13 09:40:55.377  2091  3678 I chatty  : uid=1000(system) Binder:2091_B identical 3 lines
07-13 09:40:55.382  2091  3678 D ConnectivityService: networkId null, isConnected true, isAvailable true
07-13 09:40:55.382  2091  2463 D AppOps  : checkOperation =:28,uid==:10006pkg==:com.huawei.tvbox
07-13 09:40:55.555  2091  3678 D ConnectivityService: networkId null, isConnected true, isAvailable true
07-13 09:40:55.724  2091  2463 D ConnectivityService: networkId null, isConnected true, isAvailable true
07-13 09:40:56.343  2091  2319 D ConnectivityService: networkId null, isConnected true, isAvailable true
07-13 09:40:56.506  2091  3678 W ActivityManager: Unable to start service Intent { act=com.iflytek.vocmd.START pkg=com.android.smart.terminal.voice (has extras) } U=0: not found
07-13 09:40:57.669  2091  2319 D ConnectivityService: networkId null, isConnected true, isAvailable true
07-13 09:41:00.628  2091  3678 W ActivityManager: Unable to start service Intent { act=com.iflytek.vocmd.START pkg=com.android.smart.terminal.voice (has extras) } U=0: not found
07-13 09:41:04.758  2091  2319 W ActivityManager: Unable to start service Intent { act=com.iflytek.vocmd.START pkg=com.android.smart.terminal.voice (has extras) } U=0: not found
07-13 09:41:08.979  2091  3678 W ActivityManager: Unable to start service Intent { act=com.iflytek.vocmd.START pkg=com.android.smart.terminal.voice (has extras) } U=0: not found
07-13 09:41:12.817  2091  2138 W ActivityManager: startProcessLocked processName:android.process.media with  pid:0
07-13 09:41:12.843  2091  2144 I ActivityManager: Start proc 6394:android.process.media/u0a3 for broadcast com.android.providers.media/.MediaScannerReceiver
07-13 09:41:12.898  6394  6394 E ActivityThread: --> reReadBuildProperty, currentPackageName:com.android.providers.media values:[PRODUCTIONDATE, BluetoothVersion, BluetoothProductClass, BluetoothManufacturer, WiFiVersion, WiFiProductClass, WiFiManufacturer]
07-13 09:41:12.898  6394  6394 E ActivityThread: --> reReadBuildProperty, android.os.Build.PRODUCTIONDATE=2023-12 ,old value:unknown
07-13 09:41:12.898  6394  6394 E ActivityThread: --> reReadBuildProperty, android.os.Build.BluetoothVersion=BT5.1 ,old value:unknown
07-13 09:41:12.899  6394  6394 E ActivityThread: --> reReadBuildProperty, android.os.Build.BluetoothProductClass=rtl8761bt ,old value:unknown
07-13 09:41:12.899  6394  6394 E ActivityThread: --> reReadBuildProperty, android.os.Build.BluetoothManufacturer=Realtek ,old value:unknown
07-13 09:41:12.899  6394  6394 E ActivityThread: --> reReadBuildProperty, android.os.Build.WiFiVersion=unknown ,old value:unknown
07-13 09:41:12.900  6394  6394 E ActivityThread: --> reReadBuildProperty, android.os.Build.WiFiProductClass=unknown ,old value:unknown
07-13 09:41:12.900  6394  6394 E ActivityThread: --> reReadBuildProperty, android.os.Build.WiFiManufacturer=unknown ,old value:unknown
07-13 09:41:12.996  2091  2319 D AppOps  : checkOperation =:70,uid==:10003pkg==:com.android.providers.media
07-13 09:41:12.996  2091  2319 W ActivityManager: Background start not allowed: service Intent { cmp=com.android.providers.media/.MediaScannerService (has extras) } to com.android.providers.media/.MediaScannerService from pid=6394 uid=10003 pkg=com.android.providers.media startFg?=false
07-13 09:41:13.002  6394  6394 E AndroidRuntime: FATAL EXCEPTION: main
07-13 09:41:13.002  6394  6394 E AndroidRuntime: Process: android.process.media, PID: 6394
07-13 09:41:13.002  6394  6394 E AndroidRuntime: java.lang.RuntimeException: Unable to start receiver com.android.providers.media.MediaScannerReceiver: java.lang.IllegalStateException: Not allowed to start service Intent { cmp=com.android.providers.media/.MediaScannerService (has extras) }: app is in background uid UidRecord{5153b95 u0a3 RCVR idle change:idle|uncached procs:1 seq(0,0,0)}
07-13 09:41:13.002  6394  6394 E AndroidRuntime: 	at android.app.ActivityThread.handleReceiver(ActivityThread.java:3392)
07-13 09:41:13.002  6394  6394 E AndroidRuntime: 	at android.app.ActivityThread.access$1200(ActivityThread.java:199)
07-13 09:41:13.002  6394  6394 E AndroidRuntime: 	at android.app.ActivityThread$H.handleMessage(ActivityThread.java:1661)
07-13 09:41:13.002  6394  6394 E AndroidRuntime: 	at android.os.Handler.dispatchMessage(Handler.java:106)
07-13 09:41:13.002  6394  6394 E AndroidRuntime: 	at android.os.Looper.loop(Looper.java:193)
07-13 09:41:13.002  6394  6394 E AndroidRuntime: 	at android.app.ActivityThread.main(ActivityThread.java:6725)
07-13 09:41:13.002  6394  6394 E AndroidRuntime: 	at java.lang.reflect.Method.invoke(Native Method)
07-13 09:41:13.002  6394  6394 E AndroidRuntime: 	at com.android.internal.os.RuntimeInit$MethodAndArgsCaller.run(RuntimeInit.java:493)
07-13 09:41:13.002  6394  6394 E AndroidRuntime: 	at com.android.internal.os.ZygoteInit.main(ZygoteInit.java:1201)
07-13 09:41:13.002  6394  6394 E AndroidRuntime: Caused by: java.lang.IllegalStateException: Not allowed to start service Intent { cmp=com.android.providers.media/.MediaScannerService (has extras) }: app is in background uid UidRecord{5153b95 u0a3 RCVR idle change:idle|uncached procs:1 seq(0,0,0)}
07-13 09:41:13.002  6394  6394 E AndroidRuntime: 	at android.app.ContextImpl.startServiceCommon(ContextImpl.java:1580)
07-13 09:41:13.002  6394  6394 E AndroidRuntime: 	at android.app.ContextImpl.startService(ContextImpl.java:1535)
07-13 09:41:13.002  6394  6394 E AndroidRuntime: 	at android.content.ContextWrapper.startService(ContextWrapper.java:664)
07-13 09:41:13.002  6394  6394 E AndroidRuntime: 	at android.content.ContextWrapper.startService(ContextWrapper.java:664)
07-13 09:41:13.002  6394  6394 E AndroidRuntime: 	at com.android.providers.media.MediaScannerReceiver.scanFile(MediaScannerReceiver.java:83)
07-13 09:41:13.002  6394  6394 E AndroidRuntime: 	at com.android.providers.media.MediaScannerReceiver.onReceive(MediaScannerReceiver.java:67)
07-13 09:41:13.002  6394  6394 E AndroidRuntime: 	at android.app.ActivityThread.handleReceiver(ActivityThread.java:3383)
07-13 09:41:13.002  6394  6394 E AndroidRuntime: 	... 8 more
07-13 09:41:13.048  2091  3678 I ActivityManager: Process android.process.media (pid 6394) has died: cch  CEM
07-13 09:41:13.097  2091  3678 W ActivityManager: Unable to start service Intent { act=com.iflytek.vocmd.START pkg=com.android.smart.terminal.voice (has extras) } U=0: not found
07-13 09:41:17.276  2091  3678 W ActivityManager: Unable to start service Intent { act=com.iflytek.vocmd.START pkg=com.android.smart.terminal.voice (has extras) } U=0: not found
07-13 09:41:21.374  2091  2319 W ActivityManager: Unable to start service Intent { act=com.iflytek.vocmd.START pkg=com.android.smart.terminal.voice (has extras) } U=0: not found
07-13 09:41:25.595  2091  3678 W ActivityManager: Unable to start service Intent { act=com.iflytek.vocmd.START pkg=com.android.smart.terminal.voice (has extras) } U=0: not found
07-13 09:41:29.744  2091  3678 W ActivityManager: Unable to start service Intent { act=com.iflytek.vocmd.START pkg=com.android.smart.terminal.voice (has extras) } U=0: not found
07-13 09:41:34.005  2091  2319 W ActivityManager: Unable to start service Intent { act=com.iflytek.vocmd.START pkg=com.android.smart.terminal.voice (has extras) } U=0: not found
07-13 09:41:38.155  2091  3678 W ActivityManager: Unable to start service Intent { act=com.iflytek.vocmd.START pkg=com.android.smart.terminal.voice (has extras) } U=0: not found
07-13 09:41:42.176  1851  2056 E storaged: getDiskStats failed with result NOT_SUPPORTED and size 0
07-13 09:41:42.327  2091  3678 W ActivityManager: Unable to start service Intent { act=com.iflytek.vocmd.START pkg=com.android.smart.terminal.voice (has extras) } U=0: not found
07-13 09:41:46.574  2091  2319 W ActivityManager: Unable to start service Intent { act=com.iflytek.vocmd.START pkg=com.android.smart.terminal.voice (has extras) } U=0: not found
07-13 09:41:50.774  2091  2319 W ActivityManager: Unable to start service Intent { act=com.iflytek.vocmd.START pkg=com.android.smart.terminal.voice (has extras) } U=0: not found
07-13 09:41:51.826  2091  2319 W WindowManager: removeWindowToken: Attempted to remove non-existing token: android.os.Binder@aff1de
07-13 09:41:51.837  2091  2091 V SettingsProvider: Notifying for 0: content://settings/secure/accessibility_enabled
07-13 09:41:51.950  6071  6102 E AndroidRuntime: FATAL EXCEPTION: Instr: androidx.test.runner.AndroidJUnitRunner
07-13 09:41:51.950  6071  6102 E AndroidRuntime: Process: io.appium.uiautomator2.server, PID: 6071
07-13 09:41:51.950  6071  6102 E AndroidRuntime: java.lang.IllegalStateException: UiAutomation not connected!
07-13 09:41:51.950  6071  6102 E AndroidRuntime: 	at android.app.UiAutomation.throwIfNotConnectedLocked(UiAutomation.java:1112)
07-13 09:41:51.950  6071  6102 E AndroidRuntime: 	at android.app.UiAutomation.disconnect(UiAutomation.java:286)
07-13 09:41:51.950  6071  6102 E AndroidRuntime: 	at android.app.Instrumentation.finish(Instrumentation.java:244)
07-13 09:41:51.950  6071  6102 E AndroidRuntime: 	at androidx.test.runner.MonitoringInstrumentation.finish(MonitoringInstrumentation.java:409)
07-13 09:41:51.950  6071  6102 E AndroidRuntime: 	at androidx.test.runner.AndroidJUnitRunner.onStart(AndroidJUnitRunner.java:476)
07-13 09:41:51.950  6071  6102 E AndroidRuntime: 	at android.app.Instrumentation$InstrumentationThread.run(Instrumentation.java:2145)
07-13 09:41:51.994  2091  2936 I ActivityManager: Process io.appium.uiautomator2.server (pid 6071) has died: fore FGS
07-13 09:41:51.995  2091  2936 W ActivityManager: Crash of app io.appium.uiautomator2.server running instrumentation ComponentInfo{io.appium.uiautomator2.server.test/androidx.test.runner.AndroidJUnitRunner}
07-13 09:41:51.996  2091  2936 I ActivityManager: Force stopping io.appium.uiautomator2.server appid=10027 user=0: finished inst
07-13 09:41:51.997  2091  2138 W ActivityManager: Error shutting down UiAutomationConnection
07-13 09:41:51.998  2091  6585 I ActivityManager: Failure reporting to instrumentation watcher: comp=ComponentInfo{io.appium.uiautomator2.server.test/androidx.test.runner.AndroidJUnitRunner} results=Bundle[{shortMsg=Process crashed.}]
07-13 09:41:52.251  2091  6584 I ActivityManager: Force stopping io.appium.uiautomator2.server.test appid=10023 user=0: from pid 6591
07-13 09:41:52.254  2091  2936 I ActivityManager: Force stopping io.appium.uiautomator2.server appid=10027 user=0: from pid 6590
07-13 09:41:52.425  2091  2091 V SettingsProvider: Notifying for 0: content://settings/global/hidden_api_policy_pre_p_apps
07-13 09:41:52.500  2091  2091 V SettingsProvider: Notifying for 0: content://settings/global/hidden_api_policy_p_apps
07-13 09:41:52.571  2091  2091 V SettingsProvider: Notifying for 0: content://settings/global/hidden_api_policy
07-13 09:41:54.468  2091  2936 D ConnectivityService: networkId null, isConnected true, isAvailable true
07-13 09:41:55.003  2091  2936 W ActivityManager: Unable to start service Intent { act=com.iflytek.vocmd.START pkg=com.android.smart.terminal.voice (has extras) } U=0: not found
07-13 09:41:56.063  2091  6584 D ConnectivityService: networkId null, isConnected true, isAvailable true
07-13 09:41:56.133  2091  6584 I chatty  : uid=1000(system) Binder:2091_D identical 8 lines
07-13 09:41:56.172  2091  6584 D ConnectivityService: networkId null, isConnected true, isAvailable true
07-13 09:41:59.152  2091  2936 W ActivityManager: Unable to start service Intent { act=com.iflytek.vocmd.START pkg=com.android.smart.terminal.voice (has extras) } U=0: not found
07-13 09:42:03.388  2091  2106 W ActivityManager: Unable to start service Intent { act=com.iflytek.vocmd.START pkg=com.android.smart.terminal.voice (has extras) } U=0: not found
07-13 09:42:07.636  2091  2106 I chatty  : uid=1000(system) Binder:2091_1 identical 1 line
07-13 09:42:11.895  2091  2106 W ActivityManager: Unable to start service Intent { act=com.iflytek.vocmd.START pkg=com.android.smart.terminal.voice (has extras) } U=0: not found
07-13 09:42:16.129  2091  2936 W ActivityManager: Unable to start service Intent { act=com.iflytek.vocmd.START pkg=com.android.smart.terminal.voice (has extras) } U=0: not found
07-13 09:42:20.305  2091  2936 W ActivityManager: Unable to start service Intent { act=com.iflytek.vocmd.START pkg=com.android.smart.terminal.voice (has extras) } U=0: not found
07-13 09:42:24.538  2091  2106 W ActivityManager: Unable to start service Intent { act=com.iflytek.vocmd.START pkg=com.android.smart.terminal.voice (has extras) } U=0: not found
07-13 09:42:28.785  2091  2936 W ActivityManager: Unable to start service Intent { act=com.iflytek.vocmd.START pkg=com.android.smart.terminal.voice (has extras) } U=0: not found
07-13 09:42:33.019  2091  2936 W ActivityManager: Unable to start service Intent { act=com.iflytek.vocmd.START pkg=com.android.smart.terminal.voice (has extras) } U=0: not found
07-13 09:42:37.239  2091  6584 W ActivityManager: Unable to start service Intent { act=com.iflytek.vocmd.START pkg=com.android.smart.terminal.voice (has extras) } U=0: not found
07-13 09:42:41.482  2091  2936 W ActivityManager: Unable to start service Intent { act=com.iflytek.vocmd.START pkg=com.android.smart.terminal.voice (has extras) } U=0: not found
07-13 09:42:42.178  1851  2056 E storaged: getDiskStats failed with result NOT_SUPPORTED and size 0
07-13 09:42:45.612  2091  6584 W ActivityManager: Unable to start service Intent { act=com.iflytek.vocmd.START pkg=com.android.smart.terminal.voice (has extras) } U=0: not found
07-13 09:42:49.869  2091  6584 I chatty  : uid=1000(system) Binder:2091_D identical 1 line
07-13 09:42:54.125  2091  6584 W ActivityManager: Unable to start service Intent { act=com.iflytek.vocmd.START pkg=com.android.smart.terminal.voice (has extras) } U=0: not found
07-13 09:42:58.361  2091  2106 W ActivityManager: Unable to start service Intent { act=com.iflytek.vocmd.START pkg=com.android.smart.terminal.voice (has extras) } U=0: not found
07-13 09:43:02.629  2091  6584 W ActivityManager: Unable to start service Intent { act=com.iflytek.vocmd.START pkg=com.android.smart.terminal.voice (has extras) } U=0: not found
07-13 09:43:11.112  2091  6584 I chatty  : uid=1000(system) Binder:2091_D identical 2 lines
07-13 09:43:15.347  2091  6584 W ActivityManager: Unable to start service Intent { act=com.iflytek.vocmd.START pkg=com.android.smart.terminal.voice (has extras) } U=0: not found
07-13 09:43:19.507  2091  2106 W ActivityManager: Unable to start service Intent { act=com.iflytek.vocmd.START pkg=com.android.smart.terminal.voice (has extras) } U=0: not found
07-13 09:43:23.747  2091  6584 W ActivityManager: Unable to start service Intent { act=com.iflytek.vocmd.START pkg=com.android.smart.terminal.voice (has extras) } U=0: not found
07-13 09:43:27.969  2091  2106 W ActivityManager: Unable to start service Intent { act=com.iflytek.vocmd.START pkg=com.android.smart.terminal.voice (has extras) } U=0: not found
07-13 09:43:36.295  2091  2106 I chatty  : uid=1000(system) Binder:2091_1 identical 2 lines
07-13 09:43:40.459  2091  2106 W ActivityManager: Unable to start service Intent { act=com.iflytek.vocmd.START pkg=com.android.smart.terminal.voice (has extras) } U=0: not found
07-13 09:43:42.185  1851  2056 E storaged: getDiskStats failed with result NOT_SUPPORTED and size 0
07-13 09:43:44.681  2091  2936 W ActivityManager: Unable to start service Intent { act=com.iflytek.vocmd.START pkg=com.android.smart.terminal.voice (has extras) } U=0: not found
07-13 09:43:48.845  2091  2106 W ActivityManager: Unable to start service Intent { act=com.iflytek.vocmd.START pkg=com.android.smart.terminal.voice (has extras) } U=0: not found
07-13 09:43:52.939  2091  2106 W ActivityManager: Unable to start service Intent { act=com.iflytek.vocmd.START pkg=com.android.smart.terminal.voice (has extras) } U=0: not found
07-13 09:43:57.078  2091  2936 W ActivityManager: Unable to start service Intent { act=com.iflytek.vocmd.START pkg=com.android.smart.terminal.voice (has extras) } U=0: not found
07-13 09:44:01.336  2091  6584 W ActivityManager: Unable to start service Intent { act=com.iflytek.vocmd.START pkg=com.android.smart.terminal.voice (has extras) } U=0: not found
07-13 09:44:09.663  2091  6584 I chatty  : uid=1000(system) Binder:2091_D identical 2 lines
07-13 09:44:13.909  2091  6584 W ActivityManager: Unable to start service Intent { act=com.iflytek.vocmd.START pkg=com.android.smart.terminal.voice (has extras) } U=0: not found
07-13 09:44:18.146  2091  2936 W ActivityManager: Unable to start service Intent { act=com.iflytek.vocmd.START pkg=com.android.smart.terminal.voice (has extras) } U=0: not found
07-13 09:44:22.359  2091  6584 W ActivityManager: Unable to start service Intent { act=com.iflytek.vocmd.START pkg=com.android.smart.terminal.voice (has extras) } U=0: not found
07-13 09:44:26.581  2091  6584 I chatty  : uid=1000(system) Binder:2091_D identical 1 line
07-13 09:44:30.831  2091  6584 W ActivityManager: Unable to start service Intent { act=com.iflytek.vocmd.START pkg=com.android.smart.terminal.voice (has extras) } U=0: not found
07-13 09:44:35.070  2091  2106 W ActivityManager: Unable to start service Intent { act=com.iflytek.vocmd.START pkg=com.android.smart.terminal.voice (has extras) } U=0: not found
07-13 09:44:39.224  2091  6584 W ActivityManager: Unable to start service Intent { act=com.iflytek.vocmd.START pkg=com.android.smart.terminal.voice (has extras) } U=0: not found
07-13 09:44:42.187  1851  2056 E storaged: getDiskStats failed with result NOT_SUPPORTED and size 0
07-13 09:44:43.464  2091  2936 W ActivityManager: Unable to start service Intent { act=com.iflytek.vocmd.START pkg=com.android.smart.terminal.voice (has extras) } U=0: not found
07-13 09:44:47.650  2091  2106 W ActivityManager: Unable to start service Intent { act=com.iflytek.vocmd.START pkg=com.android.smart.terminal.voice (has extras) } U=0: not found
07-13 09:44:51.855  2091  6584 W ActivityManager: Unable to start service Intent { act=com.iflytek.vocmd.START pkg=com.android.smart.terminal.voice (has extras) } U=0: not found
07-13 09:44:56.035  2091  2106 W ActivityManager: Unable to start service Intent { act=com.iflytek.vocmd.START pkg=com.android.smart.terminal.voice (has extras) } U=0: not found
07-13 09:45:00.170  2091  6584 W ActivityManager: Unable to start service Intent { act=com.iflytek.vocmd.START pkg=com.android.smart.terminal.voice (has extras) } U=0: not found
07-13 09:45:04.316  2091  2106 W ActivityManager: Unable to start service Intent { act=com.iflytek.vocmd.START pkg=com.android.smart.terminal.voice (has extras) } U=0: not found
07-13 09:45:08.558  2091  2936 W ActivityManager: Unable to start service Intent { act=com.iflytek.vocmd.START pkg=com.android.smart.terminal.voice (has extras) } U=0: not found
07-13 09:45:12.764  2091  2106 W ActivityManager: Unable to start service Intent { act=com.iflytek.vocmd.START pkg=com.android.smart.terminal.voice (has extras) } U=0: not found
07-13 09:45:16.971  2091  6584 W ActivityManager: Unable to start service Intent { act=com.iflytek.vocmd.START pkg=com.android.smart.terminal.voice (has extras) } U=0: not found
07-13 09:45:21.190  2091  2367 W ActivityManager: Unable to start service Intent { act=com.iflytek.vocmd.START pkg=com.android.smart.terminal.voice (has extras) } U=0: not found
07-13 09:45:25.421  2091  2367 W ActivityManager: Unable to start service Intent { act=com.iflytek.vocmd.START pkg=com.android.smart.terminal.voice (has extras) } U=0: not found
07-13 09:45:29.602  2091  6584 W ActivityManager: Unable to start service Intent { act=com.iflytek.vocmd.START pkg=com.android.smart.terminal.voice (has extras) } U=0: not found
07-13 09:45:33.793  2091  2106 W ActivityManager: Unable to start service Intent { act=com.iflytek.vocmd.START pkg=com.android.smart.terminal.voice (has extras) } U=0: not found
07-13 09:45:38.007  2091  2367 W ActivityManager: Unable to start service Intent { act=com.iflytek.vocmd.START pkg=com.android.smart.terminal.voice (has extras) } U=0: not found
07-13 09:45:42.189  1851  2056 E storaged: getDiskStats failed with result NOT_SUPPORTED and size 0
07-13 09:45:42.247  2091  2106 W ActivityManager: Unable to start service Intent { act=com.iflytek.vocmd.START pkg=com.android.smart.terminal.voice (has extras) } U=0: not found
07-13 09:45:46.487  2091  2367 W ActivityManager: Unable to start service Intent { act=com.iflytek.vocmd.START pkg=com.android.smart.terminal.voice (has extras) } U=0: not found
07-13 09:45:50.711  2091  2367 W ActivityManager: Unable to start service Intent { act=com.iflytek.vocmd.START pkg=com.android.smart.terminal.voice (has extras) } U=0: not found
07-13 09:45:54.861  2091  6584 W ActivityManager: Unable to start service Intent { act=com.iflytek.vocmd.START pkg=com.android.smart.terminal.voice (has extras) } U=0: not found
07-13 09:45:57.672  2091  2106 D ConnectivityService: networkId null, isConnected true, isAvailable true
07-13 09:45:59.118  2091  2106 W ActivityManager: Unable to start service Intent { act=com.iflytek.vocmd.START pkg=com.android.smart.terminal.voice (has extras) } U=0: not found
07-13 09:46:03.348  2091  2367 W ActivityManager: Unable to start service Intent { act=com.iflytek.vocmd.START pkg=com.android.smart.terminal.voice (has extras) } U=0: not found
07-13 09:46:07.441  2091  2106 W ActivityManager: Unable to start service Intent { act=com.iflytek.vocmd.START pkg=com.android.smart.terminal.voice (has extras) } U=0: not found
07-13 09:46:11.602  2091  6584 W ActivityManager: Unable to start service Intent { act=com.iflytek.vocmd.START pkg=com.android.smart.terminal.voice (has extras) } U=0: not found
07-13 09:46:15.819  2091  6584 W ActivityManager: Unable to start service Intent { act=com.iflytek.vocmd.START pkg=com.android.smart.terminal.voice (has extras) } U=0: not found
07-13 09:46:20.056  2091  2367 W ActivityManager: Unable to start service Intent { act=com.iflytek.vocmd.START pkg=com.android.smart.terminal.voice (has extras) } U=0: not found
07-13 09:46:24.259  2091  2367 W ActivityManager: Unable to start service Intent { act=com.iflytek.vocmd.START pkg=com.android.smart.terminal.voice (has extras) } U=0: not found
07-13 09:46:28.503  2091  6584 W ActivityManager: Unable to start service Intent { act=com.iflytek.vocmd.START pkg=com.android.smart.terminal.voice (has extras) } U=0: not found
07-13 09:46:32.596  2091  2367 W ActivityManager: Unable to start service Intent { act=com.iflytek.vocmd.START pkg=com.android.smart.terminal.voice (has extras) } U=0: not found
07-13 09:46:36.810  2091  6584 W ActivityManager: Unable to start service Intent { act=com.iflytek.vocmd.START pkg=com.android.smart.terminal.voice (has extras) } U=0: not found
07-13 09:46:41.060  2091  6584 W ActivityManager: Unable to start service Intent { act=com.iflytek.vocmd.START pkg=com.android.smart.terminal.voice (has extras) } U=0: not found
07-13 09:46:42.190  1851  2056 E storaged: getDiskStats failed with result NOT_SUPPORTED and size 0
07-13 09:46:45.315  2091  2106 W ActivityManager: Unable to start service Intent { act=com.iflytek.vocmd.START pkg=com.android.smart.terminal.voice (has extras) } U=0: not found
07-13 09:46:49.540  2091  2106 W ActivityManager: Unable to start service Intent { act=com.iflytek.vocmd.START pkg=com.android.smart.terminal.voice (has extras) } U=0: not found
07-13 09:46:53.757  2091  6584 W ActivityManager: Unable to start service Intent { act=com.iflytek.vocmd.START pkg=com.android.smart.terminal.voice (has extras) } U=0: not found
07-13 09:46:54.469  2091  6584 D ConnectivityService: networkId null, isConnected true, isAvailable true
07-13 09:46:57.906  2091  2367 W ActivityManager: Unable to start service Intent { act=com.iflytek.vocmd.START pkg=com.android.smart.terminal.voice (has extras) } U=0: not found
07-13 09:46:59.012  2725  2725 W ContextImpl: Calling a method in the system process without a qualified user: android.app.ContextImpl.startService:1534 android.content.ContextWrapper.startService:664 com.huawei.stb.tm.ui.a.c.c:128 com.huawei.stb.tm.ui.service.RefreshService.a:24 com.huawei.stb.tm.a.a.b$a.b:142
07-13 09:46:59.021  2725  2725 W ContextImpl: Calling a method in the system process without a qualified user: android.app.ContextImpl.stopService:1546 android.content.ContextWrapper.stopService:674 com.huawei.stb.tm.ui.a.c.c:142 com.huawei.stb.tm.ui.service.RefreshService.a:24 com.huawei.stb.tm.a.a.b$a.b:142
07-13 09:46:59.038  2725  2725 W ContextImpl: Calling a method in the system process without a qualified user: android.app.ContextImpl.stopService:1546 android.content.ContextWrapper.stopService:674 com.huawei.stb.tm.ui.service.AuthService.k:14 com.huawei.stb.tm.ui.service.AuthService.onStartCommand:137 android.app.ActivityThread.handleServiceArgs:3671
07-13 09:47:02.138  2091  2936 W ActivityManager: Unable to start service Intent { act=com.iflytek.vocmd.START pkg=com.android.smart.terminal.voice (has extras) } U=0: not found
07-13 09:47:06.365  2091  2367 W ActivityManager: Unable to start service Intent { act=com.iflytek.vocmd.START pkg=com.android.smart.terminal.voice (has extras) } U=0: not found
07-13 09:47:10.622  2091  2367 W ActivityManager: Unable to start service Intent { act=com.iflytek.vocmd.START pkg=com.android.smart.terminal.voice (has extras) } U=0: not found
07-13 09:47:14.201  2091  2936 D ConnectivityService: networkId null, isConnected true, isAvailable true
07-13 09:47:14.790  2091  2936 W ActivityManager: Unable to start service Intent { act=com.iflytek.vocmd.START pkg=com.android.smart.terminal.voice (has extras) } U=0: not found
07-13 09:47:19.013  2091  2936 W ActivityManager: Unable to start service Intent { act=com.iflytek.vocmd.START pkg=com.android.smart.terminal.voice (has extras) } U=0: not found
07-13 09:47:23.246  2091  2367 W ActivityManager: Unable to start service Intent { act=com.iflytek.vocmd.START pkg=com.android.smart.terminal.voice (has extras) } U=0: not found
07-13 09:47:27.488  2091  2367 W ActivityManager: Unable to start service Intent { act=com.iflytek.vocmd.START pkg=com.android.smart.terminal.voice (has extras) } U=0: not found
07-13 09:47:29.273  2091  2367 D ConnectivityService: networkId null, isConnected true, isAvailable true
07-13 09:47:31.700  2091  2106 W ActivityManager: Unable to start service Intent { act=com.iflytek.vocmd.START pkg=com.android.smart.terminal.voice (has extras) } U=0: not found
07-13 09:47:35.845  2091  2106 I chatty  : uid=1000(system) Binder:2091_1 identical 1 line
07-13 09:47:40.088  2091  2106 W ActivityManager: Unable to start service Intent { act=com.iflytek.vocmd.START pkg=com.android.smart.terminal.voice (has extras) } U=0: not found
07-13 09:47:42.191  1851  2056 E storaged: getDiskStats failed with result NOT_SUPPORTED and size 0
07-13 09:47:44.264  2091  2936 W ActivityManager: Unable to start service Intent { act=com.iflytek.vocmd.START pkg=com.android.smart.terminal.voice (has extras) } U=0: not found
07-13 09:47:44.318  2091  2936 D ConnectivityService: networkId null, isConnected true, isAvailable true
07-13 09:47:48.458  2091  2936 W ActivityManager: Unable to start service Intent { act=com.iflytek.vocmd.START pkg=com.android.smart.terminal.voice (has extras) } U=0: not found
07-13 09:47:52.679  2091  2936 I chatty  : uid=1000(system) Binder:2091_9 identical 1 line
07-13 09:47:56.875  2091  2936 W ActivityManager: Unable to start service Intent { act=com.iflytek.vocmd.START pkg=com.android.smart.terminal.voice (has extras) } U=0: not found
07-13 09:47:59.365  2091  2936 D ConnectivityService: networkId null, isConnected true, isAvailable true
07-13 09:48:01.127  2091  2936 W ActivityManager: Unable to start service Intent { act=com.iflytek.vocmd.START pkg=com.android.smart.terminal.voice (has extras) } U=0: not found
07-13 09:48:05.369  2091  2367 W ActivityManager: Unable to start service Intent { act=com.iflytek.vocmd.START pkg=com.android.smart.terminal.voice (has extras) } U=0: not found
07-13 09:48:09.651  2091  2936 W ActivityManager: Unable to start service Intent { act=com.iflytek.vocmd.START pkg=com.android.smart.terminal.voice (has extras) } U=0: not found
07-13 09:48:13.823  2091  2106 W ActivityManager: Unable to start service Intent { act=com.iflytek.vocmd.START pkg=com.android.smart.terminal.voice (has extras) } U=0: not found
07-13 09:48:14.450  2091  2106 D ConnectivityService: networkId null, isConnected true, isAvailable true
07-13 09:48:18.013  2091  2106 W ActivityManager: Unable to start service Intent { act=com.iflytek.vocmd.START pkg=com.android.smart.terminal.voice (has extras) } U=0: not found
07-13 09:48:22.226  2091  2106 I chatty  : uid=1000(system) Binder:2091_1 identical 1 line
07-13 09:48:26.474  2091  2106 W ActivityManager: Unable to start service Intent { act=com.iflytek.vocmd.START pkg=com.android.smart.terminal.voice (has extras) } U=0: not found
07-13 09:48:29.503  2091  2106 D ConnectivityService: networkId null, isConnected true, isAvailable true
07-13 09:48:29.528  2725  2725 W ContextImpl: Calling a method in the system process without a qualified user: android.app.ContextImpl.sendBroadcast:1008 android.content.ContextWrapper.sendBroadcast:444 com.huawei.stb.tm.b.e.e.a:4 com.huawei.stb.tm.b.e.d.a:181 com.huawei.stb.tm.b.e.d.e:29
07-13 09:48:29.568  2897  4968 W ContextImpl: Calling a method in the system process without a qualified user: android.app.ContextImpl.sendBroadcast:1008 android.content.ContextWrapper.sendBroadcast:444 net.sunniwell.app.provider.AuthenticationProvider.update:2090 android.content.ContentProvider$Transport.update:359 android.content.ContentProviderNative.onTransact:211
07-13 09:48:30.672  2091  2367 W ActivityManager: Unable to start service Intent { act=com.iflytek.vocmd.START pkg=com.android.smart.terminal.voice (has extras) } U=0: not found
07-13 09:48:34.903  2091  2367 W ActivityManager: Unable to start service Intent { act=com.iflytek.vocmd.START pkg=com.android.smart.terminal.voice (has extras) } U=0: not found
07-13 09:48:39.144  2091  2936 W ActivityManager: Unable to start service Intent { act=com.iflytek.vocmd.START pkg=com.android.smart.terminal.voice (has extras) } U=0: not found
07-13 09:48:42.193  1851  2056 E storaged: getDiskStats failed with result NOT_SUPPORTED and size 0
07-13 09:48:43.377  2091  2367 W ActivityManager: Unable to start service Intent { act=com.iflytek.vocmd.START pkg=com.android.smart.terminal.voice (has extras) } U=0: not found
07-13 09:48:44.552  2091  2367 D ConnectivityService: networkId null, isConnected true, isAvailable true
07-13 09:48:44.571  2091  2367 D ConnectivityService: networkId null, isConnected true, isAvailable true
07-13 09:48:44.593  2725  2725 W ContextImpl: Calling a method in the system process without a qualified user: android.app.ContextImpl.sendBroadcast:1008 android.content.ContextWrapper.sendBroadcast:444 com.huawei.stb.tm.b.e.e.a:4 com.huawei.stb.tm.b.e.d.a:181 com.huawei.stb.tm.b.e.d.e:29
07-13 09:48:44.628  2897  2919 W ContextImpl: Calling a method in the system process without a qualified user: android.app.ContextImpl.sendBroadcast:1008 android.content.ContextWrapper.sendBroadcast:444 net.sunniwell.app.provider.AuthenticationProvider.update:2090 android.content.ContentProvider$Transport.update:359 android.content.ContentProviderNative.onTransact:211
07-13 09:48:47.526  2091  2936 W ActivityManager: Unable to start service Intent { act=com.iflytek.vocmd.START pkg=com.android.smart.terminal.voice (has extras) } U=0: not found
07-13 09:48:51.642  2091  2106 W ActivityManager: Unable to start service Intent { act=com.iflytek.vocmd.START pkg=com.android.smart.terminal.voice (has extras) } U=0: not found
07-13 09:48:55.884  2091  2936 W ActivityManager: Unable to start service Intent { act=com.iflytek.vocmd.START pkg=com.android.smart.terminal.voice (has extras) } U=0: not found
07-13 09:48:59.626  2091  2106 D ConnectivityService: networkId null, isConnected true, isAvailable true
07-13 09:48:59.647  2091  2106 D ConnectivityService: networkId null, isConnected true, isAvailable true
07-13 09:48:59.676  2725  2725 W ContextImpl: Calling a method in the system process without a qualified user: android.app.ContextImpl.sendBroadcast:1008 android.content.ContextWrapper.sendBroadcast:444 com.huawei.stb.tm.b.e.e.a:4 com.huawei.stb.tm.b.e.d.a:181 com.huawei.stb.tm.b.e.d.e:29
07-13 09:48:59.730  2897  4968 W ContextImpl: Calling a method in the system process without a qualified user: android.app.ContextImpl.sendBroadcast:1008 android.content.ContextWrapper.sendBroadcast:444 net.sunniwell.app.provider.AuthenticationProvider.update:2090 android.content.ContentProvider$Transport.update:359 android.content.ContentProviderNative.onTransact:211
07-13 09:48:59.979  2091  2106 W ActivityManager: Unable to start service Intent { act=com.iflytek.vocmd.START pkg=com.android.smart.terminal.voice (has extras) } U=0: not found
07-13 09:49:04.173  2091  2106 I chatty  : uid=1000(system) Binder:2091_1 identical 1 line
07-13 09:49:08.330  2091  2106 W ActivityManager: Unable to start service Intent { act=com.iflytek.vocmd.START pkg=com.android.smart.terminal.voice (has extras) } U=0: not found
07-13 09:49:12.530  2091  2936 W ActivityManager: Unable to start service Intent { act=com.iflytek.vocmd.START pkg=com.android.smart.terminal.voice (has extras) } U=0: not found
07-13 09:49:14.704  2091  2936 D ConnectivityService: networkId null, isConnected true, isAvailable true
07-13 09:49:14.722  2725  2725 W ContextImpl: Calling a method in the system process without a qualified user: android.app.ContextImpl.sendBroadcast:1008 android.content.ContextWrapper.sendBroadcast:444 com.huawei.stb.tm.b.e.e.a:4 com.huawei.stb.tm.b.e.d.a:181 com.huawei.stb.tm.b.e.d.e:29
07-13 09:49:14.759  2897  3273 W ContextImpl: Calling a method in the system process without a qualified user: android.app.ContextImpl.sendBroadcast:1008 android.content.ContextWrapper.sendBroadcast:444 net.sunniwell.app.provider.AuthenticationProvider.update:2090 android.content.ContentProvider$Transport.update:359 android.content.ContentProviderNative.onTransact:211
07-13 09:49:15.440  2725  2725 W ContextImpl: Calling a method in the system process without a qualified user: android.app.ContextImpl.startActivity:890 android.content.ContextWrapper.startActivity:379 com.huawei.stb.tm.ui.a.a$a.handleMessage:192 android.os.Handler.dispatchMessage:106 android.os.Looper.loop:193
07-13 09:49:15.441  2725  2725 W ContextImpl: Calling a method in the system process without a qualified user: android.app.ContextImpl.startActivity:902 android.app.ContextImpl.startActivity:891 android.content.ContextWrapper.startActivity:379 com.huawei.stb.tm.ui.a.a$a.handleMessage:192 android.os.Handler.dispatchMessage:106
07-13 09:49:15.443  2091  2936 I ActivityManager: START u0 {flg=0x10000000 cmp=com.huawei.stb.tm1/com.huawei.stb.tm.ui.activity.WarnningActivity} from uid 1000
07-13 09:49:15.490  2091  2936 D ActivityManager: startActivityLocked packageName : com.huawei.stb.tm1,classnamecom.huawei.stb.tm.ui.activity.WarnningActivity
07-13 09:49:15.560  2725  2725 W ContextImpl: Calling a method in the system process without a qualified user: android.app.ContextImpl.sendBroadcast:1008 android.content.ContextWrapper.sendBroadcast:444 com.huawei.stb.tm.ui.a.a$a.handleMessage:217 android.os.Handler.dispatchMessage:106 android.os.Looper.loop:193
07-13 09:49:15.570  2725  2725 W ContextImpl: Calling a method in the system process without a qualified user: android.app.ContextImpl.stopService:1546 android.content.ContextWrapper.stopService:674 com.huawei.stb.tm.ui.a.a$a.handleMessage:91 android.os.Handler.dispatchMessage:106 android.os.Looper.loop:193
07-13 09:49:15.667  2091  2936 D ConnectivityService: networkId null, isConnected true, isAvailable true
07-13 09:49:15.677  2091  2936 I chatty  : uid=1000(system) Binder:2091_9 identical 2 lines
07-13 09:49:15.687  2091  2936 D ConnectivityService: networkId null, isConnected true, isAvailable true
07-13 09:49:15.691  2091  2367 W ActivityManager: realStartActivityLocked  processName=com.huawei.stb.tm1 has been set ActivityRecord=ActivityRecord{4beb98c u0 com.huawei.stb.tm1/com.huawei.stb.tm.ui.activity.WarnningActivity t14}
07-13 09:49:15.786  2091  2367 D ConnectivityService: networkId null, isConnected true, isAvailable true
07-13 09:49:15.818  2091  2367 I chatty  : uid=1000(system) Binder:2091_4 identical 4 lines
07-13 09:49:15.846  2091  2367 D ConnectivityService: networkId null, isConnected true, isAvailable true
07-13 09:49:15.865  2725  2725 W ContextImpl: Calling a method in the system process without a qualified user: android.app.ContextImpl.sendBroadcast:1008 android.content.ContextWrapper.sendBroadcast:444 android.app.ActivityThread.sendActivityStateBroadcast:3808 android.app.ActivityThread.performResumeActivity:3793 android.app.ActivityThread.handleResumeActivity:3838
07-13 09:49:15.901  2091  2367 D ConnectivityService: networkId null, isConnected true, isAvailable true
07-13 09:49:16.689  2091  2106 W ActivityManager: Unable to start service Intent { act=com.iflytek.vocmd.START pkg=com.android.smart.terminal.voice (has extras) } U=0: not found
07-13 09:49:20.888  2091  2106 W ActivityManager: Unable to start service Intent { act=com.iflytek.vocmd.START pkg=com.android.smart.terminal.voice (has extras) } U=0: not found
07-13 09:49:21.378  2091  2367 W ActivityManager: Unable to start service Intent { act=com.iflytek.vocmd.START pkg=com.android.smart.terminal.voice (has extras) } U=0: not found
07-13 09:49:21.456  2091  2233 W ContextImpl: Calling a method in the system process without a qualified user: android.app.ContextImpl.startActivity:890 com.android.server.policy.PhoneWindowManager.interceptKeyBeforeDispatching:4278 com.android.server.wm.InputMonitor.interceptKeyBeforeDispatching:477 com.android.server.input.InputManagerService.interceptKeyBeforeDispatching:1854 <bottom of call stack>
07-13 09:49:21.456  2091  2233 W ContextImpl: Calling a method in the system process without a qualified user: android.app.ContextImpl.startActivity:902 android.app.ContextImpl.startActivity:891 com.android.server.policy.PhoneWindowManager.interceptKeyBeforeDispatching:4278 com.android.server.wm.InputMonitor.interceptKeyBeforeDispatching:477 com.android.server.input.InputManagerService.interceptKeyBeforeDispatching:1854
07-13 09:49:21.461  2091  2233 I ActivityManager: START u0 {act=android.intent.action.MAIN cat=[android.intent.category.LAUNCHER] flg=0x10000000 pkg=com.huawei.tvbox cmp=com.huawei.tvbox/com.fonsview.mangotv.MainActivity (has extras)} from uid 1000
07-13 09:49:21.468  2725  2725 W ContextImpl: Calling a method in the system process without a qualified user: android.app.ContextImpl.sendBroadcast:1008 android.content.ContextWrapper.sendBroadcast:444 android.app.ActivityThread.sendActivityStateBroadcast:3808 android.app.ActivityThread.performPauseActivityIfNeeded:4059 android.app.ActivityThread.performPauseActivity:4008
07-13 09:49:21.512  2091  2367 D ConnectivityService: networkId null, isConnected true, isAvailable true
07-13 09:49:21.552  2091  2367 W ActivityManager: Unable to start service Intent { act=com.iflytek.vocmd.START pkg=com.android.smart.terminal.voice (has extras) } U=0: not found
07-13 09:49:21.577  2091  2106 D ConnectivityService: networkId null, isConnected true, isAvailable true
07-13 09:49:21.581  2091  2367 D ConnectivityService: networkId null, isConnected true, isAvailable true
07-13 09:49:21.581  2091  2936 D AppOps  : checkOperation =:28,uid==:10006pkg==:com.huawei.tvbox
07-13 09:49:21.670  2091  2106 D ConnectivityService: networkId null, isConnected true, isAvailable true
07-13 09:49:21.997  2091  2367 D ConnectivityService: networkId null, isConnected true, isAvailable true
07-13 09:49:21.998  2091  2106 D ConnectivityService: networkId null, isConnected true, isAvailable true
07-13 09:49:22.018  2091  2367 D ConnectivityService: networkId null, isConnected true, isAvailable true
07-13 09:49:23.186  2091  2367 I chatty  : uid=1000(system) Binder:2091_4 identical 13 lines
07-13 09:49:23.232  2091  2367 D ConnectivityService: networkId null, isConnected true, isAvailable true
07-13 09:49:23.364  2091  2367 W ActivityManager: Unable to start service Intent { act=com.iflytek.vocmd.START pkg=com.android.smart.terminal.voice (has extras) } U=0: not found
07-13 09:49:23.504  2091  2936 D ConnectivityService: networkId null, isConnected true, isAvailable true
07-13 09:49:23.507  2091  2367 W ActivityManager: Unable to start service Intent { act=com.iflytek.vocmd.START pkg=com.android.smart.terminal.voice (has extras) } U=0: not found
07-13 09:49:23.697  2091  2367 D ConnectivityService: networkId null, isConnected true, isAvailable true
07-13 09:49:23.710  2091  2367 I chatty  : uid=1000(system) Binder:2091_4 identical 1 line
07-13 09:49:23.746  2091  2367 D ConnectivityService: networkId null, isConnected true, isAvailable true
07-13 09:49:23.750  2091  2936 D AppOps  : checkOperation =:28,uid==:10006pkg==:com.huawei.tvbox
07-13 09:49:23.751  2091  2367 D ConnectivityService: networkId null, isConnected true, isAvailable true
07-13 09:49:24.140  2091  2367 I chatty  : uid=1000(system) Binder:2091_4 identical 2 lines
07-13 09:49:24.713  2091  2367 D ConnectivityService: networkId null, isConnected true, isAvailable true
07-13 09:49:24.991  2091  2367 W ActivityManager: Unable to start service Intent { act=com.iflytek.vocmd.START pkg=com.android.smart.terminal.voice (has extras) } U=0: not found
07-13 09:49:29.088  2091  2936 W ActivityManager: Unable to start service Intent { act=com.iflytek.vocmd.START pkg=com.android.smart.terminal.voice (has extras) } U=0: not found
07-13 09:49:33.244  2091  2367 W ActivityManager: Unable to start service Intent { act=com.iflytek.vocmd.START pkg=com.android.smart.terminal.voice (has extras) } U=0: not found
07-13 09:49:37.408  2091  2367 W ActivityManager: Unable to start service Intent { act=com.iflytek.vocmd.START pkg=com.android.smart.terminal.voice (has extras) } U=0: not found
07-13 09:49:41.647  2091  2106 W ActivityManager: Unable to start service Intent { act=com.iflytek.vocmd.START pkg=com.android.smart.terminal.voice (has extras) } U=0: not found
07-13 09:49:42.194  1851  2056 E storaged: getDiskStats failed with result NOT_SUPPORTED and size 0
07-13 09:49:45.830  2091  2106 W ActivityManager: Unable to start service Intent { act=com.iflytek.vocmd.START pkg=com.android.smart.terminal.voice (has extras) } U=0: not found
07-13 09:49:50.049  2091  2106 I chatty  : uid=1000(system) Binder:2091_1 identical 1 line
07-13 09:49:54.259  2091  2106 W ActivityManager: Unable to start service Intent { act=com.iflytek.vocmd.START pkg=com.android.smart.terminal.voice (has extras) } U=0: not found
07-13 09:49:58.511  2091  2367 W ActivityManager: Unable to start service Intent { act=com.iflytek.vocmd.START pkg=com.android.smart.terminal.voice (has extras) } U=0: not found
07-13 09:50:02.760  2091  2367 I chatty  : uid=1000(system) Binder:2091_4 identical 1 line
07-13 09:50:07.014  2091  2367 W ActivityManager: Unable to start service Intent { act=com.iflytek.vocmd.START pkg=com.android.smart.terminal.voice (has extras) } U=0: not found
07-13 09:50:11.246  2091  2106 W ActivityManager: Unable to start service Intent { act=com.iflytek.vocmd.START pkg=com.android.smart.terminal.voice (has extras) } U=0: not found
07-13 09:50:19.609  2091  2106 I chatty  : uid=1000(system) Binder:2091_1 identical 2 lines
07-13 09:50:23.855  2091  2106 W ActivityManager: Unable to start service Intent { act=com.iflytek.vocmd.START pkg=com.android.smart.terminal.voice (has extras) } U=0: not found
07-13 09:50:24.391  2091  2106 D ConnectivityService: networkId null, isConnected true, isAvailable true
07-13 09:50:24.497  2091  2106 I chatty  : uid=1000(system) Binder:2091_1 identical 8 lines
07-13 09:50:24.559  2091  2106 D ConnectivityService: networkId null, isConnected true, isAvailable true
07-13 09:50:28.021  2091  2367 W ActivityManager: Unable to start service Intent { act=com.iflytek.vocmd.START pkg=com.android.smart.terminal.voice (has extras) } U=0: not found
07-13 09:50:32.241  2091  2367 W ActivityManager: Unable to start service Intent { act=com.iflytek.vocmd.START pkg=com.android.smart.terminal.voice (has extras) } U=0: not found
07-13 09:50:36.455  2091  2106 W ActivityManager: Unable to start service Intent { act=com.iflytek.vocmd.START pkg=com.android.smart.terminal.voice (has extras) } U=0: not found
07-13 09:50:38.483  2091  2106 D ConnectivityService: networkId null, isConnected true, isAvailable true
07-13 09:50:38.673  2091  2106 I chatty  : uid=1000(system) Binder:2091_1 identical 8 lines
07-13 09:50:38.768  2091  2106 D ConnectivityService: networkId null, isConnected true, isAvailable true
07-13 09:50:40.605  2091  2106 W ActivityManager: Unable to start service Intent { act=com.iflytek.vocmd.START pkg=com.android.smart.terminal.voice (has extras) } U=0: not found
07-13 09:50:42.195  1851  2056 E storaged: getDiskStats failed with result NOT_SUPPORTED and size 0
07-13 09:50:42.664  2091  2136 I UsageStatsService: User[0] Flushing usage stats to disk
07-13 09:50:44.694  2091  2367 W ActivityManager: Unable to start service Intent { act=com.iflytek.vocmd.START pkg=com.android.smart.terminal.voice (has extras) } U=0: not found
07-13 09:50:48.927  2091  2936 W ActivityManager: Unable to start service Intent { act=com.iflytek.vocmd.START pkg=com.android.smart.terminal.voice (has extras) } U=0: not found
07-13 09:50:53.020  2091  2936 I chatty  : uid=1000(system) Binder:2091_9 identical 1 line
07-13 09:50:57.174  2091  2936 W ActivityManager: Unable to start service Intent { act=com.iflytek.vocmd.START pkg=com.android.smart.terminal.voice (has extras) } U=0: not found
07-13 09:50:57.673  2091  2936 D ConnectivityService: networkId null, isConnected true, isAvailable true
07-13 09:51:01.430  2091  2367 W ActivityManager: Unable to start service Intent { act=com.iflytek.vocmd.START pkg=com.android.smart.terminal.voice (has extras) } U=0: not found
07-13 09:51:05.639  2091  2367 W ActivityManager: Unable to start service Intent { act=com.iflytek.vocmd.START pkg=com.android.smart.terminal.voice (has extras) } U=0: not found
07-13 09:51:09.790  2091  2106 W ActivityManager: Unable to start service Intent { act=com.iflytek.vocmd.START pkg=com.android.smart.terminal.voice (has extras) } U=0: not found
07-13 09:51:13.946  2091  2936 W ActivityManager: Unable to start service Intent { act=com.iflytek.vocmd.START pkg=com.android.smart.terminal.voice (has extras) } U=0: not found
07-13 09:51:18.108  2091  2367 W ActivityManager: Unable to start service Intent { act=com.iflytek.vocmd.START pkg=com.android.smart.terminal.voice (has extras) } U=0: not found
07-13 09:51:22.335  2091  2367 W ActivityManager: Unable to start service Intent { act=com.iflytek.vocmd.START pkg=com.android.smart.terminal.voice (has extras) } U=0: not found
07-13 09:51:26.558  2091  2936 W ActivityManager: Unable to start service Intent { act=com.iflytek.vocmd.START pkg=com.android.smart.terminal.voice (has extras) } U=0: not found
07-13 09:51:30.728  2091  2936 W ActivityManager: Unable to start service Intent { act=com.iflytek.vocmd.START pkg=com.android.smart.terminal.voice (has extras) } U=0: not found
07-13 09:51:34.976  2091  2367 W ActivityManager: Unable to start service Intent { act=com.iflytek.vocmd.START pkg=com.android.smart.terminal.voice (has extras) } U=0: not found
07-13 09:51:39.140  2091  2106 W ActivityManager: Unable to start service Intent { act=com.iflytek.vocmd.START pkg=com.android.smart.terminal.voice (has extras) } U=0: not found
07-13 09:51:42.196  1851  2056 E storaged: getDiskStats failed with result NOT_SUPPORTED and size 0
