07-13 10:10:50.728  2091  3704 W ActivityManager: Unable to start service Intent { act=com.iflytek.vocmd.START pkg=com.android.smart.terminal.voice (has extras) } U=0: not found
07-13 10:10:52.837  2091  3704 D ConnectivityService: networkId null, isConnected true, isAvailable true
07-13 10:10:52.962  2091  3704 I chatty  : uid=1000(system) Binder:2091_C identical 7 lines
07-13 10:10:52.988  2091  3704 D ConnectivityService: networkId null, isConnected true, isAvailable true
07-13 10:10:53.029  2091  2367 D ConnectivityService: networkId null, isConnected true, isAvailable true
07-13 10:10:54.951  2091  2367 W ActivityManager: Unable to start service Intent { act=com.iflytek.vocmd.START pkg=com.android.smart.terminal.voice (has extras) } U=0: not found
07-13 10:10:57.676  2091  2367 D ConnectivityService: networkId null, isConnected true, isAvailable true
07-13 10:10:59.195  2091  3704 W ActivityManager: Unable to start service Intent { act=com.iflytek.vocmd.START pkg=com.android.smart.terminal.voice (has extras) } U=0: not found
07-13 10:11:03.420  2091  2367 W ActivityManager: Unable to start service Intent { act=com.iflytek.vocmd.START pkg=com.android.smart.terminal.voice (has extras) } U=0: not found
07-13 10:11:07.667  2091  2367 W ActivityManager: Unable to start service Intent { act=com.iflytek.vocmd.START pkg=com.android.smart.terminal.voice (has extras) } U=0: not found
07-13 10:11:11.766  2091  2936 W ActivityManager: Unable to start service Intent { act=com.iflytek.vocmd.START pkg=com.android.smart.terminal.voice (has extras) } U=0: not found
07-13 10:11:15.992  2091  3704 W ActivityManager: Unable to start service Intent { act=com.iflytek.vocmd.START pkg=com.android.smart.terminal.voice (has extras) } U=0: not found
07-13 10:11:20.239  2091  3704 W ActivityManager: Unable to start service Intent { act=com.iflytek.vocmd.START pkg=com.android.smart.terminal.voice (has extras) } U=0: not found
07-13 10:11:24.480  2091  2936 W ActivityManager: Unable to start service Intent { act=com.iflytek.vocmd.START pkg=com.android.smart.terminal.voice (has extras) } U=0: not found
07-13 10:11:28.720  2091  3704 W ActivityManager: Unable to start service Intent { act=com.iflytek.vocmd.START pkg=com.android.smart.terminal.voice (has extras) } U=0: not found
07-13 10:11:37.143  2091  3704 I chatty  : uid=1000(system) Binder:2091_C identical 2 lines
07-13 10:11:41.309  2091  3704 W ActivityManager: Unable to start service Intent { act=com.iflytek.vocmd.START pkg=com.android.smart.terminal.voice (has extras) } U=0: not found
07-13 10:11:42.224  1851  2056 E storaged: getDiskStats failed with result NOT_SUPPORTED and size 0
07-13 10:11:45.504  2091  2936 W ActivityManager: Unable to start service Intent { act=com.iflytek.vocmd.START pkg=com.android.smart.terminal.voice (has extras) } U=0: not found
07-13 10:11:49.747  2091  2936 I chatty  : uid=1000(system) Binder:2091_9 identical 1 line
07-13 10:11:53.999  2091  2936 W ActivityManager: Unable to start service Intent { act=com.iflytek.vocmd.START pkg=com.android.smart.terminal.voice (has extras) } U=0: not found
07-13 10:11:54.474  2091  2936 D ConnectivityService: networkId null, isConnected true, isAvailable true
07-13 10:11:58.179  2091  2936 W ActivityManager: Unable to start service Intent { act=com.iflytek.vocmd.START pkg=com.android.smart.terminal.voice (has extras) } U=0: not found
07-13 10:12:02.422  2091  3704 W ActivityManager: Unable to start service Intent { act=com.iflytek.vocmd.START pkg=com.android.smart.terminal.voice (has extras) } U=0: not found
07-13 10:12:06.649  2091  3704 I chatty  : uid=1000(system) Binder:2091_C identical 1 line
07-13 10:12:10.896  2091  3704 W ActivityManager: Unable to start service Intent { act=com.iflytek.vocmd.START pkg=com.android.smart.terminal.voice (has extras) } U=0: not found
07-13 10:12:15.132  2091  2367 W ActivityManager: Unable to start service Intent { act=com.iflytek.vocmd.START pkg=com.android.smart.terminal.voice (has extras) } U=0: not found
07-13 10:12:19.367  2091  2367 W ActivityManager: Unable to start service Intent { act=com.iflytek.vocmd.START pkg=com.android.smart.terminal.voice (has extras) } U=0: not found
07-13 10:12:23.568  2091  3704 W ActivityManager: Unable to start service Intent { act=com.iflytek.vocmd.START pkg=com.android.smart.terminal.voice (has extras) } U=0: not found
07-13 10:12:27.732  2091  3704 W ActivityManager: Unable to start service Intent { act=com.iflytek.vocmd.START pkg=com.android.smart.terminal.voice (has extras) } U=0: not found
07-13 10:12:31.986  2091  2367 W ActivityManager: Unable to start service Intent { act=com.iflytek.vocmd.START pkg=com.android.smart.terminal.voice (has extras) } U=0: not found
07-13 10:12:36.226  2091  3704 W ActivityManager: Unable to start service Intent { act=com.iflytek.vocmd.START pkg=com.android.smart.terminal.voice (has extras) } U=0: not found
07-13 10:12:40.471  2091  2367 W ActivityManager: Unable to start service Intent { act=com.iflytek.vocmd.START pkg=com.android.smart.terminal.voice (has extras) } U=0: not found
07-13 10:12:42.225  1851  2056 E storaged: getDiskStats failed with result NOT_SUPPORTED and size 0
07-13 10:12:44.652  2091  3704 W ActivityManager: Unable to start service Intent { act=com.iflytek.vocmd.START pkg=com.android.smart.terminal.voice (has extras) } U=0: not found
07-13 10:12:48.887  2091  2936 W ActivityManager: Unable to start service Intent { act=com.iflytek.vocmd.START pkg=com.android.smart.terminal.voice (has extras) } U=0: not found
07-13 10:12:52.970  2091  2936 I chatty  : uid=1000(system) Binder:2091_9 identical 1 line
07-13 10:12:57.174  2091  2936 W ActivityManager: Unable to start service Intent { act=com.iflytek.vocmd.START pkg=com.android.smart.terminal.voice (has extras) } U=0: not found
07-13 10:13:01.416  2091  3704 W ActivityManager: Unable to start service Intent { act=com.iflytek.vocmd.START pkg=com.android.smart.terminal.voice (has extras) } U=0: not found
07-13 10:13:05.671  2091  2936 W ActivityManager: Unable to start service Intent { act=com.iflytek.vocmd.START pkg=com.android.smart.terminal.voice (has extras) } U=0: not found
07-13 10:13:09.948  2091  2936 I chatty  : uid=1000(system) Binder:2091_9 identical 1 line
07-13 10:13:14.131  2091  2936 W ActivityManager: Unable to start service Intent { act=com.iflytek.vocmd.START pkg=com.android.smart.terminal.voice (has extras) } U=0: not found
07-13 10:13:18.376  2091  3704 W ActivityManager: Unable to start service Intent { act=com.iflytek.vocmd.START pkg=com.android.smart.terminal.voice (has extras) } U=0: not found
07-13 10:13:22.619  2091  3704 W ActivityManager: Unable to start service Intent { act=com.iflytek.vocmd.START pkg=com.android.smart.terminal.voice (has extras) } U=0: not found
07-13 10:13:26.775  2091  2936 W ActivityManager: Unable to start service Intent { act=com.iflytek.vocmd.START pkg=com.android.smart.terminal.voice (has extras) } U=0: not found
07-13 10:13:31.011  2091  2367 W ActivityManager: Unable to start service Intent { act=com.iflytek.vocmd.START pkg=com.android.smart.terminal.voice (has extras) } U=0: not found
07-13 10:13:35.248  2091  2936 W ActivityManager: Unable to start service Intent { act=com.iflytek.vocmd.START pkg=com.android.smart.terminal.voice (has extras) } U=0: not found
07-13 10:13:39.469  2091  2936 W ActivityManager: Unable to start service Intent { act=com.iflytek.vocmd.START pkg=com.android.smart.terminal.voice (has extras) } U=0: not found
07-13 10:13:42.226  1851  2056 E storaged: getDiskStats failed with result NOT_SUPPORTED and size 0
07-13 10:13:43.714  2091  2367 W ActivityManager: Unable to start service Intent { act=com.iflytek.vocmd.START pkg=com.android.smart.terminal.voice (has extras) } U=0: not found
07-13 10:13:47.962  2091  2367 W ActivityManager: Unable to start service Intent { act=com.iflytek.vocmd.START pkg=com.android.smart.terminal.voice (has extras) } U=0: not found
07-13 10:13:52.111  2091  2936 W ActivityManager: Unable to start service Intent { act=com.iflytek.vocmd.START pkg=com.android.smart.terminal.voice (has extras) } U=0: not found
07-13 10:13:56.253  2091  2367 W ActivityManager: Unable to start service Intent { act=com.iflytek.vocmd.START pkg=com.android.smart.terminal.voice (has extras) } U=0: not found
07-13 10:14:04.738  2091  2367 I chatty  : uid=1000(system) Binder:2091_4 identical 2 lines
07-13 10:14:08.977  2091  2367 W ActivityManager: Unable to start service Intent { act=com.iflytek.vocmd.START pkg=com.android.smart.terminal.voice (has extras) } U=0: not found
07-13 10:14:13.202  2091  2936 W ActivityManager: Unable to start service Intent { act=com.iflytek.vocmd.START pkg=com.android.smart.terminal.voice (has extras) } U=0: not found
07-13 10:14:17.291  2091  3704 W ActivityManager: Unable to start service Intent { act=com.iflytek.vocmd.START pkg=com.android.smart.terminal.voice (has extras) } U=0: not found
07-13 10:14:21.529  2091  2936 W ActivityManager: Unable to start service Intent { act=com.iflytek.vocmd.START pkg=com.android.smart.terminal.voice (has extras) } U=0: not found
07-13 10:14:25.789  2091  3704 W ActivityManager: Unable to start service Intent { act=com.iflytek.vocmd.START pkg=com.android.smart.terminal.voice (has extras) } U=0: not found
07-13 10:14:30.027  2091  2936 W ActivityManager: Unable to start service Intent { act=com.iflytek.vocmd.START pkg=com.android.smart.terminal.voice (has extras) } U=0: not found
07-13 10:14:34.268  2091  2936 W ActivityManager: Unable to start service Intent { act=com.iflytek.vocmd.START pkg=com.android.smart.terminal.voice (has extras) } U=0: not found
07-13 10:14:38.472  2091  3704 W ActivityManager: Unable to start service Intent { act=com.iflytek.vocmd.START pkg=com.android.smart.terminal.voice (has extras) } U=0: not found
07-13 10:14:42.227  1851  2056 E storaged: getDiskStats failed with result NOT_SUPPORTED and size 0
07-13 10:14:42.657  2091  3704 W ActivityManager: Unable to start service Intent { act=com.iflytek.vocmd.START pkg=com.android.smart.terminal.voice (has extras) } U=0: not found
07-13 10:14:46.907  2091  2367 W ActivityManager: Unable to start service Intent { act=com.iflytek.vocmd.START pkg=com.android.smart.terminal.voice (has extras) } U=0: not found
07-13 10:14:51.128  2091  2367 W ActivityManager: Unable to start service Intent { act=com.iflytek.vocmd.START pkg=com.android.smart.terminal.voice (has extras) } U=0: not found
07-13 10:14:55.290  2091  3704 W ActivityManager: Unable to start service Intent { act=com.iflytek.vocmd.START pkg=com.android.smart.terminal.voice (has extras) } U=0: not found
07-13 10:14:59.517  2091  2936 W ActivityManager: Unable to start service Intent { act=com.iflytek.vocmd.START pkg=com.android.smart.terminal.voice (has extras) } U=0: not found
07-13 10:15:03.691  2091  3704 W ActivityManager: Unable to start service Intent { act=com.iflytek.vocmd.START pkg=com.android.smart.terminal.voice (has extras) } U=0: not found
07-13 10:15:07.940  2091  3704 W ActivityManager: Unable to start service Intent { act=com.iflytek.vocmd.START pkg=com.android.smart.terminal.voice (has extras) } U=0: not found
07-13 10:15:12.184  2091  6584 W ActivityManager: Unable to start service Intent { act=com.iflytek.vocmd.START pkg=com.android.smart.terminal.voice (has extras) } U=0: not found
07-13 10:15:16.395  2091  2367 W ActivityManager: Unable to start service Intent { act=com.iflytek.vocmd.START pkg=com.android.smart.terminal.voice (has extras) } U=0: not found
07-13 10:15:20.610  2091  6584 W ActivityManager: Unable to start service Intent { act=com.iflytek.vocmd.START pkg=com.android.smart.terminal.voice (has extras) } U=0: not found
07-13 10:15:24.813  2091  2367 W ActivityManager: Unable to start service Intent { act=com.iflytek.vocmd.START pkg=com.android.smart.terminal.voice (has extras) } U=0: not found
07-13 10:15:29.109  2091  6584 W ActivityManager: Unable to start service Intent { act=com.iflytek.vocmd.START pkg=com.android.smart.terminal.voice (has extras) } U=0: not found
07-13 10:15:33.253  2091  6584 W ActivityManager: Unable to start service Intent { act=com.iflytek.vocmd.START pkg=com.android.smart.terminal.voice (has extras) } U=0: not found
07-13 10:15:37.490  2091  2367 W ActivityManager: Unable to start service Intent { act=com.iflytek.vocmd.START pkg=com.android.smart.terminal.voice (has extras) } U=0: not found
07-13 10:15:41.695  2091  2367 W ActivityManager: Unable to start service Intent { act=com.iflytek.vocmd.START pkg=com.android.smart.terminal.voice (has extras) } U=0: not found
07-13 10:15:42.229  1851  2056 E storaged: getDiskStats failed with result NOT_SUPPORTED and size 0
07-13 10:15:45.857  2091  2367 W ActivityManager: Unable to start service Intent { act=com.iflytek.vocmd.START pkg=com.android.smart.terminal.voice (has extras) } U=0: not found
07-13 10:15:50.101  2091  6584 W ActivityManager: Unable to start service Intent { act=com.iflytek.vocmd.START pkg=com.android.smart.terminal.voice (has extras) } U=0: not found
07-13 10:15:54.347  2091  2367 W ActivityManager: Unable to start service Intent { act=com.iflytek.vocmd.START pkg=com.android.smart.terminal.voice (has extras) } U=0: not found
07-13 10:15:55.162  2091  2091 V SettingsProvider: Notifying for 0: content://settings/global/hidden_api_policy_pre_p_apps
07-13 10:15:55.239  2091  2091 V SettingsProvider: Notifying for 0: content://settings/global/hidden_api_policy_p_apps
07-13 10:15:55.315  2091  2091 V SettingsProvider: Notifying for 0: content://settings/global/hidden_api_policy
07-13 10:15:56.144  2091  2212 D PackageManager: apkControlMode = noneapkPath = /data/app/vmdl1920732675.tmp
07-13 10:15:56.220  2091  2182 D PackageManager: apkControlMode = none
07-13 10:15:56.226  2091  2182 W PackageManager: No IntentFilter verification will not be done as there is no IntentFilterVerifier available!
07-13 10:15:56.227  2091  2138 I ActivityManager: Force stopping io.appium.settings appid=10022 user=-1: installPackageLI
07-13 10:15:56.227  2091  2138 I ActivityManager: Killing 5810:io.appium.settings/u0a22 (adj 200): stop io.appium.settings
07-13 10:15:56.229  2091  2138 W ActivityManager: Scheduling restart of crashed service io.appium.settings/.ForegroundService in 1000ms
07-13 10:15:56.240  2091  2138 I ActivityManager:   Force stopping service ServiceRecord{57f981a u0 io.appium.settings/.ForegroundService}
07-13 10:15:56.271  2091  2165 W ActivityManager: setHasOverlayUi called on unknown pid: 5810
07-13 10:15:56.342  2091  2182 I PackageManager: Update package io.appium.settings code path from /data/app/io.appium.settings-i9eR_KUodjaYzWuhKCgssg== to /data/app/io.appium.settings-jFvSMUfy4eHOL9dc38vx7A==; Retain data and using new
07-13 10:15:56.342  2091  2182 I PackageManager: Update package io.appium.settings resource path from /data/app/io.appium.settings-i9eR_KUodjaYzWuhKCgssg== to /data/app/io.appium.settings-jFvSMUfy4eHOL9dc38vx7A==; Retain data and using new
07-13 10:15:56.450  2091  2182 D PackageManager: Instant App installer not found with android.intent.action.INSTALL_INSTANT_APP_PACKAGE_TEST
07-13 10:15:56.451  2091  2182 D PackageManager: Instant App installer not found with android.intent.action.INSTALL_INSTANT_APP_PACKAGE
07-13 10:15:56.451  2091  2182 D PackageManager: Clear ephemeral installer activity
07-13 10:15:56.633  2091  2182 I ActivityManager: Force stopping io.appium.settings appid=10022 user=0: pkg removed
07-13 10:15:56.806  2091  2580 D ActivityManager: com.yd.appstore.ott return ActivityManager.APP_START_MODE_NORMAL
07-13 10:15:56.922  2091  2136 W TextServicesManagerService: no available spell checker services found
07-13 10:15:56.955  2091  2136 W VoiceInteractionManagerService: no available voice recognition services found for user 0
07-13 10:15:57.141  2091  2580 I ActivityManager: START u0 {act=android.intent.action.MAIN cat=[android.intent.category.LAUNCHER] flg=0x10000000 cmp=io.appium.settings/.Settings} from uid 0
07-13 10:15:57.162  2091  2580 D ActivityManager: startActivityLocked packageName : io.appium.settings,classnameio.appium.settings.Settings
07-13 10:15:57.274  2091  2367 D ConnectivityService: networkId null, isConnected true, isAvailable true
07-13 10:15:57.278  2091  2936 W ActivityManager: startProcessLocked processName:io.appium.settings with  pid:0
07-13 10:15:57.366  2091  2144 W ActivityManager: Slow operation: 89ms so far, now at startProcess: returned from zygote!
07-13 10:15:57.366  2091  2144 W ActivityManager: Slow operation: 89ms so far, now at startProcess: done updating battery stats
07-13 10:15:57.367  2091  2144 W ActivityManager: Slow operation: 89ms so far, now at startProcess: building log message
07-13 10:15:57.367  2091  2144 I ActivityManager: Start proc 14634:io.appium.settings/u0a22 for activity io.appium.settings/.Settings
07-13 10:15:57.367  2091  2144 W ActivityManager: Slow operation: 89ms so far, now at startProcess: starting to update pids map
07-13 10:15:57.367  2091  2144 W ActivityManager: Slow operation: 89ms so far, now at startProcess: done updating pids map
07-13 10:15:57.457  2091  2936 W ActivityManager: realStartActivityLocked  processName=io.appium.settings has been set ActivityRecord=ActivityRecord{faf92fe u0 io.appium.settings/.Settings t15}
07-13 10:15:57.557 14634 14634 E ActivityThread: --> reReadBuildProperty, currentPackageName:io.appium.settings values:[PRODUCTIONDATE, BluetoothVersion, BluetoothProductClass, BluetoothManufacturer, WiFiVersion, WiFiProductClass, WiFiManufacturer]
07-13 10:15:57.557 14634 14634 E ActivityThread: --> reReadBuildProperty, android.os.Build.PRODUCTIONDATE=2023-12 ,old value:unknown
07-13 10:15:57.557 14634 14634 E ActivityThread: --> reReadBuildProperty, android.os.Build.BluetoothVersion=BT5.1 ,old value:unknown
07-13 10:15:57.558 14634 14634 E ActivityThread: --> reReadBuildProperty, android.os.Build.BluetoothProductClass=rtl8761bt ,old value:unknown
07-13 10:15:57.558 14634 14634 E ActivityThread: --> reReadBuildProperty, android.os.Build.BluetoothManufacturer=Realtek ,old value:unknown
07-13 10:15:57.558 14634 14634 E ActivityThread: --> reReadBuildProperty, android.os.Build.WiFiVersion=unknown ,old value:unknown
07-13 10:15:57.559 14634 14634 E ActivityThread: --> reReadBuildProperty, android.os.Build.WiFiProductClass=unknown ,old value:unknown
07-13 10:15:57.559 14634 14634 E ActivityThread: --> reReadBuildProperty, android.os.Build.WiFiManufacturer=unknown ,old value:unknown
07-13 10:15:57.685  2091  2367 D ConnectivityService: networkId null, isConnected true, isAvailable true
07-13 10:15:57.859  2091  2367 D ActivityManager: com.yd.appstore.ott return ActivityManager.APP_START_MODE_NORMAL
07-13 10:15:58.342  2091  2936 D ConnectivityService: networkId null, isConnected true, isAvailable true
07-13 10:15:58.399  2091  2936 I chatty  : uid=1000(system) Binder:2091_9 identical 7 lines
07-13 10:15:58.440  2091  2936 D ConnectivityService: networkId null, isConnected true, isAvailable true
07-13 10:15:58.454  2091  2936 W ActivityManager: Unable to start service Intent { act=com.iflytek.vocmd.START pkg=com.android.smart.terminal.voice (has extras) } U=0: not found
07-13 10:15:58.486  2091  2936 D ConnectivityService: networkId null, isConnected true, isAvailable true
07-13 10:15:58.613  2091  2936 D AppOps  : checkOperation =:76,uid==:10022pkg==:io.appium.settings
07-13 10:15:58.685  2091  2580 E WindowManager: App trying to use insecure INPUT_FEATURE_NO_INPUT_CHANNEL flag. Ignoring
07-13 10:15:58.777  2091  2580 D AppOps  : checkOperation =:76,uid==:10022pkg==:io.appium.settings
07-13 10:15:58.778  2091  2580 D AppOps  : checkOperation =:70,uid==:10022pkg==:io.appium.settings
07-13 10:15:59.046  2091  2936 W ActivityManager: Receiver with filter android.content.IntentFilter@120e65d already registered for pid 3313, callerPackage is com.huawei.tvbox
07-13 10:15:59.053  2091  2936 D ConnectivityService: networkId null, isConnected true, isAvailable true
07-13 10:15:59.095  2091  2936 D ConnectivityService: networkId null, isConnected true, isAvailable true
07-13 10:15:59.101  2091  2936 D AppOps  : checkOperation =:28,uid==:10006pkg==:com.huawei.tvbox
07-13 10:15:59.103  2091  2580 D ConnectivityService: networkId null, isConnected true, isAvailable true
07-13 10:15:59.541  2091  3704 D ConnectivityService: networkId null, isConnected true, isAvailable true
07-13 10:16:00.054  2091  2936 D ConnectivityService: networkId null, isConnected true, isAvailable true
07-13 10:16:00.860  2091  2936 I ActivityManager: Force stopping io.appium.uiautomator2.server appid=10027 user=0: from pid 14754
07-13 10:16:01.009  2091  2936 I ActivityManager: Force stopping io.appium.uiautomator2.server.test appid=10023 user=0: from pid 14763
07-13 10:16:02.470  2091  2936 I ActivityManager: Force stopping io.appium.uiautomator2.server appid=10027 user=0: start instr
07-13 10:16:02.477  2091  2936 W ActivityManager: startProcessLocked processName:io.appium.uiautomator2.server with  pid:0
07-13 10:16:02.503  2091  2144 I ActivityManager: Start proc 14782:io.appium.uiautomator2.server/u0a27 for added application io.appium.uiautomator2.server
07-13 10:16:02.591  2091  2936 W ActivityManager: Unable to start service Intent { act=com.iflytek.vocmd.START pkg=com.android.smart.terminal.voice (has extras) } U=0: not found
07-13 10:16:02.757 14782 14782 E ActivityThread: --> reReadBuildProperty, currentPackageName:io.appium.uiautomator2.server values:[PRODUCTIONDATE, BluetoothVersion, BluetoothProductClass, BluetoothManufacturer, WiFiVersion, WiFiProductClass, WiFiManufacturer]
07-13 10:16:02.757 14782 14782 E ActivityThread: --> reReadBuildProperty, android.os.Build.PRODUCTIONDATE=2023-12 ,old value:unknown
07-13 10:16:02.757 14782 14782 E ActivityThread: --> reReadBuildProperty, android.os.Build.BluetoothVersion=BT5.1 ,old value:unknown
07-13 10:16:02.758 14782 14782 E ActivityThread: --> reReadBuildProperty, android.os.Build.BluetoothProductClass=rtl8761bt ,old value:unknown
07-13 10:16:02.758 14782 14782 E ActivityThread: --> reReadBuildProperty, android.os.Build.BluetoothManufacturer=Realtek ,old value:unknown
07-13 10:16:02.758 14782 14782 E ActivityThread: --> reReadBuildProperty, android.os.Build.WiFiVersion=unknown ,old value:unknown
07-13 10:16:02.759 14782 14782 E ActivityThread: --> reReadBuildProperty, android.os.Build.WiFiProductClass=unknown ,old value:unknown
07-13 10:16:02.759 14782 14782 E ActivityThread: --> reReadBuildProperty, android.os.Build.WiFiManufacturer=unknown ,old value:unknown
07-13 10:16:06.690  2091  3704 W ActivityManager: Unable to start service Intent { act=com.iflytek.vocmd.START pkg=com.android.smart.terminal.voice (has extras) } U=0: not found
07-13 10:16:07.362  2091  2091 V SettingsProvider: Notifying for 0: content://settings/secure/accessibility_enabled
07-13 10:16:10.801  2091  2367 W ActivityManager: Unable to start service Intent { act=com.iflytek.vocmd.START pkg=com.android.smart.terminal.voice (has extras) } U=0: not found
07-13 10:16:14.702  2091  2233 W ContextImpl: Calling a method in the system process without a qualified user: android.app.ContextImpl.startActivity:890 com.android.server.policy.PhoneWindowManager.interceptKeyBeforeDispatching:4278 com.android.server.wm.InputMonitor.interceptKeyBeforeDispatching:477 com.android.server.input.InputManagerService.interceptKeyBeforeDispatching:1854 <bottom of call stack>
07-13 10:16:14.702  2091  2233 W ContextImpl: Calling a method in the system process without a qualified user: android.app.ContextImpl.startActivity:902 android.app.ContextImpl.startActivity:891 com.android.server.policy.PhoneWindowManager.interceptKeyBeforeDispatching:4278 com.android.server.wm.InputMonitor.interceptKeyBeforeDispatching:477 com.android.server.input.InputManagerService.interceptKeyBeforeDispatching:1854
07-13 10:16:14.703  2091  2233 I ActivityManager: START u0 {act=android.intent.action.MAIN cat=[android.intent.category.LAUNCHER] flg=0x10000000 pkg=com.huawei.tvbox cmp=com.huawei.tvbox/com.fonsview.mangotv.MainActivity (has extras)} from uid 1000
07-13 10:16:14.805  2091  2936 D ConnectivityService: networkId null, isConnected true, isAvailable true
07-13 10:16:14.827  2091  2367 W ActivityManager: Receiver with filter android.content.IntentFilter@4827dfc already registered for pid 3313, callerPackage is com.huawei.tvbox
07-13 10:16:14.865  2091  2367 D ConnectivityService: networkId null, isConnected true, isAvailable true
07-13 10:16:14.869  2091  2367 D ConnectivityService: networkId null, isConnected true, isAvailable true
07-13 10:16:14.873  2091  2367 D AppOps  : checkOperation =:28,uid==:10006pkg==:com.huawei.tvbox
07-13 10:16:15.002  2091  2367 W ActivityManager: Unable to start service Intent { act=com.iflytek.vocmd.START pkg=com.android.smart.terminal.voice (has extras) } U=0: not found
07-13 10:16:15.334  2091  2936 D ConnectivityService: networkId null, isConnected true, isAvailable true
07-13 10:16:15.335  2091  2936 D ConnectivityService: networkId null, isConnected true, isAvailable true
07-13 10:16:15.361  2091  2367 D ConnectivityService: networkId null, isConnected true, isAvailable true
07-13 10:16:16.345  2091  2367 I chatty  : uid=1000(system) Binder:2091_4 identical 4 lines
07-13 10:16:17.936  2091  2367 D ConnectivityService: networkId null, isConnected true, isAvailable true
07-13 10:16:17.938  2091  2936 D ConnectivityService: networkId null, isConnected true, isAvailable true
07-13 10:16:17.941  2091  2367 D ConnectivityService: networkId null, isConnected true, isAvailable true
07-13 10:16:18.045  2091  2367 I chatty  : uid=1000(system) Binder:2091_4 identical 16 lines
07-13 10:16:18.052  2091  2367 D ConnectivityService: networkId null, isConnected true, isAvailable true
07-13 10:16:19.098  2091  2367 W ActivityManager: Unable to start service Intent { act=com.iflytek.vocmd.START pkg=com.android.smart.terminal.voice (has extras) } U=0: not found
07-13 10:16:20.157  2091  2233 W ContextImpl: Calling a method in the system process without a qualified user: android.app.ContextImpl.startActivity:890 com.android.server.policy.PhoneWindowManager.interceptKeyBeforeDispatching:4278 com.android.server.wm.InputMonitor.interceptKeyBeforeDispatching:477 com.android.server.input.InputManagerService.interceptKeyBeforeDispatching:1854 <bottom of call stack>
07-13 10:16:20.157  2091  2233 W ContextImpl: Calling a method in the system process without a qualified user: android.app.ContextImpl.startActivity:902 android.app.ContextImpl.startActivity:891 com.android.server.policy.PhoneWindowManager.interceptKeyBeforeDispatching:4278 com.android.server.wm.InputMonitor.interceptKeyBeforeDispatching:477 com.android.server.input.InputManagerService.interceptKeyBeforeDispatching:1854
07-13 10:16:20.159  2091  2233 I ActivityManager: START u0 {act=android.intent.action.MAIN cat=[android.intent.category.LAUNCHER] flg=0x10000000 pkg=com.huawei.tvbox cmp=com.huawei.tvbox/com.fonsview.mangotv.MainActivity (has extras)} from uid 1000
07-13 10:16:20.166  2091  2936 D ConnectivityService: networkId null, isConnected true, isAvailable true
07-13 10:16:20.180  2091  2367 W ActivityManager: Receiver with filter android.content.IntentFilter@edd1083 already registered for pid 3313, callerPackage is com.huawei.tvbox
07-13 10:16:20.193  2091  2367 D ConnectivityService: networkId null, isConnected true, isAvailable true
07-13 10:16:21.199  2091  2367 D ConnectivityService: networkId null, isConnected true, isAvailable true
07-13 10:16:23.301  2091  2367 W ActivityManager: Unable to start service Intent { act=com.iflytek.vocmd.START pkg=com.android.smart.terminal.voice (has extras) } U=0: not found
07-13 10:16:27.400  2091  2367 W ActivityManager: Unable to start service Intent { act=com.iflytek.vocmd.START pkg=com.android.smart.terminal.voice (has extras) } U=0: not found
07-13 10:16:31.481  2091  2936 W ActivityManager: Unable to start service Intent { act=com.iflytek.vocmd.START pkg=com.android.smart.terminal.voice (has extras) } U=0: not found
07-13 10:16:31.909  2091  3704 D ConnectivityService: networkId null, isConnected true, isAvailable true
07-13 10:16:32.146  2091  3704 I chatty  : uid=1000(system) Binder:2091_C identical 3 lines
07-13 10:16:32.149  2091  3704 D ConnectivityService: networkId null, isConnected true, isAvailable true
07-13 10:16:32.150  2091  2936 D AppOps  : checkOperation =:28,uid==:10006pkg==:com.huawei.tvbox
07-13 10:16:32.315  2091  2367 D ConnectivityService: networkId null, isConnected true, isAvailable true
07-13 10:16:32.562  2091  2367 D ConnectivityService: networkId null, isConnected true, isAvailable true
07-13 10:16:33.138  2091  3704 D ConnectivityService: networkId null, isConnected true, isAvailable true
07-13 10:16:35.649  2091  3704 W ActivityManager: Unable to start service Intent { act=com.iflytek.vocmd.START pkg=com.android.smart.terminal.voice (has extras) } U=0: not found
07-13 10:16:39.760  2091  2367 W ActivityManager: Unable to start service Intent { act=com.iflytek.vocmd.START pkg=com.android.smart.terminal.voice (has extras) } U=0: not found
07-13 10:16:42.230  1851  2056 E storaged: getDiskStats failed with result NOT_SUPPORTED and size 0
07-13 10:16:43.871  2091  3704 W ActivityManager: Unable to start service Intent { act=com.iflytek.vocmd.START pkg=com.android.smart.terminal.voice (has extras) } U=0: not found
07-13 10:16:46.122  2091  2138 W ActivityManager: startProcessLocked processName:android.process.media with  pid:0
07-13 10:16:46.156  2091  2144 I ActivityManager: Start proc 15088:android.process.media/u0a3 for broadcast com.android.providers.media/.MediaScannerReceiver
07-13 10:16:46.263 15088 15088 E ActivityThread: --> reReadBuildProperty, currentPackageName:com.android.providers.media values:[PRODUCTIONDATE, BluetoothVersion, BluetoothProductClass, BluetoothManufacturer, WiFiVersion, WiFiProductClass, WiFiManufacturer]
07-13 10:16:46.264 15088 15088 E ActivityThread: --> reReadBuildProperty, android.os.Build.PRODUCTIONDATE=2023-12 ,old value:unknown
07-13 10:16:46.264 15088 15088 E ActivityThread: --> reReadBuildProperty, android.os.Build.BluetoothVersion=BT5.1 ,old value:unknown
07-13 10:16:46.264 15088 15088 E ActivityThread: --> reReadBuildProperty, android.os.Build.BluetoothProductClass=rtl8761bt ,old value:unknown
07-13 10:16:46.264 15088 15088 E ActivityThread: --> reReadBuildProperty, android.os.Build.BluetoothManufacturer=Realtek ,old value:unknown
07-13 10:16:46.264 15088 15088 E ActivityThread: --> reReadBuildProperty, android.os.Build.WiFiVersion=unknown ,old value:unknown
07-13 10:16:46.264 15088 15088 E ActivityThread: --> reReadBuildProperty, android.os.Build.WiFiProductClass=unknown ,old value:unknown
07-13 10:16:46.264 15088 15088 E ActivityThread: --> reReadBuildProperty, android.os.Build.WiFiManufacturer=unknown ,old value:unknown
07-13 10:16:46.363  2091  2580 D AppOps  : checkOperation =:70,uid==:10003pkg==:com.android.providers.media
07-13 10:16:46.363  2091  2580 W ActivityManager: Background start not allowed: service Intent { cmp=com.android.providers.media/.MediaScannerService (has extras) } to com.android.providers.media/.MediaScannerService from pid=15088 uid=10003 pkg=com.android.providers.media startFg?=false
07-13 10:16:46.366  2091  2580 I ActivityManager: Killing 3174:com.android.settings/1000 (adj 906): empty for 2753s
07-13 10:16:46.367 15088 15088 E AndroidRuntime: FATAL EXCEPTION: main
07-13 10:16:46.367 15088 15088 E AndroidRuntime: Process: android.process.media, PID: 15088
07-13 10:16:46.367 15088 15088 E AndroidRuntime: java.lang.RuntimeException: Unable to start receiver com.android.providers.media.MediaScannerReceiver: java.lang.IllegalStateException: Not allowed to start service Intent { cmp=com.android.providers.media/.MediaScannerService (has extras) }: app is in background uid UidRecord{774c165 u0a3 RCVR idle change:idle|uncached procs:1 seq(0,0,0)}
07-13 10:16:46.367 15088 15088 E AndroidRuntime: 	at android.app.ActivityThread.handleReceiver(ActivityThread.java:3392)
07-13 10:16:46.367 15088 15088 E AndroidRuntime: 	at android.app.ActivityThread.access$1200(ActivityThread.java:199)
07-13 10:16:46.367 15088 15088 E AndroidRuntime: 	at android.app.ActivityThread$H.handleMessage(ActivityThread.java:1661)
07-13 10:16:46.367 15088 15088 E AndroidRuntime: 	at android.os.Handler.dispatchMessage(Handler.java:106)
07-13 10:16:46.367 15088 15088 E AndroidRuntime: 	at android.os.Looper.loop(Looper.java:193)
07-13 10:16:46.367 15088 15088 E AndroidRuntime: 	at android.app.ActivityThread.main(ActivityThread.java:6725)
07-13 10:16:46.367 15088 15088 E AndroidRuntime: 	at java.lang.reflect.Method.invoke(Native Method)
07-13 10:16:46.367 15088 15088 E AndroidRuntime: 	at com.android.internal.os.RuntimeInit$MethodAndArgsCaller.run(RuntimeInit.java:493)
07-13 10:16:46.367 15088 15088 E AndroidRuntime: 	at com.android.internal.os.ZygoteInit.main(ZygoteInit.java:1201)
07-13 10:16:46.367 15088 15088 E AndroidRuntime: Caused by: java.lang.IllegalStateException: Not allowed to start service Intent { cmp=com.android.providers.media/.MediaScannerService (has extras) }: app is in background uid UidRecord{774c165 u0a3 RCVR idle change:idle|uncached procs:1 seq(0,0,0)}
07-13 10:16:46.367 15088 15088 E AndroidRuntime: 	at android.app.ContextImpl.startServiceCommon(ContextImpl.java:1580)
07-13 10:16:46.367 15088 15088 E AndroidRuntime: 	at android.app.ContextImpl.startService(ContextImpl.java:1535)
07-13 10:16:46.367 15088 15088 E AndroidRuntime: 	at android.content.ContextWrapper.startService(ContextWrapper.java:664)
07-13 10:16:46.367 15088 15088 E AndroidRuntime: 	at android.content.ContextWrapper.startService(ContextWrapper.java:664)
07-13 10:16:46.367 15088 15088 E AndroidRuntime: 	at com.android.providers.media.MediaScannerReceiver.scanFile(MediaScannerReceiver.java:83)
07-13 10:16:46.367 15088 15088 E AndroidRuntime: 	at com.android.providers.media.MediaScannerReceiver.onReceive(MediaScannerReceiver.java:67)
07-13 10:16:46.367 15088 15088 E AndroidRuntime: 	at android.app.ActivityThread.handleReceiver(ActivityThread.java:3383)
07-13 10:16:46.367 15088 15088 E AndroidRuntime: 	... 8 more
07-13 10:16:46.408  2091  2580 I ActivityManager: Process android.process.media (pid 15088) has died: cch  CEM
07-13 10:16:47.983  2091  2580 W ActivityManager: Unable to start service Intent { act=com.iflytek.vocmd.START pkg=com.android.smart.terminal.voice (has extras) } U=0: not found
07-13 10:16:52.084  2091  2367 W ActivityManager: Unable to start service Intent { act=com.iflytek.vocmd.START pkg=com.android.smart.terminal.voice (has extras) } U=0: not found
07-13 10:16:54.472  2091  2580 D ConnectivityService: networkId null, isConnected true, isAvailable true
07-13 10:16:56.201  2091  2580 W ActivityManager: Unable to start service Intent { act=com.iflytek.vocmd.START pkg=com.android.smart.terminal.voice (has extras) } U=0: not found
07-13 10:17:00.466  2091  2367 W ActivityManager: Unable to start service Intent { act=com.iflytek.vocmd.START pkg=com.android.smart.terminal.voice (has extras) } U=0: not found
07-13 10:17:04.721  2091  2367 W ActivityManager: Unable to start service Intent { act=com.iflytek.vocmd.START pkg=com.android.smart.terminal.voice (has extras) } U=0: not found
07-13 10:17:06.556  2091  2367 W WindowManager: removeWindowToken: Attempted to remove non-existing token: android.os.Binder@265b7f7
07-13 10:17:06.562  2091  2091 V SettingsProvider: Notifying for 0: content://settings/secure/accessibility_enabled
07-13 10:17:06.677 14782 14812 E AndroidRuntime: FATAL EXCEPTION: Instr: androidx.test.runner.AndroidJUnitRunner
07-13 10:17:06.677 14782 14812 E AndroidRuntime: Process: io.appium.uiautomator2.server, PID: 14782
07-13 10:17:06.677 14782 14812 E AndroidRuntime: java.lang.IllegalStateException: UiAutomation not connected!
07-13 10:17:06.677 14782 14812 E AndroidRuntime: 	at android.app.UiAutomation.throwIfNotConnectedLocked(UiAutomation.java:1112)
07-13 10:17:06.677 14782 14812 E AndroidRuntime: 	at android.app.UiAutomation.disconnect(UiAutomation.java:286)
07-13 10:17:06.677 14782 14812 E AndroidRuntime: 	at android.app.Instrumentation.finish(Instrumentation.java:244)
07-13 10:17:06.677 14782 14812 E AndroidRuntime: 	at androidx.test.runner.MonitoringInstrumentation.finish(MonitoringInstrumentation.java:409)
07-13 10:17:06.677 14782 14812 E AndroidRuntime: 	at androidx.test.runner.AndroidJUnitRunner.onStart(AndroidJUnitRunner.java:476)
07-13 10:17:06.677 14782 14812 E AndroidRuntime: 	at android.app.Instrumentation$InstrumentationThread.run(Instrumentation.java:2145)
07-13 10:17:06.721  2091  2580 I ActivityManager: Process io.appium.uiautomator2.server (pid 14782) has died: fore FGS
07-13 10:17:06.722  2091  2580 W ActivityManager: Crash of app io.appium.uiautomator2.server running instrumentation ComponentInfo{io.appium.uiautomator2.server.test/androidx.test.runner.AndroidJUnitRunner}
07-13 10:17:06.724  2091  2138 W ActivityManager: Error shutting down UiAutomationConnection
07-13 10:17:06.724  2091  2580 I ActivityManager: Force stopping io.appium.uiautomator2.server appid=10027 user=0: finished inst
07-13 10:17:06.734  2091 15208 I ActivityManager: Failure reporting to instrumentation watcher: comp=ComponentInfo{io.appium.uiautomator2.server.test/androidx.test.runner.AndroidJUnitRunner} results=Bundle[{shortMsg=Process crashed.}]
07-13 10:17:07.086  2091  2580 I ActivityManager: Force stopping io.appium.uiautomator2.server.test appid=10023 user=0: from pid 15216
07-13 10:17:07.089  2091  2367 I ActivityManager: Force stopping io.appium.uiautomator2.server appid=10027 user=0: from pid 15215
07-13 10:17:07.272  2091  2091 V SettingsProvider: Notifying for 0: content://settings/global/hidden_api_policy_pre_p_apps
07-13 10:17:07.343  2091  2091 V SettingsProvider: Notifying for 0: content://settings/global/hidden_api_policy_p_apps
07-13 10:17:07.416  2091  2091 V SettingsProvider: Notifying for 0: content://settings/global/hidden_api_policy
07-13 10:17:08.967  2091  2580 W ActivityManager: Unable to start service Intent { act=com.iflytek.vocmd.START pkg=com.android.smart.terminal.voice (has extras) } U=0: not found
07-13 10:17:13.208  2091  2367 W ActivityManager: Unable to start service Intent { act=com.iflytek.vocmd.START pkg=com.android.smart.terminal.voice (has extras) } U=0: not found
07-13 10:17:17.395  2091  2580 W ActivityManager: Unable to start service Intent { act=com.iflytek.vocmd.START pkg=com.android.smart.terminal.voice (has extras) } U=0: not found
07-13 10:17:21.595  2091  2580 W ActivityManager: Unable to start service Intent { act=com.iflytek.vocmd.START pkg=com.android.smart.terminal.voice (has extras) } U=0: not found
07-13 10:17:25.833  2091  2367 W ActivityManager: Unable to start service Intent { act=com.iflytek.vocmd.START pkg=com.android.smart.terminal.voice (has extras) } U=0: not found
07-13 10:17:30.000  2091  2580 W ActivityManager: Unable to start service Intent { act=com.iflytek.vocmd.START pkg=com.android.smart.terminal.voice (has extras) } U=0: not found
07-13 10:17:32.833  2091  2580 D ConnectivityService: networkId null, isConnected true, isAvailable true
07-13 10:17:32.909  2091  2580 I chatty  : uid=1000(system) Binder:2091_6 identical 8 lines
07-13 10:17:32.947  2091  2580 D ConnectivityService: networkId null, isConnected true, isAvailable true
07-13 10:17:34.235  2091  2367 W ActivityManager: Unable to start service Intent { act=com.iflytek.vocmd.START pkg=com.android.smart.terminal.voice (has extras) } U=0: not found
07-13 10:17:38.480  2091  2367 W ActivityManager: Unable to start service Intent { act=com.iflytek.vocmd.START pkg=com.android.smart.terminal.voice (has extras) } U=0: not found
07-13 10:17:42.237  1851  2056 E storaged: getDiskStats failed with result NOT_SUPPORTED and size 0
07-13 10:17:42.655  2091  2367 W ActivityManager: Unable to start service Intent { act=com.iflytek.vocmd.START pkg=com.android.smart.terminal.voice (has extras) } U=0: not found
07-13 10:17:46.844  2091  2580 W ActivityManager: Unable to start service Intent { act=com.iflytek.vocmd.START pkg=com.android.smart.terminal.voice (has extras) } U=0: not found
07-13 10:17:51.096  2091  2580 W ActivityManager: Unable to start service Intent { act=com.iflytek.vocmd.START pkg=com.android.smart.terminal.voice (has extras) } U=0: not found
07-13 10:17:55.336  2091  2367 W ActivityManager: Unable to start service Intent { act=com.iflytek.vocmd.START pkg=com.android.smart.terminal.voice (has extras) } U=0: not found
07-13 10:17:57.774  2091  2091 V SettingsProvider: Notifying for 0: content://settings/global/hidden_api_policy_pre_p_apps
07-13 10:17:57.880  2091  2091 V SettingsProvider: Notifying for 0: content://settings/global/hidden_api_policy_p_apps
07-13 10:17:57.961  2091  2091 V SettingsProvider: Notifying for 0: content://settings/global/hidden_api_policy
07-13 10:17:59.112  2091  2212 D PackageManager: apkControlMode = noneapkPath = /data/app/vmdl1362809959.tmp
07-13 10:17:59.239  2091  2182 D PackageManager: apkControlMode = none
07-13 10:17:59.245  2091  2182 W PackageManager: No IntentFilter verification will not be done as there is no IntentFilterVerifier available!
07-13 10:17:59.245  2091  2138 I ActivityManager: Force stopping io.appium.settings appid=10022 user=-1: installPackageLI
07-13 10:17:59.246  2091  2138 I ActivityManager: Killing 14634:io.appium.settings/u0a22 (adj 200): stop io.appium.settings
07-13 10:17:59.247  2091  2138 W ActivityManager: Scheduling restart of crashed service io.appium.settings/.ForegroundService in 1000ms
07-13 10:17:59.255  2091  2138 I ActivityManager:   Force stopping service ServiceRecord{21443f u0 io.appium.settings/.ForegroundService}
07-13 10:17:59.277  2091  2165 W ActivityManager: setHasOverlayUi called on unknown pid: 14634
07-13 10:17:59.333  2091  2182 I PackageManager: Update package io.appium.settings code path from /data/app/io.appium.settings-jFvSMUfy4eHOL9dc38vx7A== to /data/app/io.appium.settings-58wfYi6FXLO_AZcHqa4GhQ==; Retain data and using new
07-13 10:17:59.333  2091  2182 I PackageManager: Update package io.appium.settings resource path from /data/app/io.appium.settings-jFvSMUfy4eHOL9dc38vx7A== to /data/app/io.appium.settings-58wfYi6FXLO_AZcHqa4GhQ==; Retain data and using new
07-13 10:17:59.436  2091 15463 W ActivityManager: Unable to start service Intent { act=com.iflytek.vocmd.START pkg=com.android.smart.terminal.voice (has extras) } U=0: not found
07-13 10:17:59.442  2091  2182 D PackageManager: Instant App installer not found with android.intent.action.INSTALL_INSTANT_APP_PACKAGE_TEST
07-13 10:17:59.442  2091  2182 D PackageManager: Instant App installer not found with android.intent.action.INSTALL_INSTANT_APP_PACKAGE
07-13 10:17:59.442  2091  2182 D PackageManager: Clear ephemeral installer activity
07-13 10:17:59.634  2091  2182 I ActivityManager: Force stopping io.appium.settings appid=10022 user=0: pkg removed
07-13 10:17:59.780  2091 15463 D ActivityManager: com.yd.appstore.ott return ActivityManager.APP_START_MODE_NORMAL
07-13 10:17:59.957  2091  2136 W TextServicesManagerService: no available spell checker services found
07-13 10:17:59.999  2091  2136 W VoiceInteractionManagerService: no available voice recognition services found for user 0
07-13 10:18:00.163  2091  2367 D ActivityManager: com.yd.appstore.ott return ActivityManager.APP_START_MODE_NORMAL
07-13 10:18:00.317  2091 15463 I ActivityManager: START u0 {act=android.intent.action.MAIN cat=[android.intent.category.LAUNCHER] flg=0x10000000 cmp=io.appium.settings/.Settings} from uid 0
07-13 10:18:00.338  2091 15463 D ActivityManager: startActivityLocked packageName : io.appium.settings,classnameio.appium.settings.Settings
07-13 10:18:00.412  2091 15463 D ConnectivityService: networkId null, isConnected true, isAvailable true
07-13 10:18:00.467  2091 15463 I chatty  : uid=1000(system) Binder:2091_F identical 6 lines
07-13 10:18:00.468  2091 15463 D ConnectivityService: networkId null, isConnected true, isAvailable true
07-13 10:18:00.499  2091  2367 D ConnectivityService: networkId null, isConnected true, isAvailable true
07-13 10:18:00.503  2091 15463 W ActivityManager: startProcessLocked processName:io.appium.settings with  pid:0
07-13 10:18:00.562  2091  2144 W ActivityManager: Slow operation: 59ms so far, now at startProcess: returned from zygote!
07-13 10:18:00.562  2091  2144 W ActivityManager: Slow operation: 60ms so far, now at startProcess: done updating battery stats
07-13 10:18:00.562  2091  2144 W ActivityManager: Slow operation: 60ms so far, now at startProcess: building log message
07-13 10:18:00.562  2091  2144 I ActivityManager: Start proc 15501:io.appium.settings/u0a22 for activity io.appium.settings/.Settings
07-13 10:18:00.562  2091  2144 W ActivityManager: Slow operation: 60ms so far, now at startProcess: starting to update pids map
07-13 10:18:00.563  2091  2144 W ActivityManager: Slow operation: 60ms so far, now at startProcess: done updating pids map
07-13 10:18:00.575  2091 15463 D ConnectivityService: networkId null, isConnected true, isAvailable true
07-13 10:18:00.613  2091 15463 D ConnectivityService: networkId null, isConnected true, isAvailable true
07-13 10:18:00.693  2091 15463 W ActivityManager: realStartActivityLocked  processName=io.appium.settings has been set ActivityRecord=ActivityRecord{40317ee u0 io.appium.settings/.Settings t16}
07-13 10:18:00.780 15501 15501 E ActivityThread: --> reReadBuildProperty, currentPackageName:io.appium.settings values:[PRODUCTIONDATE, BluetoothVersion, BluetoothProductClass, BluetoothManufacturer, WiFiVersion, WiFiProductClass, WiFiManufacturer]
07-13 10:18:00.780 15501 15501 E ActivityThread: --> reReadBuildProperty, android.os.Build.PRODUCTIONDATE=2023-12 ,old value:unknown
07-13 10:18:00.781 15501 15501 E ActivityThread: --> reReadBuildProperty, android.os.Build.BluetoothVersion=BT5.1 ,old value:unknown
07-13 10:18:00.781 15501 15501 E ActivityThread: --> reReadBuildProperty, android.os.Build.BluetoothProductClass=rtl8761bt ,old value:unknown
07-13 10:18:00.781 15501 15501 E ActivityThread: --> reReadBuildProperty, android.os.Build.BluetoothManufacturer=Realtek ,old value:unknown
07-13 10:18:00.782 15501 15501 E ActivityThread: --> reReadBuildProperty, android.os.Build.WiFiVersion=unknown ,old value:unknown
07-13 10:18:00.782 15501 15501 E ActivityThread: --> reReadBuildProperty, android.os.Build.WiFiProductClass=unknown ,old value:unknown
07-13 10:18:00.782 15501 15501 E ActivityThread: --> reReadBuildProperty, android.os.Build.WiFiManufacturer=unknown ,old value:unknown
07-13 10:18:01.745  2091 15463 D AppOps  : checkOperation =:76,uid==:10022pkg==:io.appium.settings
07-13 10:18:01.808  2091 15463 E WindowManager: App trying to use insecure INPUT_FEATURE_NO_INPUT_CHANNEL flag. Ignoring
07-13 10:18:01.909  2091 15463 D AppOps  : checkOperation =:76,uid==:10022pkg==:io.appium.settings
07-13 10:18:01.910  2091 15463 D AppOps  : checkOperation =:70,uid==:10022pkg==:io.appium.settings
07-13 10:18:02.187  2091 15463 W ActivityManager: Receiver with filter android.content.IntentFilter@5e8eb37 already registered for pid 3313, callerPackage is com.huawei.tvbox
07-13 10:18:02.197  2091  2367 D ConnectivityService: networkId null, isConnected true, isAvailable true
07-13 10:18:02.232  2091 15463 D ConnectivityService: networkId null, isConnected true, isAvailable true
07-13 10:18:02.235  2091  2367 D ConnectivityService: networkId null, isConnected true, isAvailable true
07-13 10:18:02.235  2091 14609 D AppOps  : checkOperation =:28,uid==:10006pkg==:com.huawei.tvbox
07-13 10:18:02.599  2091 15463 D ConnectivityService: networkId null, isConnected true, isAvailable true
07-13 10:18:03.217  2091  2367 D ConnectivityService: networkId null, isConnected true, isAvailable true
07-13 10:18:03.641  2091  2367 W ActivityManager: Unable to start service Intent { act=com.iflytek.vocmd.START pkg=com.android.smart.terminal.voice (has extras) } U=0: not found
07-13 10:18:03.859  2091 14609 I ActivityManager: Force stopping io.appium.uiautomator2.server appid=10027 user=0: from pid 15610
07-13 10:18:03.902  2091 14609 I ActivityManager: Force stopping io.appium.uiautomator2.server.test appid=10023 user=0: from pid 15611
07-13 10:18:05.266  2091 14609 I ActivityManager: Force stopping io.appium.uiautomator2.server appid=10027 user=0: start instr
07-13 10:18:05.271  2091 14609 W ActivityManager: startProcessLocked processName:io.appium.uiautomator2.server with  pid:0
07-13 10:18:05.301  2091  2144 I ActivityManager: Start proc 15628:io.appium.uiautomator2.server/u0a27 for added application io.appium.uiautomator2.server
07-13 10:18:05.566 15628 15628 E ActivityThread: --> reReadBuildProperty, currentPackageName:io.appium.uiautomator2.server values:[PRODUCTIONDATE, BluetoothVersion, BluetoothProductClass, BluetoothManufacturer, WiFiVersion, WiFiProductClass, WiFiManufacturer]
07-13 10:18:05.566 15628 15628 E ActivityThread: --> reReadBuildProperty, android.os.Build.PRODUCTIONDATE=2023-12 ,old value:unknown
07-13 10:18:05.567 15628 15628 E ActivityThread: --> reReadBuildProperty, android.os.Build.BluetoothVersion=BT5.1 ,old value:unknown
07-13 10:18:05.568 15628 15628 E ActivityThread: --> reReadBuildProperty, android.os.Build.BluetoothProductClass=rtl8761bt ,old value:unknown
07-13 10:18:05.569 15628 15628 E ActivityThread: --> reReadBuildProperty, android.os.Build.BluetoothManufacturer=Realtek ,old value:unknown
07-13 10:18:05.570 15628 15628 E ActivityThread: --> reReadBuildProperty, android.os.Build.WiFiVersion=unknown ,old value:unknown
07-13 10:18:05.571 15628 15628 E ActivityThread: --> reReadBuildProperty, android.os.Build.WiFiProductClass=unknown ,old value:unknown
07-13 10:18:05.573 15628 15628 E ActivityThread: --> reReadBuildProperty, android.os.Build.WiFiManufacturer=unknown ,old value:unknown
