07-13 09:40:41.972  2091  2233 W ContextImpl: Calling a method in the system process without a qualified user: android.app.ContextImpl.startActivity:890 com.android.server.policy.PhoneWindowManager.interceptKeyBeforeDispatching:4278 com.android.server.wm.InputMonitor.interceptKeyBeforeDispatching:477 com.android.server.input.InputManagerService.interceptKeyBeforeDispatching:1854 <bottom of call stack>
07-13 09:40:41.972  2091  2233 W ContextImpl: Calling a method in the system process without a qualified user: android.app.ContextImpl.startActivity:902 android.app.ContextImpl.startActivity:891 com.android.server.policy.PhoneWindowManager.interceptKeyBeforeDispatching:4278 com.android.server.wm.InputMonitor.interceptKeyBeforeDispatching:477 com.android.server.input.InputManagerService.interceptKeyBeforeDispatching:1854
07-13 09:40:41.977  2091  2233 I ActivityManager: START u0 {act=android.intent.action.MAIN cat=[android.intent.category.LAUNCHER] flg=0x10000000 pkg=com.huawei.tvbox cmp=com.huawei.tvbox/com.fonsview.mangotv.MainActivity (has extras)} from uid 1000
07-13 09:40:41.984  2091  3246 D ConnectivityService: networkId null, isConnected true, isAvailable true
07-13 09:40:41.998  2091  3246 W ActivityManager: Receiver with filter android.content.IntentFilter@5011131 already registered for pid 3313, callerPackage is com.huawei.tvbox
07-13 09:40:42.001  2091  3246 D ConnectivityService: networkId null, isConnected true, isAvailable true
07-13 09:40:42.175  1851  2056 E storaged: getDiskStats failed with result NOT_SUPPORTED and size 0
07-13 09:40:43.016  2091  3246 D ConnectivityService: networkId null, isConnected true, isAvailable true
07-13 09:40:52.346  2091  2463 W ActivityManager: Unable to start service Intent { act=com.iflytek.vocmd.START pkg=com.android.smart.terminal.voice (has extras) } U=0: not found
07-13 09:40:55.125  2091  3678 D ConnectivityService: networkId null, isConnected true, isAvailable true
07-13 09:40:55.377  2091  3678 I chatty  : uid=1000(system) Binder:2091_B identical 3 lines
07-13 09:40:55.382  2091  3678 D ConnectivityService: networkId null, isConnected true, isAvailable true
07-13 09:40:55.382  2091  2463 D AppOps  : checkOperation =:28,uid==:10006pkg==:com.huawei.tvbox
07-13 09:40:55.555  2091  3678 D ConnectivityService: networkId null, isConnected true, isAvailable true
07-13 09:40:55.724  2091  2463 D ConnectivityService: networkId null, isConnected true, isAvailable true
07-13 09:40:56.343  2091  2319 D ConnectivityService: networkId null, isConnected true, isAvailable true
07-13 09:40:56.506  2091  3678 W ActivityManager: Unable to start service Intent { act=com.iflytek.vocmd.START pkg=com.android.smart.terminal.voice (has extras) } U=0: not found
07-13 09:40:57.669  2091  2319 D ConnectivityService: networkId null, isConnected true, isAvailable true
07-13 09:41:00.628  2091  3678 W ActivityManager: Unable to start service Intent { act=com.iflytek.vocmd.START pkg=com.android.smart.terminal.voice (has extras) } U=0: not found
07-13 09:41:04.758  2091  2319 W ActivityManager: Unable to start service Intent { act=com.iflytek.vocmd.START pkg=com.android.smart.terminal.voice (has extras) } U=0: not found
07-13 09:41:08.979  2091  3678 W ActivityManager: Unable to start service Intent { act=com.iflytek.vocmd.START pkg=com.android.smart.terminal.voice (has extras) } U=0: not found
07-13 09:41:12.817  2091  2138 W ActivityManager: startProcessLocked processName:android.process.media with  pid:0
07-13 09:41:12.843  2091  2144 I ActivityManager: Start proc 6394:android.process.media/u0a3 for broadcast com.android.providers.media/.MediaScannerReceiver
07-13 09:41:12.898  6394  6394 E ActivityThread: --> reReadBuildProperty, currentPackageName:com.android.providers.media values:[PRODUCTIONDATE, BluetoothVersion, BluetoothProductClass, BluetoothManufacturer, WiFiVersion, WiFiProductClass, WiFiManufacturer]
07-13 09:41:12.898  6394  6394 E ActivityThread: --> reReadBuildProperty, android.os.Build.PRODUCTIONDATE=2023-12 ,old value:unknown
07-13 09:41:12.898  6394  6394 E ActivityThread: --> reReadBuildProperty, android.os.Build.BluetoothVersion=BT5.1 ,old value:unknown
07-13 09:41:12.899  6394  6394 E ActivityThread: --> reReadBuildProperty, android.os.Build.BluetoothProductClass=rtl8761bt ,old value:unknown
07-13 09:41:12.899  6394  6394 E ActivityThread: --> reReadBuildProperty, android.os.Build.BluetoothManufacturer=Realtek ,old value:unknown
07-13 09:41:12.899  6394  6394 E ActivityThread: --> reReadBuildProperty, android.os.Build.WiFiVersion=unknown ,old value:unknown
07-13 09:41:12.900  6394  6394 E ActivityThread: --> reReadBuildProperty, android.os.Build.WiFiProductClass=unknown ,old value:unknown
07-13 09:41:12.900  6394  6394 E ActivityThread: --> reReadBuildProperty, android.os.Build.WiFiManufacturer=unknown ,old value:unknown
07-13 09:41:12.996  2091  2319 D AppOps  : checkOperation =:70,uid==:10003pkg==:com.android.providers.media
07-13 09:41:12.996  2091  2319 W ActivityManager: Background start not allowed: service Intent { cmp=com.android.providers.media/.MediaScannerService (has extras) } to com.android.providers.media/.MediaScannerService from pid=6394 uid=10003 pkg=com.android.providers.media startFg?=false
07-13 09:41:13.002  6394  6394 E AndroidRuntime: FATAL EXCEPTION: main
07-13 09:41:13.002  6394  6394 E AndroidRuntime: Process: android.process.media, PID: 6394
07-13 09:41:13.002  6394  6394 E AndroidRuntime: java.lang.RuntimeException: Unable to start receiver com.android.providers.media.MediaScannerReceiver: java.lang.IllegalStateException: Not allowed to start service Intent { cmp=com.android.providers.media/.MediaScannerService (has extras) }: app is in background uid UidRecord{5153b95 u0a3 RCVR idle change:idle|uncached procs:1 seq(0,0,0)}
07-13 09:41:13.002  6394  6394 E AndroidRuntime: 	at android.app.ActivityThread.handleReceiver(ActivityThread.java:3392)
07-13 09:41:13.002  6394  6394 E AndroidRuntime: 	at android.app.ActivityThread.access$1200(ActivityThread.java:199)
07-13 09:41:13.002  6394  6394 E AndroidRuntime: 	at android.app.ActivityThread$H.handleMessage(ActivityThread.java:1661)
07-13 09:41:13.002  6394  6394 E AndroidRuntime: 	at android.os.Handler.dispatchMessage(Handler.java:106)
07-13 09:41:13.002  6394  6394 E AndroidRuntime: 	at android.os.Looper.loop(Looper.java:193)
07-13 09:41:13.002  6394  6394 E AndroidRuntime: 	at android.app.ActivityThread.main(ActivityThread.java:6725)
07-13 09:41:13.002  6394  6394 E AndroidRuntime: 	at java.lang.reflect.Method.invoke(Native Method)
07-13 09:41:13.002  6394  6394 E AndroidRuntime: 	at com.android.internal.os.RuntimeInit$MethodAndArgsCaller.run(RuntimeInit.java:493)
07-13 09:41:13.002  6394  6394 E AndroidRuntime: 	at com.android.internal.os.ZygoteInit.main(ZygoteInit.java:1201)
07-13 09:41:13.002  6394  6394 E AndroidRuntime: Caused by: java.lang.IllegalStateException: Not allowed to start service Intent { cmp=com.android.providers.media/.MediaScannerService (has extras) }: app is in background uid UidRecord{5153b95 u0a3 RCVR idle change:idle|uncached procs:1 seq(0,0,0)}
07-13 09:41:13.002  6394  6394 E AndroidRuntime: 	at android.app.ContextImpl.startServiceCommon(ContextImpl.java:1580)
07-13 09:41:13.002  6394  6394 E AndroidRuntime: 	at android.app.ContextImpl.startService(ContextImpl.java:1535)
07-13 09:41:13.002  6394  6394 E AndroidRuntime: 	at android.content.ContextWrapper.startService(ContextWrapper.java:664)
07-13 09:41:13.002  6394  6394 E AndroidRuntime: 	at android.content.ContextWrapper.startService(ContextWrapper.java:664)
07-13 09:41:13.002  6394  6394 E AndroidRuntime: 	at com.android.providers.media.MediaScannerReceiver.scanFile(MediaScannerReceiver.java:83)
07-13 09:41:13.002  6394  6394 E AndroidRuntime: 	at com.android.providers.media.MediaScannerReceiver.onReceive(MediaScannerReceiver.java:67)
07-13 09:41:13.002  6394  6394 E AndroidRuntime: 	at android.app.ActivityThread.handleReceiver(ActivityThread.java:3383)
07-13 09:41:13.002  6394  6394 E AndroidRuntime: 	... 8 more
07-13 09:41:13.048  2091  3678 I ActivityManager: Process android.process.media (pid 6394) has died: cch  CEM
07-13 09:41:13.097  2091  3678 W ActivityManager: Unable to start service Intent { act=com.iflytek.vocmd.START pkg=com.android.smart.terminal.voice (has extras) } U=0: not found
07-13 09:41:17.276  2091  3678 W ActivityManager: Unable to start service Intent { act=com.iflytek.vocmd.START pkg=com.android.smart.terminal.voice (has extras) } U=0: not found
07-13 09:41:21.374  2091  2319 W ActivityManager: Unable to start service Intent { act=com.iflytek.vocmd.START pkg=com.android.smart.terminal.voice (has extras) } U=0: not found
07-13 09:41:25.595  2091  3678 W ActivityManager: Unable to start service Intent { act=com.iflytek.vocmd.START pkg=com.android.smart.terminal.voice (has extras) } U=0: not found
07-13 09:41:29.744  2091  3678 W ActivityManager: Unable to start service Intent { act=com.iflytek.vocmd.START pkg=com.android.smart.terminal.voice (has extras) } U=0: not found
07-13 09:41:34.005  2091  2319 W ActivityManager: Unable to start service Intent { act=com.iflytek.vocmd.START pkg=com.android.smart.terminal.voice (has extras) } U=0: not found
07-13 09:41:38.155  2091  3678 W ActivityManager: Unable to start service Intent { act=com.iflytek.vocmd.START pkg=com.android.smart.terminal.voice (has extras) } U=0: not found
07-13 09:41:42.176  1851  2056 E storaged: getDiskStats failed with result NOT_SUPPORTED and size 0
07-13 09:41:42.327  2091  3678 W ActivityManager: Unable to start service Intent { act=com.iflytek.vocmd.START pkg=com.android.smart.terminal.voice (has extras) } U=0: not found
07-13 09:41:46.574  2091  2319 W ActivityManager: Unable to start service Intent { act=com.iflytek.vocmd.START pkg=com.android.smart.terminal.voice (has extras) } U=0: not found
07-13 09:41:50.774  2091  2319 W ActivityManager: Unable to start service Intent { act=com.iflytek.vocmd.START pkg=com.android.smart.terminal.voice (has extras) } U=0: not found
07-13 09:41:51.826  2091  2319 W WindowManager: removeWindowToken: Attempted to remove non-existing token: android.os.Binder@aff1de
07-13 09:41:51.837  2091  2091 V SettingsProvider: Notifying for 0: content://settings/secure/accessibility_enabled
07-13 09:41:51.950  6071  6102 E AndroidRuntime: FATAL EXCEPTION: Instr: androidx.test.runner.AndroidJUnitRunner
